 zlib1

 Timestamp is 561c9eb5 (Tue Oct 13 09:03:33 2015)

 Preferred load address is 0000000180000000

 Start         Length     Name                   Class
 0001:00000000 0002b402H .text$mn                CODE
 0001:0002b410 00001016H .text$mn$00             CODE
 0001:0002c430 00001100H .text$x                 CODE
 0002:00000000 00000109H .CRT$XCA                DATA
 0002:00000110 00000109H .CRT$XCZ                DATA
 0002:00000220 00000109H .CRT$XIA                DATA
 0002:00000330 00000109H .CRT$XIZ                DATA
 0002:00000440 00000109H .CRT$XPA                DATA
 0002:00000550 00000109H .CRT$XPZ                DATA
 0002:00000660 00000109H .CRT$XTA                DATA
 0002:00000770 00000109H .CRT$XTZ                DATA
 0002:00000880 00004daeH .rdata                  DATA
 0002:00005630 000001a3H .rdata$zzzdbg           DATA
 0002:000057d8 00000109H .rtc$IAA                DATA
 0002:000058e8 00000109H .rtc$IZZ                DATA
 0002:000059f8 00000109H .rtc$TAA                DATA
 0002:00005b08 00000109H .rtc$TZZ                DATA
 0002:00005c18 00000db1H .xdata                  DATA
 0002:000069d0 00000fb4H .edata                  DATA
 0003:00000000 000009a4H .data                   DATA
 0003:000009b0 00000751H .bss                    DATA
 0004:00000000 000010f8H .pdata                  DATA
 0005:00000000 00000388H .idata$5                DATA
 0005:00000388 0000003cH .idata$2                DATA
 0005:000003c4 00000014H .idata$3                DATA
 0005:000003d8 00000388H .idata$4                DATA
 0005:00000760 0000061dH .idata$6                DATA
 0006:00000000 0000011bH .00cfg                  DATA
 0007:00000000 00000169H .rsrc$01                DATA
 0007:00000170 000004dcH .rsrc$02                DATA

  Address         Publics by Value              Rva+Base               Lib:Object

 0000:00000000       __guard_fids_table         0000000000000000     <absolute>
 0000:00000000       __guard_fids_count         0000000000000000     <absolute>
 0000:00000000       ___safe_se_handler_count   0000000000000000     <absolute>
 0000:00000000       ___safe_se_handler_table   0000000000000000     <absolute>
 0000:00000100       __guard_flags              0000000000000100     <absolute>
 0000:00000000       __ImageBase                0000000180000000     <linker-defined>
 0001:000009a0       adler32                    00000001800019a0 f   adler32.obj
 0001:00001190       adler32_combine            0000000180002190 f   adler32.obj
 0001:00001300       adler32_combine64          0000000180002300 f   adler32.obj
 0001:00001590       compress                   0000000180002590 f   compress.obj
 0001:000015e0       compress2                  00000001800025e0 f   compress.obj
 0001:00001710       compressBound              0000000180002710 f   compress.obj
 0001:000017b0       crc32                      00000001800027b0 f   crc32.obj
 0001:00001b20       crc32_combine              0000000180002b20 f   crc32.obj
 0001:00001b60       get_crc_table              0000000180002b60 f   crc32.obj
 0001:00002e10       crc32_combine64            0000000180003e10 f   crc32.obj
 0001:000033e0       deflate                    00000001800043e0 f   deflate.obj
 0001:000047d0       deflateEnd                 00000001800057d0 f   deflate.obj
 0001:00004950       deflateSetDictionary       0000000180005950 f   deflate.obj
 0001:00004cd0       deflateCopy                0000000180005cd0 f   deflate.obj
 0001:00004fe0       deflateReset               0000000180005fe0 f   deflate.obj
 0001:00005020       deflateParams              0000000180006020 f   deflate.obj
 0001:000051f0       deflateTune                00000001800061f0 f   deflate.obj
 0001:00005280       deflateBound               0000000180006280 f   deflate.obj
 0001:00005480       deflatePending             0000000180006480 f   deflate.obj
 0001:000054f0       deflatePrime               00000001800064f0 f   deflate.obj
 0001:00005630       deflateSetHeader           0000000180006630 f   deflate.obj
 0001:00005690       deflateInit_               0000000180006690 f   deflate.obj
 0001:000056f0       deflateInit2_              00000001800066f0 f   deflate.obj
 0001:00005b60       deflateResetKeep           0000000180006b60 f   deflate.obj
 0001:0000a970       gzclose                    000000018000b970 f   gzclose.obj
 0001:0000a9e0       gzdopen                    000000018000b9e0 f   gzlib.obj
 0001:0000aa60       gzbuffer                   000000018000ba60 f   gzlib.obj
 0001:0000aae0       gzrewind                   000000018000bae0 f   gzlib.obj
 0001:0000ab70       gzeof                      000000018000bb70 f   gzlib.obj
 0001:0000abe0       gzerror                    000000018000bbe0 f   gzlib.obj
 0001:0000aca0       gzclearerr                 000000018000bca0 f   gzlib.obj
 0001:0000ad20       gzopen                     000000018000bd20 f   gzlib.obj
 0001:0000ad50       gzseek                     000000018000bd50 f   gzlib.obj
 0001:0000adb0       gztell                     000000018000bdb0 f   gzlib.obj
 0001:0000ae00       gzoffset                   000000018000be00 f   gzlib.obj
 0001:0000ae50       gzopen_w                   000000018000be50 f   gzlib.obj
 0001:0000ae80       gzopen64                   000000018000be80 f   gzlib.obj
 0001:0000aeb0       gzseek64                   000000018000beb0 f   gzlib.obj
 0001:0000b1c0       gztell64                   000000018000c1c0 f   gzlib.obj
 0001:0000b240       gzoffset64                 000000018000c240 f   gzlib.obj
 0001:0000b300       gz_error                   000000018000c300 f   gzlib.obj
 0001:0000bdc0       __local_stdio_printf_options 000000018000cdc0 f i gzlib.obj
 0001:0000bdd0       _snprintf                  000000018000cdd0 f i gzlib.obj
 0001:0000be40       _vsnprintf                 000000018000ce40 f i gzlib.obj
 0001:0000be90       _vsnprintf_l               000000018000ce90 f i gzlib.obj
 0001:0000bf30       gzread                     000000018000cf30 f   gzread.obj
 0001:0000c1e0       gzgets                     000000018000d1e0 f   gzread.obj
 0001:0000c410       gzgetc                     000000018000d410 f   gzread.obj
 0001:0000c510       gzungetc                   000000018000d510 f   gzread.obj
 0001:0000c760       gzdirect                   000000018000d760 f   gzread.obj
 0001:0000c7c0       gzclose_r                  000000018000d7c0 f   gzread.obj
 0001:0000c8c0       gzgetc_                    000000018000d8c0 f   gzread.obj
 0001:0000d630       gzsetparams                000000018000e630 f   gzwrite.obj
 0001:0000d760       gzwrite                    000000018000e760 f   gzwrite.obj
 0001:0000d9d0       gzprintf                   000000018000e9d0 f   gzwrite.obj
 0001:0000da30       gzputs                     000000018000ea30 f   gzwrite.obj
 0001:0000daa0       gzputc                     000000018000eaa0 f   gzwrite.obj
 0001:0000dc20       gzflush                    000000018000ec20 f   gzwrite.obj
 0001:0000dce0       gzclose_w                  000000018000ece0 f   gzwrite.obj
 0001:0000de20       gzvprintf                  000000018000ee20 f   gzwrite.obj
 0001:0000e870       vsnprintf                  000000018000f870 f i gzwrite.obj
 0001:0000e910       inflateBack                000000018000f910 f   infback.obj
 0001:00010520       inflateBackEnd             0000000180011520 f   infback.obj
 0001:00010590       inflateBackInit_           0000000180011590 f   infback.obj
 0001:00010ee0       inflate_fast               0000000180011ee0 f   inffast.obj
 0001:00011d30       inflate                    0000000180012d30 f   inflate.obj
 0001:00014a40       inflateEnd                 0000000180015a40 f   inflate.obj
 0001:00014ae0       inflateSetDictionary       0000000180015ae0 f   inflate.obj
 0001:00014be0       inflateGetDictionary       0000000180015be0 f   inflate.obj
 0001:00014cd0       inflateSync                0000000180015cd0 f   inflate.obj
 0001:00014ed0       inflateCopy                0000000180015ed0 f   inflate.obj
 0001:00015140       inflateReset               0000000180016140 f   inflate.obj
 0001:000151b0       inflateReset2              00000001800161b0 f   inflate.obj
 0001:000152b0       inflatePrime               00000001800162b0 f   inflate.obj
 0001:000153a0       inflateMark                00000001800163a0 f   inflate.obj
 0001:00015440       inflateGetHeader           0000000180016440 f   inflate.obj
 0001:000154c0       inflateInit_               00000001800164c0 f   inflate.obj
 0001:00015500       inflateInit2_              0000000180016500 f   inflate.obj
 0001:00015660       inflateSyncPoint           0000000180016660 f   inflate.obj
 0001:000156d0       inflateUndermine           00000001800166d0 f   inflate.obj
 0001:00015750       inflateResetKeep           0000000180016750 f   inflate.obj
 0001:00016b80       inflate_table              0000000180017b80 f   inftrees.obj
 0001:00017570       fill_fopen64_filefunc      0000000180018570 f   ioapi.obj
 0001:00017600       fill_fopen_filefunc        0000000180018600 f   ioapi.obj
 0001:00017690       call_zopen64               0000000180018690 f   ioapi.obj
 0001:00017700       call_zseek64               0000000180018700 f   ioapi.obj
 0001:00017790       call_ztell64               0000000180018790 f   ioapi.obj
 0001:00017800       fill_zlib_filefunc64_32_def_from_filefunc32 0000000180018800 f   ioapi.obj
 0001:00017eb0       fill_win32_filefunc        0000000180018eb0 f   iowin32.obj
 0001:00017f40       fill_win32_filefunc64      0000000180018f40 f   iowin32.obj
 0001:00017fd0       fill_win32_filefunc64A     0000000180018fd0 f   iowin32.obj
 0001:00018060       fill_win32_filefunc64W     0000000180019060 f   iowin32.obj
 0001:000180f0       win32_open_file_func       00000001800190f0 f   iowin32.obj
 0001:000181c0       win32_read_file_func       00000001800191c0 f   iowin32.obj
 0001:00018270       win32_write_file_func      0000000180019270 f   iowin32.obj
 0001:00018320       win32_tell64_file_func     0000000180019320 f   iowin32.obj
 0001:000183c0       win32_seek64_file_func     00000001800193c0 f   iowin32.obj
 0001:000184b0       win32_close_file_func      00000001800194b0 f   iowin32.obj
 0001:00018510       win32_error_file_func      0000000180019510 f   iowin32.obj
 0001:000186a0       win32_open64_file_func     00000001800196a0 f   iowin32.obj
 0001:00018770       win32_open64_file_funcA    0000000180019770 f   iowin32.obj
 0001:00018840       win32_open64_file_funcW    0000000180019840 f   iowin32.obj
 0001:00018920       win32_tell_file_func       0000000180019920 f   iowin32.obj
 0001:000189c0       win32_seek_file_func       00000001800199c0 f   iowin32.obj
 0001:00018db0       _tr_init                   0000000180019db0 f   trees.obj
 0001:00018e70       _tr_tally                  0000000180019e70 f   trees.obj
 0001:00019020       _tr_flush_block            000000018001a020 f   trees.obj
 0001:000194a0       _tr_flush_bits             000000018001a4a0 f   trees.obj
 0001:000194c0       _tr_align                  000000018001a4c0 f   trees.obj
 0001:000197d0       _tr_stored_block           000000018001a7d0 f   trees.obj
 0001:0001daf0       uncompress                 000000018001eaf0 f   uncompr.obj
 0001:0001dc60       unzStringFileNameCompare   000000018001ec60 f   unzip.obj
 0001:0001dcc0       unzOpen                    000000018001ecc0 f   unzip.obj
 0001:0001dcf0       unzOpen64                  000000018001ecf0 f   unzip.obj
 0001:0001dd20       unzOpen2                   000000018001ed20 f   unzip.obj
 0001:0001dd90       unzOpen2_64                000000018001ed90 f   unzip.obj
 0001:0001de20       unzClose                   000000018001ee20 f   unzip.obj
 0001:0001dea0       unzGetGlobalInfo           000000018001eea0 f   unzip.obj
 0001:0001def0       unzGetGlobalInfo64         000000018001eef0 f   unzip.obj
 0001:0001df40       unzGetGlobalComment        000000018001ef40 f   unzip.obj
 0001:0001e040       unzGoToFirstFile           000000018001f040 f   unzip.obj
 0001:0001e130       unzGoToNextFile            000000018001f130 f   unzip.obj
 0001:0001e290       unzLocateFile              000000018001f290 f   unzip.obj
 0001:0001e460       unzGetFilePos              000000018001f460 f   unzip.obj
 0001:0001e4b0       unzGoToFilePos             000000018001f4b0 f   unzip.obj
 0001:0001e500       unzGetFilePos64            000000018001f500 f   unzip.obj
 0001:0001e580       unzGoToFilePos64           000000018001f580 f   unzip.obj
 0001:0001e670       unzGetCurrentFileInfo64    000000018001f670 f   unzip.obj
 0001:0001e6f0       unzGetCurrentFileInfo      000000018001f6f0 f   unzip.obj
 0001:0001e8a0       unzGetCurrentFileZStreamPos64 000000018001f8a0 f   unzip.obj
 0001:0001e900       unzOpenCurrentFile         000000018001f900 f   unzip.obj
 0001:0001e930       unzOpenCurrentFilePassword 000000018001f930 f   unzip.obj
 0001:0001e970       unzOpenCurrentFile2        000000018001f970 f   unzip.obj
 0001:0001e9c0       unzOpenCurrentFile3        000000018001f9c0 f   unzip.obj
 0001:0001edd0       unzCloseCurrentFile        000000018001fdd0 f   unzip.obj
 0001:0001eee0       unzReadCurrentFile         000000018001fee0 f   unzip.obj
 0001:0001f460       unztell                    0000000180020460 f   unzip.obj
 0001:0001f4c0       unztell64                  00000001800204c0 f   unzip.obj
 0001:0001f520       unzeof                     0000000180020520 f   unzip.obj
 0001:0001f590       unzGetLocalExtrafield      0000000180020590 f   unzip.obj
 0001:0001f6d0       unzGetOffset64             00000001800206d0 f   unzip.obj
 0001:0001f750       unzGetOffset               0000000180020750 f   unzip.obj
 0001:0001f790       unzSetOffset64             0000000180020790 f   unzip.obj
 0001:0001f880       unzSetOffset               0000000180020880 f   unzip.obj
 0001:00022480       zipOpen                    0000000180023480 f   zip.obj
 0001:000224b0       zipOpen64                  00000001800234b0 f   zip.obj
 0001:000224e0       zipOpen2                   00000001800234e0 f   zip.obj
 0001:00022570       zipOpen2_64                0000000180023570 f   zip.obj
 0001:00022620       zipOpenNewFileInZip        0000000180023620 f   zip.obj
 0001:00022710       zipOpenNewFileInZip64      0000000180023710 f   zip.obj
 0001:00022800       zipOpenNewFileInZip2       0000000180023800 f   zip.obj
 0001:000228f0       zipOpenNewFileInZip2_64    00000001800238f0 f   zip.obj
 0001:000229e0       zipOpenNewFileInZip3       00000001800239e0 f   zip.obj
 0001:00022ae0       zipOpenNewFileInZip3_64    0000000180023ae0 f   zip.obj
 0001:00022be0       zipOpenNewFileInZip4       0000000180023be0 f   zip.obj
 0001:00022ce0       zipOpenNewFileInZip4_64    0000000180023ce0 f   zip.obj
 0001:00023650       zipWriteInFileInZip        0000000180024650 f   zip.obj
 0001:00023930       zipCloseFileInZip          0000000180024930 f   zip.obj
 0001:00023960       zipCloseFileInZipRaw       0000000180024960 f   zip.obj
 0001:000239a0       zipCloseFileInZipRaw64     00000001800249a0 f   zip.obj
 0001:000241a0       zipClose                   00000001800251a0 f   zip.obj
 0001:000243f0       zipRemoveExtraInfoBlock    00000001800253f0 f   zip.obj
 0001:00025830       LoadCentralDirectoryRecord 0000000180026830 f   zip.obj
 0001:00025fc0       zipOpen3                   0000000180026fc0 f   zip.obj
 0001:000261d0       Write_LocalFileHeader      00000001800271d0 f   zip.obj
 0001:00026790       Write_Zip64EndOfCentralDirectoryLocator 0000000180027790 f   zip.obj
 0001:00026880       Write_Zip64EndOfCentralDirectoryRecord 0000000180027880 f   zip.obj
 0001:00026a90       Write_EndOfCentralDirectoryRecord 0000000180027a90 f   zip.obj
 0001:00026cd0       Write_GlobalComment        0000000180027cd0 f   zip.obj
 0001:00027fc0       zlibVersion                0000000180028fc0 f   zutil.obj
 0001:00027fd0       zlibCompileFlags           0000000180028fd0 f   zutil.obj
 0001:000280f0       zError                     00000001800290f0 f   zutil.obj
 0001:00028120       zcalloc                    0000000180029120 f   zutil.obj
 0001:00028170       zcfree                     0000000180029170 f   zutil.obj
 0001:00028202       ReadFile                   0000000180029202 f   kernel32:KERNEL32.dll
 0001:00028208       SetFilePointerEx           0000000180029208 f   kernel32:KERNEL32.dll
 0001:0002820e       WriteFile                  000000018002920e f   kernel32:KERNEL32.dll
 0001:00028214       CreateFile2                0000000180029214 f   kernel32:KERNEL32.dll
 0001:0002821a       CloseHandle                000000018002921a f   kernel32:KERNEL32.dll
 0001:00028220       GetLastError               0000000180029220 f   kernel32:KERNEL32.dll
 0001:00028226       MultiByteToWideChar        0000000180029226 f   kernel32:KERNEL32.dll
 0001:00028240       _alloca_probe              0000000180029240 f   MSVCRTD:_chkstk_.obj
 0001:00028240       __chkstk                   0000000180029240 f   MSVCRTD:_chkstk_.obj
 0001:000287c0       _CRT_INIT                  00000001800297c0 f   MSVCRTD:dll_dllmain.obj
 0001:00028800       _DllMainCRTStartup         0000000180029800 f   MSVCRTD:dll_dllmain.obj
 0001:00028850       ??$__crt_fast_decode_pointer@PEAP6AXXZ@@YAPEAP6AXXZQEAP6AXXZ@Z 0000000180029850 f i MSVCRTD:utility.obj
 0001:000288a0       ??$__crt_fast_encode_pointer@PEAP6AXXZ@@YAPEAP6AXXZQEAP6AXXZ@Z 00000001800298a0 f i MSVCRTD:utility.obj
 0001:000288f0       ?__crt_rotate_pointer_value@@YA_K_KH@Z 00000001800298f0 f i MSVCRTD:utility.obj
 0001:00028ac0       NtCurrentTeb               0000000180029ac0 f i MSVCRTD:utility.obj
 0001:00028ad0       __scrt_acquire_startup_lock 0000000180029ad0 f   MSVCRTD:utility.obj
 0001:00028b50       __scrt_dllmain_after_initialize_c 0000000180029b50 f   MSVCRTD:utility.obj
 0001:00028b80       __scrt_dllmain_before_initialize_c 0000000180029b80 f   MSVCRTD:utility.obj
 0001:00028bb0       __scrt_dllmain_crt_thread_attach 0000000180029bb0 f   MSVCRTD:utility.obj
 0001:00028bf0       __scrt_dllmain_crt_thread_detach 0000000180029bf0 f   MSVCRTD:utility.obj
 0001:00028c10       __scrt_dllmain_exception_filter 0000000180029c10 f   MSVCRTD:utility.obj
 0001:00028c90       __scrt_dllmain_uninitialize_c 0000000180029c90 f   MSVCRTD:utility.obj
 0001:00028cd0       __scrt_dllmain_uninitialize_critical 0000000180029cd0 f   MSVCRTD:utility.obj
 0001:00028cf0       __scrt_initialize_crt      0000000180029cf0 f   MSVCRTD:utility.obj
 0001:00028d50       __scrt_initialize_onexit_tables 0000000180029d50 f   MSVCRTD:utility.obj
 0001:00028e90       __scrt_is_nonwritable_in_current_image 0000000180029e90 f   MSVCRTD:utility.obj
 0001:00028f40       __scrt_release_startup_lock 0000000180029f40 f   MSVCRTD:utility.obj
 0001:00028f80       __scrt_uninitialize_crt    0000000180029f80 f   MSVCRTD:utility.obj
 0001:00028fd0       _onexit                    0000000180029fd0 f   MSVCRTD:utility.obj
 0001:00029080       at_quick_exit              000000018002a080 f   MSVCRTD:utility.obj
 0001:000290f0       atexit                     000000018002a0f0 f   MSVCRTD:utility.obj
 0001:00029130       __security_init_cookie     000000018002a130 f   MSVCRTD:gs_support.obj
 0001:00029290       DllMain                    000000018002a290 f   MSVCRTD:dll_dllmain_stub.obj
 0001:000292e0       ?__scrt_initialize_type_info@@YAXXZ 000000018002a2e0 f   MSVCRTD:tncleanup.obj
 0001:00029300       ?__scrt_uninitialize_type_info@@YAXXZ 000000018002a300 f   MSVCRTD:tncleanup.obj
 0001:00029320       __local_stdio_scanf_options 000000018002a320 f i MSVCRTD:default_local_stdio_options.obj
 0001:00029330       __scrt_initialize_default_local_stdio_options 000000018002a330 f   MSVCRTD:default_local_stdio_options.obj
 0001:00029390       __scrt_get_dyn_tls_init_callback 000000018002a390 f   MSVCRTD:dyn_tls_init.obj
 0001:000293a0       __crt_debugger_hook        000000018002a3a0 f   MSVCRTD:utility_desktop.obj
 0001:000293c0       __scrt_fastfail            000000018002a3c0 f   MSVCRTD:utility_desktop.obj
 0001:000295c0       __scrt_get_show_window_mode 000000018002a5c0 f   MSVCRTD:utility_desktop.obj
 0001:00029630       __scrt_initialize_winrt    000000018002a630 f   MSVCRTD:utility_desktop.obj
 0001:00029640       __scrt_is_managed_app      000000018002a640 f   MSVCRTD:utility_desktop.obj
 0001:00029710       __scrt_set_unhandled_exception_filter 000000018002a710 f   MSVCRTD:utility_desktop.obj
 0001:00029730       __scrt_unhandled_exception_filter 000000018002a730 f   MSVCRTD:utility_desktop.obj
 0001:000297c0       _RTC_Initialize            000000018002a7c0 f   MSVCRTD:_initsect_.obj
 0001:00029820       _RTC_Terminate             000000018002a820 f   MSVCRTD:_initsect_.obj
 0001:00029880       _guard_check_icall         000000018002a880 f i MSVCRTD:checkcfg.obj
 0001:000298a0       __isa_available_init       000000018002a8a0 f   MSVCRTD:_cpu_disp_.obj
 0001:00029d00       __scrt_is_ucrt_dll_in_use  000000018002ad00 f   MSVCRTD:ucrt_detection.obj
 0001:00029d30       _guard_check_icall_nop     000000018002ad30 f i MSVCRTD:guard_support.obj
 0001:00029d40       _guard_icall_checks_enforced 000000018002ad40 f i MSVCRTD:guard_support.obj
 0001:00029d80       __GSHandlerCheck           000000018002ad80 f   MSVCRTD:_gshandler_.obj
 0001:00029dd0       __GSHandlerCheckCommon     000000018002add0 f   MSVCRTD:_gshandler_.obj
 0001:00029f20       __security_check_cookie    000000018002af20 f   MSVCRTD:_amdsecgs_.obj
 0001:00029f50       __raise_securityfailure    000000018002af50 f   MSVCRTD:gs_report.obj
 0001:00029fa0       __report_gsfailure         000000018002afa0 f   MSVCRTD:gs_report.obj
 0001:0002a0b0       __report_rangecheckfailure 000000018002b0b0 f   MSVCRTD:gs_report.obj
 0001:0002a0d0       __report_securityfailure   000000018002b0d0 f   MSVCRTD:gs_report.obj
 0001:0002a1a0       __report_securityfailureEx 000000018002b1a0 f   MSVCRTD:gs_report.obj
 0001:0002a49e       memcpy                     000000018002b49e f   vcruntimed:VCRUNTIME140D.dll
 0001:0002a4a4       memset                     000000018002b4a4 f   vcruntimed:VCRUNTIME140D.dll
 0001:0002a4aa       memchr                     000000018002b4aa f   vcruntimed:VCRUNTIME140D.dll
 0001:0002a4b0       __telemetry_main_invoke_trigger 000000018002b4b0 f   vcruntimed:VCRUNTIME140D.dll
 0001:0002a4b6       __telemetry_main_return_trigger 000000018002b4b6 f   vcruntimed:VCRUNTIME140D.dll
 0001:0002a4bc       __C_specific_handler       000000018002b4bc f   vcruntimed:VCRUNTIME140D.dll
 0001:0002a4c2       __std_type_info_destroy_list 000000018002b4c2 f   vcruntimed:VCRUNTIME140D.dll
 0001:0002a4c8       __stdio_common_vsprintf    000000018002b4c8 f   ucrtd:ucrtbased.dll
 0001:0002a4ce       strlen                     000000018002b4ce f   ucrtd:ucrtbased.dll
 0001:0002a4d4       free                       000000018002b4d4 f   ucrtd:ucrtbased.dll
 0001:0002a4da       malloc                     000000018002b4da f   ucrtd:ucrtbased.dll
 0001:0002a4e0       wcstombs                   000000018002b4e0 f   ucrtd:ucrtbased.dll
 0001:0002a4e6       _wopen                     000000018002b4e6 f   ucrtd:ucrtbased.dll
 0001:0002a4ec       _lseeki64                  000000018002b4ec f   ucrtd:ucrtbased.dll
 0001:0002a4f2       _errno                     000000018002b4f2 f   ucrtd:ucrtbased.dll
 0001:0002a4f8       strerror                   000000018002b4f8 f   ucrtd:ucrtbased.dll
 0001:0002a4fe       fclose                     000000018002b4fe f   ucrtd:ucrtbased.dll
 0001:0002a504       ferror                     000000018002b504 f   ucrtd:ucrtbased.dll
 0001:0002a50a       fopen                      000000018002b50a f   ucrtd:ucrtbased.dll
 0001:0002a510       fread                      000000018002b510 f   ucrtd:ucrtbased.dll
 0001:0002a516       fseek                      000000018002b516 f   ucrtd:ucrtbased.dll
 0001:0002a51c       _fseeki64                  000000018002b51c f   ucrtd:ucrtbased.dll
 0001:0002a522       ftell                      000000018002b522 f   ucrtd:ucrtbased.dll
 0001:0002a528       _ftelli64                  000000018002b528 f   ucrtd:ucrtbased.dll
 0001:0002a52e       fwrite                     000000018002b52e f   ucrtd:ucrtbased.dll
 0001:0002a534       strcmp                     000000018002b534 f   ucrtd:ucrtbased.dll
 0001:0002a53a       srand                      000000018002b53a f   ucrtd:ucrtbased.dll
 0001:0002a540       rand                       000000018002b540 f   ucrtd:ucrtbased.dll
 0001:0002a546       _time64                    000000018002b546 f   ucrtd:ucrtbased.dll
 0001:0002a54c       _initterm                  000000018002b54c f   ucrtd:ucrtbased.dll
 0001:0002a552       _initterm_e                000000018002b552 f   ucrtd:ucrtbased.dll
 0001:0002a558       _seh_filter_dll            000000018002b558 f   ucrtd:ucrtbased.dll
 0001:0002a55e       _initialize_narrow_environment 000000018002b55e f   ucrtd:ucrtbased.dll
 0001:0002a564       _initialize_onexit_table   000000018002b564 f   ucrtd:ucrtbased.dll
 0001:0002a56a       _register_onexit_function  000000018002b56a f   ucrtd:ucrtbased.dll
 0001:0002a570       _execute_onexit_table      000000018002b570 f   ucrtd:ucrtbased.dll
 0001:0002a576       _crt_atexit                000000018002b576 f   ucrtd:ucrtbased.dll
 0001:0002a57c       _crt_at_quick_exit         000000018002b57c f   ucrtd:ucrtbased.dll
 0001:0002a582       _cexit                     000000018002b582 f   ucrtd:ucrtbased.dll
 0001:0002a588       terminate                  000000018002b588 f   ucrtd:ucrtbased.dll
 0001:0002a58e       _open                      000000018002b58e f   ucrtd:ucrtbased.dll
 0001:0002a594       _close                     000000018002b594 f   ucrtd:ucrtbased.dll
 0001:0002a59a       _read                      000000018002b59a f   ucrtd:ucrtbased.dll
 0001:0002a5a0       _write                     000000018002b5a0 f   ucrtd:ucrtbased.dll
 0001:0002a5a6       QueryPerformanceCounter    000000018002b5a6 f   kernel32:KERNEL32.dll
 0001:0002a5ac       GetCurrentProcessId        000000018002b5ac f   kernel32:KERNEL32.dll
 0001:0002a5b2       GetCurrentThreadId         000000018002b5b2 f   kernel32:KERNEL32.dll
 0001:0002a5b8       GetSystemTimeAsFileTime    000000018002b5b8 f   kernel32:KERNEL32.dll
 0001:0002a5be       DisableThreadLibraryCalls  000000018002b5be f   kernel32:KERNEL32.dll
 0001:0002a5c4       InitializeSListHead        000000018002b5c4 f   kernel32:KERNEL32.dll
 0001:0002a5ca       RtlCaptureContext          000000018002b5ca f   kernel32:KERNEL32.dll
 0001:0002a5d0       RtlLookupFunctionEntry     000000018002b5d0 f   kernel32:KERNEL32.dll
 0001:0002a5d6       RtlVirtualUnwind           000000018002b5d6 f   kernel32:KERNEL32.dll
 0001:0002a5dc       IsDebuggerPresent          000000018002b5dc f   kernel32:KERNEL32.dll
 0001:0002a5e2       UnhandledExceptionFilter   000000018002b5e2 f   kernel32:KERNEL32.dll
 0001:0002a5e8       SetUnhandledExceptionFilter 000000018002b5e8 f   kernel32:KERNEL32.dll
 0001:0002a5ee       GetStartupInfoW            000000018002b5ee f   kernel32:KERNEL32.dll
 0001:0002a5f4       IsProcessorFeaturePresent  000000018002b5f4 f   kernel32:KERNEL32.dll
 0001:0002a5fa       GetModuleHandleW           000000018002b5fa f   kernel32:KERNEL32.dll
 0001:0002a600       GetCurrentProcess          000000018002b600 f   kernel32:KERNEL32.dll
 0001:0002a606       TerminateProcess           000000018002b606 f   kernel32:KERNEL32.dll
 0001:0002a610       __acrt_initialize          000000018002b610 f   MSVCRTD:ucrt_stubs.obj
 0001:0002a610       __scrt_stub_for_acrt_initialize 000000018002b610 f   MSVCRTD:ucrt_stubs.obj
 0001:0002a610       __vcrt_initialize          000000018002b610 f   MSVCRTD:ucrt_stubs.obj
 0001:0002a620       __scrt_stub_for_acrt_thread_attach 000000018002b620 f   MSVCRTD:ucrt_stubs.obj
 0001:0002a620       __acrt_thread_attach       000000018002b620 f   MSVCRTD:ucrt_stubs.obj
 0001:0002a620       __vcrt_thread_attach       000000018002b620 f   MSVCRTD:ucrt_stubs.obj
 0001:0002a630       __scrt_stub_for_acrt_thread_detach 000000018002b630 f   MSVCRTD:ucrt_stubs.obj
 0001:0002a630       __acrt_thread_detach       000000018002b630 f   MSVCRTD:ucrt_stubs.obj
 0001:0002a630       __vcrt_thread_detach       000000018002b630 f   MSVCRTD:ucrt_stubs.obj
 0001:0002a640       __acrt_uninitialize        000000018002b640 f   MSVCRTD:ucrt_stubs.obj
 0001:0002a640       __scrt_stub_for_acrt_uninitialize 000000018002b640 f   MSVCRTD:ucrt_stubs.obj
 0001:0002a640       __vcrt_uninitialize        000000018002b640 f   MSVCRTD:ucrt_stubs.obj
 0001:0002a650       __vcrt_uninitialize_critical 000000018002b650 f   MSVCRTD:ucrt_stubs.obj
 0001:0002a650       __acrt_uninitialize_critical 000000018002b650 f   MSVCRTD:ucrt_stubs.obj
 0001:0002a650       __scrt_stub_for_acrt_uninitialize_critical 000000018002b650 f   MSVCRTD:ucrt_stubs.obj
 0001:0002a660       __scrt_stub_for_is_c_termination_complete 000000018002b660 f   MSVCRTD:ucrt_stubs.obj
 0001:0002a660       _is_c_termination_complete 000000018002b660 f   MSVCRTD:ucrt_stubs.obj
 0001:0002b420       _guard_dispatch_icall_nop  000000018002c420 f   MSVCRTD:_guard_dispatch_.obj
 0002:00000000       __xc_a                     000000018002f000     MSVCRTD:initializers.obj
 0002:00000110       __xc_z                     000000018002f110     MSVCRTD:initializers.obj
 0002:00000220       __xi_a                     000000018002f220     MSVCRTD:initializers.obj
 0002:00000330       __xi_z                     000000018002f330     MSVCRTD:initializers.obj
 0002:00000440       __xp_a                     000000018002f440     MSVCRTD:initializers.obj
 0002:00000550       __xp_z                     000000018002f550     MSVCRTD:initializers.obj
 0002:00000660       __xt_a                     000000018002f660     MSVCRTD:initializers.obj
 0002:00000770       __xt_z                     000000018002f770     MSVCRTD:initializers.obj
 0002:00002ef0       deflate_copyright          0000000180031ef0     deflate.obj
 0002:000044d0       inflate_copyright          00000001800334d0     inftrees.obj
 0002:00004640       _length_code               0000000180033640     trees.obj
 0002:00004740       _dist_code                 0000000180033740     trees.obj
 0002:000052c0       unz_copyright              00000001800342c0     unzip.obj
 0002:00005330       zip_copyright              0000000180034330     zip.obj
 0002:00005390       z_errmsg                   0000000180034390     zutil.obj
 0002:000053f0       _pRawDllMain               00000001800343f0     MSVCRTD:dll_dllmain.obj
 0002:000053f0       _pDefaultRawDllMain        00000001800343f0     MSVCRTD:dll_dllmain.obj
 0002:00005460       _load_config_used          0000000180034460     MSVCRTD:loadcfg.obj
 0002:000057d8       __rtc_iaa                  00000001800347d8     MSVCRTD:_initsect_.obj
 0002:000058e8       __rtc_izz                  00000001800348e8     MSVCRTD:_initsect_.obj
 0002:000059f8       __rtc_taa                  00000001800349f8     MSVCRTD:_initsect_.obj
 0002:00005b08       __rtc_tzz                  0000000180034b08     MSVCRTD:_initsect_.obj
 0003:00000850       __scrt_native_dllmain_reason 0000000180037850     MSVCRTD:utility.obj
 0003:00000858       __isa_available            0000000180037858     MSVCRTD:_cpu_disp_.obj
 0003:0000085c       __isa_enabled              000000018003785c     MSVCRTD:_cpu_disp_.obj
 0003:00000860       __memcpy_nt_iters          0000000180037860     MSVCRTD:_cpu_disp_.obj
 0003:00000870       __security_cookie          0000000180037870     MSVCRTD:gs_cookie.obj
 0003:00000878       __security_cookie_complement 0000000180037878     MSVCRTD:gs_cookie.obj
 0003:00000890       __scrt_ucrt_dll_is_in_use  0000000180037890     MSVCRTD:ucrt_stubs.obj
 0003:000009f0       __scrt_current_native_startup_state 00000001800379f0     MSVCRTD:utility.obj
 0003:000009f8       __scrt_native_startup_lock 00000001800379f8     MSVCRTD:utility.obj
 0003:00000a10       ?__type_info_root_node@@3U__type_info_node@@A 0000000180037a10     MSVCRTD:tncleanup.obj
 0003:00000a28       ?_OptionsStorage@?1??__local_stdio_printf_options@@9@4_KA 0000000180037a28     MSVCRTD:default_local_stdio_options.obj
 0003:00000a38       ?_OptionsStorage@?1??__local_stdio_scanf_options@@9@4_KA 0000000180037a38     MSVCRTD:default_local_stdio_options.obj
 0003:00000a44       __scrt_debugger_hook_flag  0000000180037a44     MSVCRTD:utility_desktop.obj
 0003:00000a48       __favor                    0000000180037a48     MSVCRTD:_cpu_disp_.obj
 0003:000010d8       ?_OptionsStorage@?1??__local_stdio_printf_options@@9@9 00000001800380d8     <common>
 0003:000010f0       __dyn_tls_init_callback    00000001800380f0     <common>
 0005:00000000       __imp_ReadFile             000000018003b000     kernel32:KERNEL32.dll
 0005:00000008       __imp_SetFilePointerEx     000000018003b008     kernel32:KERNEL32.dll
 0005:00000010       __imp_WriteFile            000000018003b010     kernel32:KERNEL32.dll
 0005:00000018       __imp_CreateFile2          000000018003b018     kernel32:KERNEL32.dll
 0005:00000020       __imp_CloseHandle          000000018003b020     kernel32:KERNEL32.dll
 0005:00000028       __imp_GetLastError         000000018003b028     kernel32:KERNEL32.dll
 0005:00000030       __imp_MultiByteToWideChar  000000018003b030     kernel32:KERNEL32.dll
 0005:00000038       __imp_GetCurrentProcess    000000018003b038     kernel32:KERNEL32.dll
 0005:00000040       __imp_GetModuleHandleW     000000018003b040     kernel32:KERNEL32.dll
 0005:00000048       __imp_IsProcessorFeaturePresent 000000018003b048     kernel32:KERNEL32.dll
 0005:00000050       __imp_GetStartupInfoW      000000018003b050     kernel32:KERNEL32.dll
 0005:00000058       __imp_SetUnhandledExceptionFilter 000000018003b058     kernel32:KERNEL32.dll
 0005:00000060       __imp_UnhandledExceptionFilter 000000018003b060     kernel32:KERNEL32.dll
 0005:00000068       __imp_IsDebuggerPresent    000000018003b068     kernel32:KERNEL32.dll
 0005:00000070       __imp_RtlVirtualUnwind     000000018003b070     kernel32:KERNEL32.dll
 0005:00000078       __imp_RtlLookupFunctionEntry 000000018003b078     kernel32:KERNEL32.dll
 0005:00000080       __imp_RtlCaptureContext    000000018003b080     kernel32:KERNEL32.dll
 0005:00000088       __imp_InitializeSListHead  000000018003b088     kernel32:KERNEL32.dll
 0005:00000090       __imp_DisableThreadLibraryCalls 000000018003b090     kernel32:KERNEL32.dll
 0005:00000098       __imp_GetSystemTimeAsFileTime 000000018003b098     kernel32:KERNEL32.dll
 0005:000000a0       __imp_GetCurrentThreadId   000000018003b0a0     kernel32:KERNEL32.dll
 0005:000000a8       __imp_GetCurrentProcessId  000000018003b0a8     kernel32:KERNEL32.dll
 0005:000000b0       __imp_QueryPerformanceCounter 000000018003b0b0     kernel32:KERNEL32.dll
 0005:000000b8       __imp_TerminateProcess     000000018003b0b8     kernel32:KERNEL32.dll
 0005:000000c0       \177KERNEL32_NULL_THUNK_DATA 000000018003b0c0     kernel32:KERNEL32.dll
 0005:00000138       __imp_memcpy               000000018003b138     vcruntimed:VCRUNTIME140D.dll
 0005:00000140       __imp_memchr               000000018003b140     vcruntimed:VCRUNTIME140D.dll
 0005:00000148       __imp___telemetry_main_invoke_trigger 000000018003b148     vcruntimed:VCRUNTIME140D.dll
 0005:00000150       __imp___telemetry_main_return_trigger 000000018003b150     vcruntimed:VCRUNTIME140D.dll
 0005:00000158       __imp___C_specific_handler 000000018003b158     vcruntimed:VCRUNTIME140D.dll
 0005:00000160       __imp___std_type_info_destroy_list 000000018003b160     vcruntimed:VCRUNTIME140D.dll
 0005:00000168       __imp_memset               000000018003b168     vcruntimed:VCRUNTIME140D.dll
 0005:00000170       \177VCRUNTIME140D_NULL_THUNK_DATA 000000018003b170     vcruntimed:VCRUNTIME140D.dll
 0005:000001d0       __imp_fwrite               000000018003b1d0     ucrtd:ucrtbased.dll
 0005:000001d8       __imp_strcmp               000000018003b1d8     ucrtd:ucrtbased.dll
 0005:000001e0       __imp_strerror             000000018003b1e0     ucrtd:ucrtbased.dll
 0005:000001e8       __imp_rand                 000000018003b1e8     ucrtd:ucrtbased.dll
 0005:000001f0       __imp__time64              000000018003b1f0     ucrtd:ucrtbased.dll
 0005:000001f8       __imp__initterm            000000018003b1f8     ucrtd:ucrtbased.dll
 0005:00000200       __imp__initterm_e          000000018003b200     ucrtd:ucrtbased.dll
 0005:00000208       __imp__seh_filter_dll      000000018003b208     ucrtd:ucrtbased.dll
 0005:00000210       __imp__initialize_narrow_environment 000000018003b210     ucrtd:ucrtbased.dll
 0005:00000218       __imp__initialize_onexit_table 000000018003b218     ucrtd:ucrtbased.dll
 0005:00000220       __imp__register_onexit_function 000000018003b220     ucrtd:ucrtbased.dll
 0005:00000228       __imp__execute_onexit_table 000000018003b228     ucrtd:ucrtbased.dll
 0005:00000230       __imp__crt_atexit          000000018003b230     ucrtd:ucrtbased.dll
 0005:00000238       __imp__crt_at_quick_exit   000000018003b238     ucrtd:ucrtbased.dll
 0005:00000240       __imp__ftelli64            000000018003b240     ucrtd:ucrtbased.dll
 0005:00000248       __imp_terminate            000000018003b248     ucrtd:ucrtbased.dll
 0005:00000250       __imp__open                000000018003b250     ucrtd:ucrtbased.dll
 0005:00000250       __imp_open                 000000018003b250     ucrtd:ucrtbased.dll
 0005:00000258       __imp__close               000000018003b258     ucrtd:ucrtbased.dll
 0005:00000258       __imp_close                000000018003b258     ucrtd:ucrtbased.dll
 0005:00000260       __imp_read                 000000018003b260     ucrtd:ucrtbased.dll
 0005:00000260       __imp__read                000000018003b260     ucrtd:ucrtbased.dll
 0005:00000268       __imp_write                000000018003b268     ucrtd:ucrtbased.dll
 0005:00000268       __imp__write               000000018003b268     ucrtd:ucrtbased.dll
 0005:00000270       __imp__errno               000000018003b270     ucrtd:ucrtbased.dll
 0005:00000278       __imp__lseeki64            000000018003b278     ucrtd:ucrtbased.dll
 0005:00000280       __imp__wopen               000000018003b280     ucrtd:ucrtbased.dll
 0005:00000288       __imp_wcstombs             000000018003b288     ucrtd:ucrtbased.dll
 0005:00000290       __imp_malloc               000000018003b290     ucrtd:ucrtbased.dll
 0005:00000298       __imp_free                 000000018003b298     ucrtd:ucrtbased.dll
 0005:000002a0       __imp_strlen               000000018003b2a0     ucrtd:ucrtbased.dll
 0005:000002a8       __imp___stdio_common_vsprintf 000000018003b2a8     ucrtd:ucrtbased.dll
 0005:000002b0       __imp_ftell                000000018003b2b0     ucrtd:ucrtbased.dll
 0005:000002b8       __imp__fseeki64            000000018003b2b8     ucrtd:ucrtbased.dll
 0005:000002c0       __imp_fseek                000000018003b2c0     ucrtd:ucrtbased.dll
 0005:000002c8       __imp_fread                000000018003b2c8     ucrtd:ucrtbased.dll
 0005:000002d0       __imp_fopen                000000018003b2d0     ucrtd:ucrtbased.dll
 0005:000002d8       __imp_ferror               000000018003b2d8     ucrtd:ucrtbased.dll
 0005:000002e0       __imp__cexit               000000018003b2e0     ucrtd:ucrtbased.dll
 0005:000002e8       __imp_fclose               000000018003b2e8     ucrtd:ucrtbased.dll
 0005:000002f0       __imp_srand                000000018003b2f0     ucrtd:ucrtbased.dll
 0005:000002f8       \177ucrtbased_NULL_THUNK_DATA 000000018003b2f8     ucrtd:ucrtbased.dll
 0005:00000388       __IMPORT_DESCRIPTOR_KERNEL32 000000018003b388     kernel32:KERNEL32.dll
 0005:0000039c       __IMPORT_DESCRIPTOR_VCRUNTIME140D 000000018003b39c     vcruntimed:VCRUNTIME140D.dll
 0005:000003b0       __IMPORT_DESCRIPTOR_ucrtbased 000000018003b3b0     ucrtd:ucrtbased.dll
 0005:000003c4       __NULL_IMPORT_DESCRIPTOR   000000018003b3c4     kernel32:KERNEL32.dll
 0006:00000000       __guard_check_icall_fptr   000000018003c000     MSVCRTD:guard_support.obj
 0006:00000010       __guard_dispatch_icall_fptr 000000018003c010     MSVCRTD:guard_support.obj
