 zlib1

 Timestamp is 561c9eb8 (Tue Oct 13 09:03:36 2015)

 Preferred load address is 10000000

 Start         Length     Name                   Class
 0001:00000000 00021826H .text$mn                CODE
 0002:00000000 00000104H .CRT$XCA                DATA
 0002:00000104 00000104H .CRT$XCZ                DATA
 0002:00000208 00000104H .CRT$XIA                DATA
 0002:0000030c 00000104H .CRT$XIZ                DATA
 0002:00000410 00000104H .CRT$XPA                DATA
 0002:00000514 00000104H .CRT$XPZ                DATA
 0002:00000618 00000104H .CRT$XTA                DATA
 0002:0000071c 00000104H .CRT$XTZ                DATA
 0002:00000820 00004c9eH .rdata                  DATA
 0002:000054c0 00000104H .rdata$sxdata           DATA
 0002:000055c4 000001a3H .rdata$zzzdbg           DATA
 0002:00005768 00000104H .rtc$IAA                DATA
 0002:0000586c 00000104H .rtc$IZZ                DATA
 0002:00005970 00000104H .rtc$TAA                DATA
 0002:00005a74 00000104H .rtc$TZZ                DATA
 0002:00005b78 0000018dH .xdata$x                DATA
 0002:00005d10 00000fb4H .edata                  DATA
 0003:00000000 000008c4H .data                   DATA
 0003:000008c8 00000458H .bss                    DATA
 0004:00000000 000001b8H .idata$5                DATA
 0004:000001b8 0000003cH .idata$2                DATA
 0004:000001f4 00000014H .idata$3                DATA
 0004:00000208 000001b8H .idata$4                DATA
 0004:000003c0 000005d6H .idata$6                DATA
 0005:00000000 00000104H .00cfg                  DATA
 0006:00000000 00000169H .rsrc$01                DATA
 0006:00000170 000004dcH .rsrc$02                DATA

  Address         Publics by Value              Rva+Base       Lib:Object

 0000:00000000       ___guard_fids_count        00000000     <absolute>
 0000:00000000       ___guard_fids_table        00000000     <absolute>
 0000:00000001       ___safe_se_handler_count   00000001     <absolute>
 0000:00000100       ___guard_flags             00000100     <absolute>
 0000:00000000       ___ImageBase               10000000     <linker-defined>
 0001:000009c0       _adler32                   100019c0 f   adler32.obj
 0001:00000f60       _adler32_combine           10001f60 f   adler32.obj
 0001:00001080       _adler32_combine64         10002080 f   adler32.obj
 0001:00001260       _compress                  10002260 f   compress.obj
 0001:00001280       _compress2                 10002280 f   compress.obj
 0001:00001350       _compressBound             10002350 f   compress.obj
 0001:000013c0       _crc32                     100023c0 f   crc32.obj
 0001:00001610       _crc32_combine             10002610 f   crc32.obj
 0001:00001630       _get_crc_table             10002630 f   crc32.obj
 0001:00002310       _crc32_combine64           10003310 f   crc32.obj
 0001:00002710       _deflate                   10003710 f   deflate.obj
 0001:00003690       _deflateEnd                10004690 f   deflate.obj
 0001:000037e0       _deflateSetDictionary      100047e0 f   deflate.obj
 0001:00003a50       _deflateCopy               10004a50 f   deflate.obj
 0001:00003cb0       _deflateReset              10004cb0 f   deflate.obj
 0001:00003ce0       _deflateParams             10004ce0 f   deflate.obj
 0001:00003e20       _deflateTune               10004e20 f   deflate.obj
 0001:00003e80       _deflateBound              10004e80 f   deflate.obj
 0001:00004010       _deflatePending            10005010 f   deflate.obj
 0001:00004060       _deflatePrime              10005060 f   deflate.obj
 0001:00004140       _deflateSetHeader          10005140 f   deflate.obj
 0001:00004180       _deflateInit_              10005180 f   deflate.obj
 0001:000041b0       _deflateInit2_             100051b0 f   deflate.obj
 0001:00004510       _deflateResetKeep          10005510 f   deflate.obj
 0001:000078c0       _gzclose                   100088c0 f   gzclose.obj
 0001:00007920       _gzdopen                   10008920 f   gzlib.obj
 0001:00007990       _gzbuffer                  10008990 f   gzlib.obj
 0001:000079f0       _gzrewind                  100089f0 f   gzlib.obj
 0001:00007a70       _gzeof                     10008a70 f   gzlib.obj
 0001:00007ad0       _gzerror                   10008ad0 f   gzlib.obj
 0001:00007b50       _gzclearerr                10008b50 f   gzlib.obj
 0001:00007bb0       _gzopen                    10008bb0 f   gzlib.obj
 0001:00007bd0       _gzseek                    10008bd0 f   gzlib.obj
 0001:00007c30       _gztell                    10008c30 f   gzlib.obj
 0001:00007c80       _gzoffset                  10008c80 f   gzlib.obj
 0001:00007cd0       _gzopen_w                  10008cd0 f   gzlib.obj
 0001:00007cf0       _gzopen64                  10008cf0 f   gzlib.obj
 0001:00007d10       _gzseek64                  10008d10 f   gzlib.obj
 0001:00007ff0       _gztell64                  10008ff0 f   gzlib.obj
 0001:00008060       _gzoffset64                10009060 f   gzlib.obj
 0001:00008100       _gz_error                  10009100 f   gzlib.obj
 0001:00008a30       ___local_stdio_printf_options 10009a30 f i gzlib.obj
 0001:00008a40       __snprintf                 10009a40 f i gzlib.obj
 0001:00008a90       __vsnprintf                10009a90 f i gzlib.obj
 0001:00008ac0       __vsnprintf_l              10009ac0 f i gzlib.obj
 0001:00008b30       _gzread                    10009b30 f   gzread.obj
 0001:00008d50       _gzgets                    10009d50 f   gzread.obj
 0001:00008f00       _gzgetc                    10009f00 f   gzread.obj
 0001:00008fd0       _gzungetc                  10009fd0 f   gzread.obj
 0001:000091a0       _gzdirect                  1000a1a0 f   gzread.obj
 0001:000091f0       _gzclose_r                 1000a1f0 f   gzread.obj
 0001:000092e0       _gzgetc_                   1000a2e0 f   gzread.obj
 0001:00009db0       _gzsetparams               1000adb0 f   gzwrite.obj
 0001:00009ea0       _gzwrite                   1000aea0 f   gzwrite.obj
 0001:0000a0a0       _gzprintf                  1000b0a0 f   gzwrite.obj
 0001:0000a0e0       _gzputs                    1000b0e0 f   gzwrite.obj
 0001:0000a130       _gzputc                    1000b130 f   gzwrite.obj
 0001:0000a260       _gzflush                   1000b260 f   gzwrite.obj
 0001:0000a300       _gzclose_w                 1000b300 f   gzwrite.obj
 0001:0000a420       _gzvprintf                 1000b420 f   gzwrite.obj
 0001:0000acc0       _vsnprintf                 1000bcc0 f i gzwrite.obj
 0001:0000ad30       _inflateBack               1000bd30 f   infback.obj
 0001:0000c0e0       _inflateBackEnd            1000d0e0 f   infback.obj
 0001:0000c130       _inflateBackInit_          1000d130 f   infback.obj
 0001:0000c7c0       _inflate_fast              1000d7c0 f   inffast.obj
 0001:0000d110       _inflate                   1000e110 f   inflate.obj
 0001:0000f200       _inflateEnd                10010200 f   inflate.obj
 0001:0000f280       _inflateSetDictionary      10010280 f   inflate.obj
 0001:0000f350       _inflateGetDictionary      10010350 f   inflate.obj
 0001:0000f3f0       _inflateSync               100103f0 f   inflate.obj
 0001:0000f580       _inflateCopy               10010580 f   inflate.obj
 0001:0000f740       _inflateReset              10010740 f   inflate.obj
 0001:0000f7a0       _inflateReset2             100107a0 f   inflate.obj
 0001:0000f870       _inflatePrime              10010870 f   inflate.obj
 0001:0000f910       _inflateMark               10010910 f   inflate.obj
 0001:0000f990       _inflateGetHeader          10010990 f   inflate.obj
 0001:0000f9e0       _inflateInit_              100109e0 f   inflate.obj
 0001:0000fa00       _inflateInit2_             10010a00 f   inflate.obj
 0001:0000fb10       _inflateSyncPoint          10010b10 f   inflate.obj
 0001:0000fb60       _inflateUndermine          10010b60 f   inflate.obj
 0001:0000fbc0       _inflateResetKeep          10010bc0 f   inflate.obj
 0001:00010a90       _inflate_table             10011a90 f   inftrees.obj
 0001:000111b0       _fill_fopen64_filefunc     100121b0 f   ioapi.obj
 0001:00011210       _fill_fopen_filefunc       10012210 f   ioapi.obj
 0001:00011270       _call_zopen64              10012270 f   ioapi.obj
 0001:000112c0       _call_zseek64              100122c0 f   ioapi.obj
 0001:00011340       _call_ztell64              10012340 f   ioapi.obj
 0001:000113a0       _fill_zlib_filefunc64_32_def_from_filefunc32 100123a0 f   ioapi.obj
 0001:00011850       _fill_win32_filefunc       10012850 f   iowin32.obj
 0001:000118b0       _fill_win32_filefunc64     100128b0 f   iowin32.obj
 0001:00011910       _fill_win32_filefunc64A    10012910 f   iowin32.obj
 0001:00011970       _fill_win32_filefunc64W    10012970 f   iowin32.obj
 0001:000119d0       _win32_open_file_func      100129d0 f   iowin32.obj
 0001:00011a60       _win32_read_file_func      10012a60 f   iowin32.obj
 0001:00011ad0       _win32_write_file_func     10012ad0 f   iowin32.obj
 0001:00011b40       _win32_tell64_file_func    10012b40 f   iowin32.obj
 0001:00011bd0       _win32_seek64_file_func    10012bd0 f   iowin32.obj
 0001:00011c90       _win32_close_file_func     10012c90 f   iowin32.obj
 0001:00011ce0       _win32_error_file_func     10012ce0 f   iowin32.obj
 0001:00011e00       _win32_open64_file_func    10012e00 f   iowin32.obj
 0001:00011e90       _win32_open64_file_funcA   10012e90 f   iowin32.obj
 0001:00011f20       _win32_open64_file_funcW   10012f20 f   iowin32.obj
 0001:00011fb0       _win32_tell_file_func      10012fb0 f   iowin32.obj
 0001:00012030       _win32_seek_file_func      10013030 f   iowin32.obj
 0001:00012320       __tr_init                  10013320 f   trees.obj
 0001:000123b0       __tr_tally                 100133b0 f   trees.obj
 0001:000124f0       __tr_flush_block           100134f0 f   trees.obj
 0001:000128c0       __tr_flush_bits            100138c0 f   trees.obj
 0001:000128e0       __tr_align                 100138e0 f   trees.obj
 0001:00012b50       __tr_stored_block          10013b50 f   trees.obj
 0001:00016150       _uncompress                10017150 f   uncompr.obj
 0001:00016260       _unzStringFileNameCompare  10017260 f   unzip.obj
 0001:000162a0       _unzOpen                   100172a0 f   unzip.obj
 0001:000162c0       _unzOpen64                 100172c0 f   unzip.obj
 0001:000162e0       _unzOpen2                  100172e0 f   unzip.obj
 0001:00016330       _unzOpen2_64               10017330 f   unzip.obj
 0001:00016390       _unzClose                  10017390 f   unzip.obj
 0001:00016400       _unzGetGlobalInfo          10017400 f   unzip.obj
 0001:00016440       _unzGetGlobalInfo64        10017440 f   unzip.obj
 0001:00016480       _unzGetGlobalComment       10017480 f   unzip.obj
 0001:00016550       _unzGoToFirstFile          10017550 f   unzip.obj
 0001:000165f0       _unzGoToNextFile           100175f0 f   unzip.obj
 0001:00016730       _unzLocateFile             10017730 f   unzip.obj
 0001:000168a0       _unzGetFilePos             100178a0 f   unzip.obj
 0001:000168e0       _unzGoToFilePos            100178e0 f   unzip.obj
 0001:00016930       _unzGetFilePos64           10017930 f   unzip.obj
 0001:000169a0       _unzGoToFilePos64          100179a0 f   unzip.obj
 0001:00016a40       _unzGetCurrentFileInfo64   10017a40 f   unzip.obj
 0001:00016a70       _unzGetCurrentFileInfo     10017a70 f   unzip.obj
 0001:00016b70       _unzGetCurrentFileZStreamPos64 10017b70 f   unzip.obj
 0001:00016bd0       _unzOpenCurrentFile        10017bd0 f   unzip.obj
 0001:00016bf0       _unzOpenCurrentFilePassword 10017bf0 f   unzip.obj
 0001:00016c10       _unzOpenCurrentFile2       10017c10 f   unzip.obj
 0001:00016c30       _unzOpenCurrentFile3       10017c30 f   unzip.obj
 0001:00016fb0       _unzCloseCurrentFile       10017fb0 f   unzip.obj
 0001:000170a0       _unzReadCurrentFile        100180a0 f   unzip.obj
 0001:00017580       _unztell                   10018580 f   unzip.obj
 0001:000175c0       _unztell64                 100185c0 f   unzip.obj
 0001:00017610       _unzeof                    10018610 f   unzip.obj
 0001:00017670       _unzGetLocalExtrafield     10018670 f   unzip.obj
 0001:00017780       _unzGetOffset64            10018780 f   unzip.obj
 0001:00017820       _unzGetOffset              10018820 f   unzip.obj
 0001:00017850       _unzSetOffset64            10018850 f   unzip.obj
 0001:000178f0       _unzSetOffset              100188f0 f   unzip.obj
 0001:0001a010       _zipOpen                   1001b010 f   zip.obj
 0001:0001a030       _zipOpen64                 1001b030 f   zip.obj
 0001:0001a050       _zipOpen2                  1001b050 f   zip.obj
 0001:0001a0b0       _zipOpen2_64               1001b0b0 f   zip.obj
 0001:0001a120       _zipOpenNewFileInZip       1001b120 f   zip.obj
 0001:0001a170       _zipOpenNewFileInZip64     1001b170 f   zip.obj
 0001:0001a1c0       _zipOpenNewFileInZip2      1001b1c0 f   zip.obj
 0001:0001a210       _zipOpenNewFileInZip2_64   1001b210 f   zip.obj
 0001:0001a260       _zipOpenNewFileInZip3      1001b260 f   zip.obj
 0001:0001a2c0       _zipOpenNewFileInZip3_64   1001b2c0 f   zip.obj
 0001:0001a320       _zipOpenNewFileInZip4      1001b320 f   zip.obj
 0001:0001a380       _zipOpenNewFileInZip4_64   1001b380 f   zip.obj
 0001:0001aad0       _zipWriteInFileInZip       1001bad0 f   zip.obj
 0001:0001acd0       _zipCloseFileInZip         1001bcd0 f   zip.obj
 0001:0001acf0       _zipCloseFileInZipRaw      1001bcf0 f   zip.obj
 0001:0001ad10       _zipCloseFileInZipRaw64    1001bd10 f   zip.obj
 0001:0001b420       _zipClose                  1001c420 f   zip.obj
 0001:0001b640       _zipRemoveExtraInfoBlock   1001c640 f   zip.obj
 0001:0001c740       _LoadCentralDirectoryRecord 1001d740 f   zip.obj
 0001:0001cd80       _zipOpen3                  1001dd80 f   zip.obj
 0001:0001cf40       _Write_LocalFileHeader     1001df40 f   zip.obj
 0001:0001d400       _Write_Zip64EndOfCentralDirectoryLocator 1001e400 f   zip.obj
 0001:0001d4c0       _Write_Zip64EndOfCentralDirectoryRecord 1001e4c0 f   zip.obj
 0001:0001d670       _Write_EndOfCentralDirectoryRecord 1001e670 f   zip.obj
 0001:0001d870       _Write_GlobalComment       1001e870 f   zip.obj
 0001:0001e740       _zlibVersion               1001f740 f   zutil.obj
 0001:0001e750       _zlibCompileFlags          1001f750 f   zutil.obj
 0001:0001e860       _zError                    1001f860 f   zutil.obj
 0001:0001e880       _zcalloc                   1001f880 f   zutil.obj
 0001:0001e8b0       _zcfree                    1001f8b0 f   zutil.obj
 0001:0001e922       _ReadFile@20               1001f922 f   kernel32:KERNEL32.dll
 0001:0001e928       _SetFilePointerEx@20       1001f928 f   kernel32:KERNEL32.dll
 0001:0001e92e       _WriteFile@20              1001f92e f   kernel32:KERNEL32.dll
 0001:0001e934       _CreateFile2@20            1001f934 f   kernel32:KERNEL32.dll
 0001:0001e93a       _CloseHandle@4             1001f93a f   kernel32:KERNEL32.dll
 0001:0001e940       _GetLastError@0            1001f940 f   kernel32:KERNEL32.dll
 0001:0001e946       _MultiByteToWideChar@24    1001f946 f   kernel32:KERNEL32.dll
 0001:0001e950       __allrem                   1001f950 f   MSVCRTD:llrem.obj
 0001:0001ea30       __allshr                   1001fa30 f   MSVCRTD:llshr.obj
 0001:0001ea60       __allmul                   1001fa60 f   MSVCRTD:llmul.obj
 0001:0001eab0       __allshl                   1001fab0 f   MSVCRTD:llshl.obj
 0001:0001eae0       __aulldiv                  1001fae0 f   MSVCRTD:ulldiv.obj
 0001:0001eb70       __aullshr                  1001fb70 f   MSVCRTD:ullshr.obj
 0001:0001eba0       __chkstk                   1001fba0 f   MSVCRTD:chkstk.obj
 0001:0001eba0       __alloca_probe             1001fba0 f   MSVCRTD:chkstk.obj
 0001:0001f1c0       __CRT_INIT@12              100201c0 f   MSVCRTD:dll_dllmain.obj
 0001:0001f1e0       __DllMainCRTStartup@12     100201e0 f   MSVCRTD:dll_dllmain.obj
 0001:0001f210       ??$__crt_fast_decode_pointer@PAP6AXXZ@@YAPAP6AXXZQAP6AXXZ@Z 10020210 f i MSVCRTD:utility.obj
 0001:0001f240       ??$__crt_fast_encode_pointer@PAP6AXXZ@@YAPAP6AXXZQAP6AXXZ@Z 10020240 f i MSVCRTD:utility.obj
 0001:0001f280       ?__crt_rotate_pointer_value@@YAIIH@Z 10020280 f i MSVCRTD:utility.obj
 0001:0001f3d0       _NtCurrentTeb              100203d0 f i MSVCRTD:utility.obj
 0001:0001f3e0       ___scrt_acquire_startup_lock 100203e0 f   MSVCRTD:utility.obj
 0001:0001f440       ___scrt_dllmain_after_initialize_c 10020440 f   MSVCRTD:utility.obj
 0001:0001f470       ___scrt_dllmain_before_initialize_c 10020470 f   MSVCRTD:utility.obj
 0001:0001f4a0       ___scrt_dllmain_crt_thread_attach 100204a0 f   MSVCRTD:utility.obj
 0001:0001f4e0       ___scrt_dllmain_crt_thread_detach 100204e0 f   MSVCRTD:utility.obj
 0001:0001f500       ___scrt_dllmain_exception_filter 10020500 f   MSVCRTD:utility.obj
 0001:0001f560       ___scrt_dllmain_uninitialize_c 10020560 f   MSVCRTD:utility.obj
 0001:0001f5a0       ___scrt_dllmain_uninitialize_critical 100205a0 f   MSVCRTD:utility.obj
 0001:0001f5c0       ___scrt_initialize_crt     100205c0 f   MSVCRTD:utility.obj
 0001:0001f620       ___scrt_initialize_onexit_tables 10020620 f   MSVCRTD:utility.obj
 0001:0001f720       ___scrt_is_nonwritable_in_current_image 10020720 f   MSVCRTD:utility.obj
 0001:0001f8a0       ___scrt_release_startup_lock 100208a0 f   MSVCRTD:utility.obj
 0001:0001f8d0       ___scrt_uninitialize_crt   100208d0 f   MSVCRTD:utility.obj
 0001:0001f920       __onexit                   10020920 f   MSVCRTD:utility.obj
 0001:0001f9b0       _at_quick_exit             100209b0 f   MSVCRTD:utility.obj
 0001:0001fa10       _atexit                    10020a10 f   MSVCRTD:utility.obj
 0001:0001fa50       ___security_init_cookie    10020a50 f   MSVCRTD:gs_support.obj
 0001:0001fb70       _DllMain@12                10020b70 f   MSVCRTD:dll_dllmain_stub.obj
 0001:0001fba0       ?__scrt_initialize_type_info@@YAXXZ 10020ba0 f   MSVCRTD:tncleanup.obj
 0001:0001fbc0       ?__scrt_uninitialize_type_info@@YAXXZ 10020bc0 f   MSVCRTD:tncleanup.obj
 0001:0001fbe0       ___local_stdio_scanf_options 10020be0 f i MSVCRTD:default_local_stdio_options.obj
 0001:0001fbf0       ___scrt_initialize_default_local_stdio_options 10020bf0 f   MSVCRTD:default_local_stdio_options.obj
 0001:0001fc40       ___scrt_get_dyn_tls_init_callback 10020c40 f   MSVCRTD:dyn_tls_init.obj
 0001:0001fc50       ___scrt_fastfail           10020c50 f   MSVCRTD:utility_desktop.obj
 0001:0001fde0       ___scrt_get_show_window_mode 10020de0 f   MSVCRTD:utility_desktop.obj
 0001:0001fe30       ___scrt_initialize_winrt   10020e30 f   MSVCRTD:utility_desktop.obj
 0001:0001fe40       ___scrt_is_managed_app     10020e40 f   MSVCRTD:utility_desktop.obj
 0001:0001fef0       ___scrt_set_unhandled_exception_filter 10020ef0 f   MSVCRTD:utility_desktop.obj
 0001:0001ff10       ___scrt_unhandled_exception_filter@4 10020f10 f   MSVCRTD:utility_desktop.obj
 0001:0001ff90       __crt_debugger_hook        10020f90 f   MSVCRTD:utility_desktop.obj
 0001:0001ffb0       __RTC_Initialize           10020fb0 f   MSVCRTD:_initsect_.obj
 0001:0001fff0       __RTC_Terminate            10020ff0 f   MSVCRTD:_initsect_.obj
 0001:00020030       @_guard_check_icall@4      10021030 f i MSVCRTD:checkcfg.obj
 0001:00020050       __except_handler4          10021050 f   MSVCRTD:_chandler4gs_.obj
 0001:00020080       ___isa_available_init      10021080 f   MSVCRTD:_cpu_disp_.obj
 0001:00020410       ___scrt_is_ucrt_dll_in_use 10021410 f   MSVCRTD:ucrt_detection.obj
 0001:00020440       @_guard_check_icall_nop@4  10021440 f i MSVCRTD:guard_support.obj
 0001:00020450       __guard_icall_checks_enforced 10021450 f i MSVCRTD:guard_support.obj
 0001:00020480       @__security_check_cookie@4 10021480 f   MSVCRTD:_secchk_.obj
 0001:000204a0       ___raise_securityfailure   100214a0 f   MSVCRTD:gs_report.obj
 0001:000204e0       ___report_gsfailure        100214e0 f   MSVCRTD:gs_report.obj
 0001:00020630       ___report_rangecheckfailure 10021630 f   MSVCRTD:gs_report.obj
 0001:00020640       ___report_securityfailure  10021640 f   MSVCRTD:gs_report.obj
 0001:00020750       ___report_securityfailureEx 10021750 f   MSVCRTD:gs_report.obj
 0001:000208be       _memcpy                    100218be f   vcruntimed:VCRUNTIME140D.dll
 0001:000208c4       _memset                    100218c4 f   vcruntimed:VCRUNTIME140D.dll
 0001:000208ca       _memchr                    100218ca f   vcruntimed:VCRUNTIME140D.dll
 0001:000208d0       ___telemetry_main_invoke_trigger 100218d0 f   vcruntimed:VCRUNTIME140D.dll
 0001:000208d6       ___telemetry_main_return_trigger 100218d6 f   vcruntimed:VCRUNTIME140D.dll
 0001:000208dc       ___std_type_info_destroy_list 100218dc f   vcruntimed:VCRUNTIME140D.dll
 0001:000208e2       __except_handler4_common   100218e2 f   vcruntimed:VCRUNTIME140D.dll
 0001:000208e8       ___stdio_common_vsprintf   100218e8 f   ucrtd:ucrtbased.dll
 0001:000208ee       _strlen                    100218ee f   ucrtd:ucrtbased.dll
 0001:000208f4       _free                      100218f4 f   ucrtd:ucrtbased.dll
 0001:000208fa       _malloc                    100218fa f   ucrtd:ucrtbased.dll
 0001:00020900       _wcstombs                  10021900 f   ucrtd:ucrtbased.dll
 0001:00020906       __wopen                    10021906 f   ucrtd:ucrtbased.dll
 0001:0002090c       __lseeki64                 1002190c f   ucrtd:ucrtbased.dll
 0001:00020912       __errno                    10021912 f   ucrtd:ucrtbased.dll
 0001:00020918       _strerror                  10021918 f   ucrtd:ucrtbased.dll
 0001:0002091e       _fclose                    1002191e f   ucrtd:ucrtbased.dll
 0001:00020924       _ferror                    10021924 f   ucrtd:ucrtbased.dll
 0001:0002092a       _fopen                     1002192a f   ucrtd:ucrtbased.dll
 0001:00020930       _fread                     10021930 f   ucrtd:ucrtbased.dll
 0001:00020936       _fseek                     10021936 f   ucrtd:ucrtbased.dll
 0001:0002093c       __fseeki64                 1002193c f   ucrtd:ucrtbased.dll
 0001:00020942       _ftell                     10021942 f   ucrtd:ucrtbased.dll
 0001:00020948       __ftelli64                 10021948 f   ucrtd:ucrtbased.dll
 0001:0002094e       _fwrite                    1002194e f   ucrtd:ucrtbased.dll
 0001:00020954       _strcmp                    10021954 f   ucrtd:ucrtbased.dll
 0001:0002095a       _srand                     1002195a f   ucrtd:ucrtbased.dll
 0001:00020960       _rand                      10021960 f   ucrtd:ucrtbased.dll
 0001:00020966       __time64                   10021966 f   ucrtd:ucrtbased.dll
 0001:0002096c       __initterm                 1002196c f   ucrtd:ucrtbased.dll
 0001:00020972       __initterm_e               10021972 f   ucrtd:ucrtbased.dll
 0001:00020978       __seh_filter_dll           10021978 f   ucrtd:ucrtbased.dll
 0001:0002097e       __initialize_narrow_environment 1002197e f   ucrtd:ucrtbased.dll
 0001:00020984       __initialize_onexit_table  10021984 f   ucrtd:ucrtbased.dll
 0001:0002098a       __register_onexit_function 1002198a f   ucrtd:ucrtbased.dll
 0001:00020990       __execute_onexit_table     10021990 f   ucrtd:ucrtbased.dll
 0001:00020996       __crt_atexit               10021996 f   ucrtd:ucrtbased.dll
 0001:0002099c       __crt_at_quick_exit        1002199c f   ucrtd:ucrtbased.dll
 0001:000209a2       __cexit                    100219a2 f   ucrtd:ucrtbased.dll
 0001:000209a8       _terminate                 100219a8 f   ucrtd:ucrtbased.dll
 0001:000209ae       __open                     100219ae f   ucrtd:ucrtbased.dll
 0001:000209b4       __close                    100219b4 f   ucrtd:ucrtbased.dll
 0001:000209ba       __read                     100219ba f   ucrtd:ucrtbased.dll
 0001:000209c0       __write                    100219c0 f   ucrtd:ucrtbased.dll
 0001:000209c6       _QueryPerformanceCounter@4 100219c6 f   kernel32:KERNEL32.dll
 0001:000209cc       _GetCurrentProcessId@0     100219cc f   kernel32:KERNEL32.dll
 0001:000209d2       _GetCurrentThreadId@0      100219d2 f   kernel32:KERNEL32.dll
 0001:000209d8       _GetSystemTimeAsFileTime@4 100219d8 f   kernel32:KERNEL32.dll
 0001:000209de       _DisableThreadLibraryCalls@4 100219de f   kernel32:KERNEL32.dll
 0001:000209e4       _InitializeSListHead@4     100219e4 f   kernel32:KERNEL32.dll
 0001:000209ea       _IsDebuggerPresent@0       100219ea f   kernel32:KERNEL32.dll
 0001:000209f0       _UnhandledExceptionFilter@4 100219f0 f   kernel32:KERNEL32.dll
 0001:000209f6       _SetUnhandledExceptionFilter@4 100219f6 f   kernel32:KERNEL32.dll
 0001:000209fc       _GetStartupInfoW@4         100219fc f   kernel32:KERNEL32.dll
 0001:00020a02       _IsProcessorFeaturePresent@4 10021a02 f   kernel32:KERNEL32.dll
 0001:00020a08       _GetModuleHandleW@4        10021a08 f   kernel32:KERNEL32.dll
 0001:00020a0e       _GetCurrentProcess@0       10021a0e f   kernel32:KERNEL32.dll
 0001:00020a14       _TerminateProcess@8        10021a14 f   kernel32:KERNEL32.dll
 0001:00020a20       ___vcrt_initialize         10021a20 f   MSVCRTD:ucrt_stubs.obj
 0001:00020a20       ___acrt_initialize         10021a20 f   MSVCRTD:ucrt_stubs.obj
 0001:00020a20       ___scrt_stub_for_acrt_initialize 10021a20 f   MSVCRTD:ucrt_stubs.obj
 0001:00020a30       ___acrt_thread_attach      10021a30 f   MSVCRTD:ucrt_stubs.obj
 0001:00020a30       ___scrt_stub_for_acrt_thread_attach 10021a30 f   MSVCRTD:ucrt_stubs.obj
 0001:00020a30       ___vcrt_thread_attach      10021a30 f   MSVCRTD:ucrt_stubs.obj
 0001:00020a40       ___scrt_stub_for_acrt_thread_detach 10021a40 f   MSVCRTD:ucrt_stubs.obj
 0001:00020a40       ___vcrt_thread_detach      10021a40 f   MSVCRTD:ucrt_stubs.obj
 0001:00020a40       ___acrt_thread_detach      10021a40 f   MSVCRTD:ucrt_stubs.obj
 0001:00020a50       ___vcrt_uninitialize       10021a50 f   MSVCRTD:ucrt_stubs.obj
 0001:00020a50       ___scrt_stub_for_acrt_uninitialize 10021a50 f   MSVCRTD:ucrt_stubs.obj
 0001:00020a50       ___acrt_uninitialize       10021a50 f   MSVCRTD:ucrt_stubs.obj
 0001:00020a60       ___scrt_stub_for_acrt_uninitialize_critical 10021a60 f   MSVCRTD:ucrt_stubs.obj
 0001:00020a60       ___vcrt_uninitialize_critical 10021a60 f   MSVCRTD:ucrt_stubs.obj
 0001:00020a60       ___acrt_uninitialize_critical 10021a60 f   MSVCRTD:ucrt_stubs.obj
 0001:00020a70       ___scrt_stub_for_is_c_termination_complete 10021a70 f   MSVCRTD:ucrt_stubs.obj
 0001:00020a70       __is_c_termination_complete 10021a70 f   MSVCRTD:ucrt_stubs.obj
 0002:00000000       ___xc_a                    10023000     MSVCRTD:initializers.obj
 0002:00000104       ___xc_z                    10023104     MSVCRTD:initializers.obj
 0002:00000208       ___xi_a                    10023208     MSVCRTD:initializers.obj
 0002:0000030c       ___xi_z                    1002330c     MSVCRTD:initializers.obj
 0002:00000410       ___xp_a                    10023410     MSVCRTD:initializers.obj
 0002:00000514       ___xp_z                    10023514     MSVCRTD:initializers.obj
 0002:00000618       ___xt_a                    10023618     MSVCRTD:initializers.obj
 0002:0000071c       ___xt_z                    1002371c     MSVCRTD:initializers.obj
 0002:00002e88       _deflate_copyright         10025e88     deflate.obj
 0002:00004438       _inflate_copyright         10027438     inftrees.obj
 0002:000045a8       __length_code              100275a8     trees.obj
 0002:000046a8       __dist_code                100276a8     trees.obj
 0002:000051f0       _unz_copyright             100281f0     unzip.obj
 0002:00005258       _zip_copyright             10028258     zip.obj
 0002:000052b8       _z_errmsg                  100282b8     zutil.obj
 0002:000052e8       __pDefaultRawDllMain       100282e8     MSVCRTD:dll_dllmain.obj
 0002:000052e8       __pRawDllMain              100282e8     MSVCRTD:dll_dllmain.obj
 0002:00005338       __load_config_used         10028338     MSVCRTD:loadcfg.obj
 0002:000054c0       ___safe_se_handler_table   100284c0     <linker-defined>
 0002:00005768       ___rtc_iaa                 10028768     MSVCRTD:_initsect_.obj
 0002:0000586c       ___rtc_izz                 1002886c     MSVCRTD:_initsect_.obj
 0002:00005970       ___rtc_taa                 10028970     MSVCRTD:_initsect_.obj
 0002:00005a74       ___rtc_tzz                 10028a74     MSVCRTD:_initsect_.obj
 0003:000007a0       ___scrt_native_dllmain_reason 1002a7a0     MSVCRTD:utility.obj
 0003:000007a4       ___security_cookie_complement 1002a7a4     MSVCRTD:gs_cookie.obj
 0003:000007a8       ___security_cookie         1002a7a8     MSVCRTD:gs_cookie.obj
 0003:000007b0       ___isa_enabled             1002a7b0     MSVCRTD:_cpu_disp_.obj
 0003:000007b4       ___scrt_ucrt_dll_is_in_use 1002a7b4     MSVCRTD:ucrt_stubs.obj
 0003:000008d8       ___scrt_current_native_startup_state 1002a8d8     MSVCRTD:utility.obj
 0003:000008dc       ___scrt_native_startup_lock 1002a8dc     MSVCRTD:utility.obj
 0003:00000900       ?__type_info_root_node@@3U__type_info_node@@A 1002a900     MSVCRTD:tncleanup.obj
 0003:00000910       ?_OptionsStorage@?1??__local_stdio_printf_options@@9@4_KA 1002a910     MSVCRTD:default_local_stdio_options.obj
 0003:00000920       ?_OptionsStorage@?1??__local_stdio_scanf_options@@9@4_KA 1002a920     MSVCRTD:default_local_stdio_options.obj
 0003:0000092c       ___scrt_debugger_hook_flag 1002a92c     MSVCRTD:utility_desktop.obj
 0003:00000930       ___isa_available           1002a930     MSVCRTD:_cpu_disp_.obj
 0003:00000934       ___favor                   1002a934     MSVCRTD:_cpu_disp_.obj
 0003:00000d00       ?_OptionsStorage@?1??__local_stdio_printf_options@@9@9 1002ad00     <common>
 0003:00000d14       ___dyn_tls_init_callback   1002ad14     <common>
 0004:00000000       __imp__ReadFile@20         1002b000     kernel32:KERNEL32.dll
 0004:00000004       __imp__SetFilePointerEx@20 1002b004     kernel32:KERNEL32.dll
 0004:00000008       __imp__WriteFile@20        1002b008     kernel32:KERNEL32.dll
 0004:0000000c       __imp__CreateFile2@20      1002b00c     kernel32:KERNEL32.dll
 0004:00000010       __imp__CloseHandle@4       1002b010     kernel32:KERNEL32.dll
 0004:00000014       __imp__GetLastError@0      1002b014     kernel32:KERNEL32.dll
 0004:00000018       __imp__MultiByteToWideChar@24 1002b018     kernel32:KERNEL32.dll
 0004:0000001c       __imp__GetCurrentProcess@0 1002b01c     kernel32:KERNEL32.dll
 0004:00000020       __imp__GetModuleHandleW@4  1002b020     kernel32:KERNEL32.dll
 0004:00000024       __imp__IsProcessorFeaturePresent@4 1002b024     kernel32:KERNEL32.dll
 0004:00000028       __imp__GetStartupInfoW@4   1002b028     kernel32:KERNEL32.dll
 0004:0000002c       __imp__SetUnhandledExceptionFilter@4 1002b02c     kernel32:KERNEL32.dll
 0004:00000030       __imp__UnhandledExceptionFilter@4 1002b030     kernel32:KERNEL32.dll
 0004:00000034       __imp__IsDebuggerPresent@0 1002b034     kernel32:KERNEL32.dll
 0004:00000038       __imp__InitializeSListHead@4 1002b038     kernel32:KERNEL32.dll
 0004:0000003c       __imp__DisableThreadLibraryCalls@4 1002b03c     kernel32:KERNEL32.dll
 0004:00000040       __imp__GetSystemTimeAsFileTime@4 1002b040     kernel32:KERNEL32.dll
 0004:00000044       __imp__GetCurrentThreadId@0 1002b044     kernel32:KERNEL32.dll
 0004:00000048       __imp__GetCurrentProcessId@0 1002b048     kernel32:KERNEL32.dll
 0004:0000004c       __imp__QueryPerformanceCounter@4 1002b04c     kernel32:KERNEL32.dll
 0004:00000050       __imp__TerminateProcess@8  1002b050     kernel32:KERNEL32.dll
 0004:00000054       \177KERNEL32_NULL_THUNK_DATA 1002b054     kernel32:KERNEL32.dll
 0004:00000090       __imp__memcpy              1002b090     vcruntimed:VCRUNTIME140D.dll
 0004:00000094       __imp__memchr              1002b094     vcruntimed:VCRUNTIME140D.dll
 0004:00000098       __imp____telemetry_main_invoke_trigger 1002b098     vcruntimed:VCRUNTIME140D.dll
 0004:0000009c       __imp____telemetry_main_return_trigger 1002b09c     vcruntimed:VCRUNTIME140D.dll
 0004:000000a0       __imp____std_type_info_destroy_list 1002b0a0     vcruntimed:VCRUNTIME140D.dll
 0004:000000a4       __imp___except_handler4_common 1002b0a4     vcruntimed:VCRUNTIME140D.dll
 0004:000000a8       __imp__memset              1002b0a8     vcruntimed:VCRUNTIME140D.dll
 0004:000000ac       \177VCRUNTIME140D_NULL_THUNK_DATA 1002b0ac     vcruntimed:VCRUNTIME140D.dll
 0004:000000dc       __imp___fseeki64           1002b0dc     ucrtd:ucrtbased.dll
 0004:000000e0       __imp__ftell               1002b0e0     ucrtd:ucrtbased.dll
 0004:000000e4       __imp___ftelli64           1002b0e4     ucrtd:ucrtbased.dll
 0004:000000e8       __imp__fwrite              1002b0e8     ucrtd:ucrtbased.dll
 0004:000000ec       __imp___wopen              1002b0ec     ucrtd:ucrtbased.dll
 0004:000000f0       __imp__srand               1002b0f0     ucrtd:ucrtbased.dll
 0004:000000f4       __imp__rand                1002b0f4     ucrtd:ucrtbased.dll
 0004:000000f8       __imp___time64             1002b0f8     ucrtd:ucrtbased.dll
 0004:000000fc       __imp___initterm           1002b0fc     ucrtd:ucrtbased.dll
 0004:00000100       __imp___initterm_e         1002b100     ucrtd:ucrtbased.dll
 0004:00000104       __imp___seh_filter_dll     1002b104     ucrtd:ucrtbased.dll
 0004:00000108       __imp___initialize_narrow_environment 1002b108     ucrtd:ucrtbased.dll
 0004:0000010c       __imp___initialize_onexit_table 1002b10c     ucrtd:ucrtbased.dll
 0004:00000110       __imp___register_onexit_function 1002b110     ucrtd:ucrtbased.dll
 0004:00000114       __imp__fseek               1002b114     ucrtd:ucrtbased.dll
 0004:00000118       __imp___crt_atexit         1002b118     ucrtd:ucrtbased.dll
 0004:0000011c       __imp___crt_at_quick_exit  1002b11c     ucrtd:ucrtbased.dll
 0004:00000120       __imp___cexit              1002b120     ucrtd:ucrtbased.dll
 0004:00000124       __imp__terminate           1002b124     ucrtd:ucrtbased.dll
 0004:00000128       __imp___open               1002b128     ucrtd:ucrtbased.dll
 0004:00000128       __imp__open                1002b128     ucrtd:ucrtbased.dll
 0004:0000012c       __imp___close              1002b12c     ucrtd:ucrtbased.dll
 0004:0000012c       __imp__close               1002b12c     ucrtd:ucrtbased.dll
 0004:00000130       __imp__read                1002b130     ucrtd:ucrtbased.dll
 0004:00000130       __imp___read               1002b130     ucrtd:ucrtbased.dll
 0004:00000134       __imp___write              1002b134     ucrtd:ucrtbased.dll
 0004:00000134       __imp__write               1002b134     ucrtd:ucrtbased.dll
 0004:00000138       __imp__wcstombs            1002b138     ucrtd:ucrtbased.dll
 0004:0000013c       __imp__malloc              1002b13c     ucrtd:ucrtbased.dll
 0004:00000140       __imp__free                1002b140     ucrtd:ucrtbased.dll
 0004:00000144       __imp__strlen              1002b144     ucrtd:ucrtbased.dll
 0004:00000148       __imp____stdio_common_vsprintf 1002b148     ucrtd:ucrtbased.dll
 0004:0000014c       __imp__fread               1002b14c     ucrtd:ucrtbased.dll
 0004:00000150       __imp__fopen               1002b150     ucrtd:ucrtbased.dll
 0004:00000154       __imp__ferror              1002b154     ucrtd:ucrtbased.dll
 0004:00000158       __imp__fclose              1002b158     ucrtd:ucrtbased.dll
 0004:0000015c       __imp__strerror            1002b15c     ucrtd:ucrtbased.dll
 0004:00000160       __imp___errno              1002b160     ucrtd:ucrtbased.dll
 0004:00000164       __imp___execute_onexit_table 1002b164     ucrtd:ucrtbased.dll
 0004:00000168       __imp___lseeki64           1002b168     ucrtd:ucrtbased.dll
 0004:0000016c       __imp__strcmp              1002b16c     ucrtd:ucrtbased.dll
 0004:00000170       \177ucrtbased_NULL_THUNK_DATA 1002b170     ucrtd:ucrtbased.dll
 0004:000001b8       __IMPORT_DESCRIPTOR_KERNEL32 1002b1b8     kernel32:KERNEL32.dll
 0004:000001cc       __IMPORT_DESCRIPTOR_VCRUNTIME140D 1002b1cc     vcruntimed:VCRUNTIME140D.dll
 0004:000001e0       __IMPORT_DESCRIPTOR_ucrtbased 1002b1e0     ucrtd:ucrtbased.dll
 0004:000001f4       __NULL_IMPORT_DESCRIPTOR   1002b1f4     kernel32:KERNEL32.dll
 0005:00000000       ___guard_check_icall_fptr  1002c000     MSVCRTD:guard_support.obj
