 zlib1

 Timestamp is 56655d4a (Mon Dec 07 12:19:54 2015)

 Preferred load address is 10000000

 Start         Length     Name                   Class
 0001:00000000 0002092bH .text$mn                CODE
 0002:00000000 00000104H .CRT$XCA                DATA
 0002:00000104 00000104H .CRT$XCZ                DATA
 0002:00000208 00000104H .CRT$XIA                DATA
 0002:0000030c 00000104H .CRT$XIAA               DATA
 0002:00000410 00000104H .CRT$XIC                DATA
 0002:00000514 00000104H .CRT$XIZ                DATA
 0002:00000620 00004e71H .rdata                  DATA
 0002:00005494 000001b1H .rdata$debug            DATA
 0002:00005650 00000104H .rdata$sxdata           DATA
 0002:00005754 00000104H .rtc$IAA                DATA
 0002:00005858 00000104H .rtc$IZZ                DATA
 0002:0000595c 00000104H .rtc$TAA                DATA
 0002:00005a60 00000104H .rtc$TZZ                DATA
 0002:00005b68 00000178H .xdata$x                DATA
 0002:00005ce0 00000fb4H .edata                  DATA
 0003:00000000 000008b6H .data                   DATA
 0003:000008b8 0000036cH .bss                    DATA
 0004:00000000 00000188H .idata$5                DATA
 0004:00000188 00000028H .idata$2                DATA
 0004:000001b0 00000014H .idata$3                DATA
 0004:000001c4 00000188H .idata$4                DATA
 0004:0000034c 00000517H .idata$6                DATA
 0005:00000000 00000169H .rsrc$01                DATA
 0005:00000170 000004dcH .rsrc$02                DATA

  Address         Publics by Value              Rva+Base       Lib:Object

 0000:00000000       ___guard_fids_table        00000000     <absolute>
 0000:00000000       ___guard_flags             00000000     <absolute>
 0000:00000000       ___guard_fids_count        00000000     <absolute>
 0000:00000001       ___safe_se_handler_count   00000001     <absolute>
 0000:00000000       ___ImageBase               10000000     <linker-defined>
 0001:000006a0       _adler32                   100016a0 f   adler32.obj
 0001:00000c40       _adler32_combine           10001c40 f   adler32.obj
 0001:00000d60       _adler32_combine64         10001d60 f   adler32.obj
 0001:00000f40       _compress                  10001f40 f   compress.obj
 0001:00000f60       _compress2                 10001f60 f   compress.obj
 0001:00001030       _compressBound             10002030 f   compress.obj
 0001:000010a0       _crc32                     100020a0 f   crc32.obj
 0001:000012f0       _crc32_combine             100022f0 f   crc32.obj
 0001:00001310       _get_crc_table             10002310 f   crc32.obj
 0001:00001ff0       _crc32_combine64           10002ff0 f   crc32.obj
 0001:000023f0       _deflate                   100033f0 f   deflate.obj
 0001:00003370       _deflateEnd                10004370 f   deflate.obj
 0001:000034c0       _deflateSetDictionary      100044c0 f   deflate.obj
 0001:00003730       _deflateCopy               10004730 f   deflate.obj
 0001:00003990       _deflateReset              10004990 f   deflate.obj
 0001:000039c0       _deflateParams             100049c0 f   deflate.obj
 0001:00003b00       _deflateTune               10004b00 f   deflate.obj
 0001:00003b60       _deflateBound              10004b60 f   deflate.obj
 0001:00003cf0       _deflatePending            10004cf0 f   deflate.obj
 0001:00003d40       _deflatePrime              10004d40 f   deflate.obj
 0001:00003e20       _deflateSetHeader          10004e20 f   deflate.obj
 0001:00003e60       _deflateInit_              10004e60 f   deflate.obj
 0001:00003e90       _deflateInit2_             10004e90 f   deflate.obj
 0001:000041f0       _deflateResetKeep          100051f0 f   deflate.obj
 0001:000075a0       _gzclose                   100085a0 f   gzclose.obj
 0001:00007600       _gzdopen                   10008600 f   gzlib.obj
 0001:00007670       _gzbuffer                  10008670 f   gzlib.obj
 0001:000076d0       _gzrewind                  100086d0 f   gzlib.obj
 0001:00007750       _gzeof                     10008750 f   gzlib.obj
 0001:000077b0       _gzerror                   100087b0 f   gzlib.obj
 0001:00007830       _gzclearerr                10008830 f   gzlib.obj
 0001:00007890       _gzopen                    10008890 f   gzlib.obj
 0001:000078b0       _gzseek                    100088b0 f   gzlib.obj
 0001:00007910       _gztell                    10008910 f   gzlib.obj
 0001:00007960       _gzoffset                  10008960 f   gzlib.obj
 0001:000079b0       _gzopen_w                  100089b0 f   gzlib.obj
 0001:000079d0       _gzopen64                  100089d0 f   gzlib.obj
 0001:000079f0       _gzseek64                  100089f0 f   gzlib.obj
 0001:00007cd0       _gztell64                  10008cd0 f   gzlib.obj
 0001:00007d40       _gzoffset64                10008d40 f   gzlib.obj
 0001:00007de0       _gz_error                  10008de0 f   gzlib.obj
 0001:00008710       _gzread                    10009710 f   gzread.obj
 0001:00008930       _gzgets                    10009930 f   gzread.obj
 0001:00008ae0       _gzgetc                    10009ae0 f   gzread.obj
 0001:00008bb0       _gzungetc                  10009bb0 f   gzread.obj
 0001:00008d80       _gzdirect                  10009d80 f   gzread.obj
 0001:00008dd0       _gzclose_r                 10009dd0 f   gzread.obj
 0001:00008ec0       _gzgetc_                   10009ec0 f   gzread.obj
 0001:00009990       _gzsetparams               1000a990 f   gzwrite.obj
 0001:00009a80       _gzwrite                   1000aa80 f   gzwrite.obj
 0001:00009c80       _gzprintf                  1000ac80 f   gzwrite.obj
 0001:00009cc0       _gzputs                    1000acc0 f   gzwrite.obj
 0001:00009d10       _gzputc                    1000ad10 f   gzwrite.obj
 0001:00009e40       _gzflush                   1000ae40 f   gzwrite.obj
 0001:00009ee0       _gzclose_w                 1000aee0 f   gzwrite.obj
 0001:0000a000       _gzvprintf                 1000b000 f   gzwrite.obj
 0001:0000a8a0       _inflateBack               1000b8a0 f   infback.obj
 0001:0000bc50       _inflateBackEnd            1000cc50 f   infback.obj
 0001:0000bca0       _inflateBackInit_          1000cca0 f   infback.obj
 0001:0000c330       _inflate_fast              1000d330 f   inffast.obj
 0001:0000cc80       _inflate                   1000dc80 f   inflate.obj
 0001:0000ed70       _inflateEnd                1000fd70 f   inflate.obj
 0001:0000edf0       _inflateSetDictionary      1000fdf0 f   inflate.obj
 0001:0000eec0       _inflateGetDictionary      1000fec0 f   inflate.obj
 0001:0000ef60       _inflateSync               1000ff60 f   inflate.obj
 0001:0000f0f0       _inflateCopy               100100f0 f   inflate.obj
 0001:0000f2b0       _inflateReset              100102b0 f   inflate.obj
 0001:0000f310       _inflateReset2             10010310 f   inflate.obj
 0001:0000f3e0       _inflatePrime              100103e0 f   inflate.obj
 0001:0000f480       _inflateMark               10010480 f   inflate.obj
 0001:0000f500       _inflateGetHeader          10010500 f   inflate.obj
 0001:0000f550       _inflateInit_              10010550 f   inflate.obj
 0001:0000f570       _inflateInit2_             10010570 f   inflate.obj
 0001:0000f680       _inflateSyncPoint          10010680 f   inflate.obj
 0001:0000f6d0       _inflateUndermine          100106d0 f   inflate.obj
 0001:0000f730       _inflateResetKeep          10010730 f   inflate.obj
 0001:00010600       _inflate_table             10011600 f   inftrees.obj
 0001:00010d20       _fill_fopen64_filefunc     10011d20 f   ioapi.obj
 0001:00010d80       _fill_fopen_filefunc       10011d80 f   ioapi.obj
 0001:00010de0       _call_zopen64              10011de0 f   ioapi.obj
 0001:00010e30       _call_zseek64              10011e30 f   ioapi.obj
 0001:00010eb0       _call_ztell64              10011eb0 f   ioapi.obj
 0001:00010f10       _fill_zlib_filefunc64_32_def_from_filefunc32 10011f10 f   ioapi.obj
 0001:000113c0       _fill_win32_filefunc       100123c0 f   iowin32.obj
 0001:00011420       _fill_win32_filefunc64     10012420 f   iowin32.obj
 0001:00011480       _fill_win32_filefunc64A    10012480 f   iowin32.obj
 0001:000114e0       _fill_win32_filefunc64W    100124e0 f   iowin32.obj
 0001:00011540       _win32_open_file_func      10012540 f   iowin32.obj
 0001:000115d0       _win32_read_file_func      100125d0 f   iowin32.obj
 0001:00011640       _win32_write_file_func     10012640 f   iowin32.obj
 0001:000116b0       _win32_tell64_file_func    100126b0 f   iowin32.obj
 0001:00011740       _win32_seek64_file_func    10012740 f   iowin32.obj
 0001:00011800       _win32_close_file_func     10012800 f   iowin32.obj
 0001:00011850       _win32_error_file_func     10012850 f   iowin32.obj
 0001:00011970       _win32_open64_file_func    10012970 f   iowin32.obj
 0001:00011a00       _win32_open64_file_funcA   10012a00 f   iowin32.obj
 0001:00011a90       _win32_open64_file_funcW   10012a90 f   iowin32.obj
 0001:00011b20       _win32_tell_file_func      10012b20 f   iowin32.obj
 0001:00011ba0       _win32_seek_file_func      10012ba0 f   iowin32.obj
 0001:00011e90       __tr_init                  10012e90 f   trees.obj
 0001:00011f20       __tr_tally                 10012f20 f   trees.obj
 0001:00012060       __tr_flush_block           10013060 f   trees.obj
 0001:00012430       __tr_flush_bits            10013430 f   trees.obj
 0001:00012450       __tr_align                 10013450 f   trees.obj
 0001:000126c0       __tr_stored_block          100136c0 f   trees.obj
 0001:00015cd0       _uncompress                10016cd0 f   uncompr.obj
 0001:00015de0       _unzStringFileNameCompare  10016de0 f   unzip.obj
 0001:00015e20       _unzOpen                   10016e20 f   unzip.obj
 0001:00015e40       _unzOpen64                 10016e40 f   unzip.obj
 0001:00015e60       _unzOpen2                  10016e60 f   unzip.obj
 0001:00015eb0       _unzOpen2_64               10016eb0 f   unzip.obj
 0001:00015f10       _unzClose                  10016f10 f   unzip.obj
 0001:00015f80       _unzGetGlobalInfo          10016f80 f   unzip.obj
 0001:00015fc0       _unzGetGlobalInfo64        10016fc0 f   unzip.obj
 0001:00016000       _unzGetGlobalComment       10017000 f   unzip.obj
 0001:000160d0       _unzGoToFirstFile          100170d0 f   unzip.obj
 0001:00016170       _unzGoToNextFile           10017170 f   unzip.obj
 0001:000162b0       _unzLocateFile             100172b0 f   unzip.obj
 0001:00016420       _unzGetFilePos             10017420 f   unzip.obj
 0001:00016460       _unzGoToFilePos            10017460 f   unzip.obj
 0001:000164b0       _unzGetFilePos64           100174b0 f   unzip.obj
 0001:00016520       _unzGoToFilePos64          10017520 f   unzip.obj
 0001:000165c0       _unzGetCurrentFileInfo64   100175c0 f   unzip.obj
 0001:000165f0       _unzGetCurrentFileInfo     100175f0 f   unzip.obj
 0001:000166f0       _unzGetCurrentFileZStreamPos64 100176f0 f   unzip.obj
 0001:00016750       _unzOpenCurrentFile        10017750 f   unzip.obj
 0001:00016770       _unzOpenCurrentFilePassword 10017770 f   unzip.obj
 0001:00016790       _unzOpenCurrentFile2       10017790 f   unzip.obj
 0001:000167b0       _unzOpenCurrentFile3       100177b0 f   unzip.obj
 0001:00016b30       _unzCloseCurrentFile       10017b30 f   unzip.obj
 0001:00016c20       _unzReadCurrentFile        10017c20 f   unzip.obj
 0001:00017100       _unztell                   10018100 f   unzip.obj
 0001:00017140       _unztell64                 10018140 f   unzip.obj
 0001:00017190       _unzeof                    10018190 f   unzip.obj
 0001:000171f0       _unzGetLocalExtrafield     100181f0 f   unzip.obj
 0001:00017300       _unzGetOffset64            10018300 f   unzip.obj
 0001:000173a0       _unzGetOffset              100183a0 f   unzip.obj
 0001:000173d0       _unzSetOffset64            100183d0 f   unzip.obj
 0001:00017470       _unzSetOffset              10018470 f   unzip.obj
 0001:00019b90       _zipOpen                   1001ab90 f   zip.obj
 0001:00019bb0       _zipOpen64                 1001abb0 f   zip.obj
 0001:00019bd0       _zipOpen2                  1001abd0 f   zip.obj
 0001:00019c30       _zipOpen2_64               1001ac30 f   zip.obj
 0001:00019ca0       _zipOpenNewFileInZip       1001aca0 f   zip.obj
 0001:00019cf0       _zipOpenNewFileInZip64     1001acf0 f   zip.obj
 0001:00019d40       _zipOpenNewFileInZip2      1001ad40 f   zip.obj
 0001:00019d90       _zipOpenNewFileInZip2_64   1001ad90 f   zip.obj
 0001:00019de0       _zipOpenNewFileInZip3      1001ade0 f   zip.obj
 0001:00019e40       _zipOpenNewFileInZip3_64   1001ae40 f   zip.obj
 0001:00019ea0       _zipOpenNewFileInZip4      1001aea0 f   zip.obj
 0001:00019f00       _zipOpenNewFileInZip4_64   1001af00 f   zip.obj
 0001:0001a650       _zipWriteInFileInZip       1001b650 f   zip.obj
 0001:0001a850       _zipCloseFileInZip         1001b850 f   zip.obj
 0001:0001a870       _zipCloseFileInZipRaw      1001b870 f   zip.obj
 0001:0001a890       _zipCloseFileInZipRaw64    1001b890 f   zip.obj
 0001:0001afa0       _zipClose                  1001bfa0 f   zip.obj
 0001:0001b1c0       _zipRemoveExtraInfoBlock   1001c1c0 f   zip.obj
 0001:0001c2c0       _LoadCentralDirectoryRecord 1001d2c0 f   zip.obj
 0001:0001c900       _zipOpen3                  1001d900 f   zip.obj
 0001:0001cac0       _Write_LocalFileHeader     1001dac0 f   zip.obj
 0001:0001cf80       _Write_Zip64EndOfCentralDirectoryLocator 1001df80 f   zip.obj
 0001:0001d040       _Write_Zip64EndOfCentralDirectoryRecord 1001e040 f   zip.obj
 0001:0001d1f0       _Write_EndOfCentralDirectoryRecord 1001e1f0 f   zip.obj
 0001:0001d3f0       _Write_GlobalComment       1001e3f0 f   zip.obj
 0001:0001e2c0       _zlibVersion               1001f2c0 f   zutil.obj
 0001:0001e2d0       _zlibCompileFlags          1001f2d0 f   zutil.obj
 0001:0001e3e0       _zError                    1001f3e0 f   zutil.obj
 0001:0001e400       _zcalloc                   1001f400 f   zutil.obj
 0001:0001e430       _zcfree                    1001f430 f   zutil.obj
 0001:0001e4a2       _ReadFile@20               1001f4a2 f   kernel32:KERNEL32.dll
 0001:0001e4a8       _SetFilePointerEx@20       1001f4a8 f   kernel32:KERNEL32.dll
 0001:0001e4ae       _WriteFile@20              1001f4ae f   kernel32:KERNEL32.dll
 0001:0001e4b4       _CreateFile2@20            1001f4b4 f   kernel32:KERNEL32.dll
 0001:0001e4ba       _CloseHandle@4             1001f4ba f   kernel32:KERNEL32.dll
 0001:0001e4c0       _GetLastError@0            1001f4c0 f   kernel32:KERNEL32.dll
 0001:0001e4c6       _MultiByteToWideChar@24    1001f4c6 f   kernel32:KERNEL32.dll
 0001:0001e4d0       __allrem                   1001f4d0 f   MSVCRTD:llrem.obj
 0001:0001e590       __allshr                   1001f590 f   MSVCRTD:llshr.obj
 0001:0001e5b2       _memcpy                    1001f5b2 f   MSVCRTD:MSVCR120D.dll
 0001:0001e5b8       _memset                    1001f5b8 f   MSVCRTD:MSVCR120D.dll
 0001:0001e5be       __snprintf                 1001f5be f   MSVCRTD:MSVCR120D.dll
 0001:0001e5c4       _strlen                    1001f5c4 f   MSVCRTD:MSVCR120D.dll
 0001:0001e5ca       _wcstombs                  1001f5ca f   MSVCRTD:MSVCR120D.dll
 0001:0001e5d0       _free                      1001f5d0 f   MSVCRTD:MSVCR120D.dll
 0001:0001e5d6       _malloc                    1001f5d6 f   MSVCRTD:MSVCR120D.dll
 0001:0001e5dc       __lseeki64                 1001f5dc f   MSVCRTD:MSVCR120D.dll
 0001:0001e5e2       __wopen                    1001f5e2 f   MSVCRTD:MSVCR120D.dll
 0001:0001e5e8       __errno                    1001f5e8 f   MSVCRTD:MSVCR120D.dll
 0001:0001e5ee       _memchr                    1001f5ee f   MSVCRTD:MSVCR120D.dll
 0001:0001e5f4       _strerror                  1001f5f4 f   MSVCRTD:MSVCR120D.dll
 0001:0001e5fa       _fclose                    1001f5fa f   MSVCRTD:MSVCR120D.dll
 0001:0001e600       _ferror                    1001f600 f   MSVCRTD:MSVCR120D.dll
 0001:0001e606       _fopen                     1001f606 f   MSVCRTD:MSVCR120D.dll
 0001:0001e60c       _fread                     1001f60c f   MSVCRTD:MSVCR120D.dll
 0001:0001e612       _fseek                     1001f612 f   MSVCRTD:MSVCR120D.dll
 0001:0001e618       _ftell                     1001f618 f   MSVCRTD:MSVCR120D.dll
 0001:0001e61e       __fseeki64                 1001f61e f   MSVCRTD:MSVCR120D.dll
 0001:0001e624       __ftelli64                 1001f624 f   MSVCRTD:MSVCR120D.dll
 0001:0001e62a       _fwrite                    1001f62a f   MSVCRTD:MSVCR120D.dll
 0001:0001e630       _strcmp                    1001f630 f   MSVCRTD:MSVCR120D.dll
 0001:0001e640       __allmul                   1001f640 f   MSVCRTD:llmul.obj
 0001:0001e680       __allshl                   1001f680 f   MSVCRTD:llshl.obj
 0001:0001e6a0       __aulldiv                  1001f6a0 f   MSVCRTD:ulldiv.obj
 0001:0001e710       __aullshr                  1001f710 f   MSVCRTD:ullshr.obj
 0001:0001e730       _rand                      1001f730 f   MSVCRTD:MSVCR120D.dll
 0001:0001e736       _srand                     1001f736 f   MSVCRTD:MSVCR120D.dll
 0001:0001e73c       __time64                   1001f73c f   MSVCRTD:MSVCR120D.dll
 0001:0001e750       __alloca_probe             1001f750 f   MSVCRTD:chkstk.obj
 0001:0001e750       __chkstk                   1001f750 f   MSVCRTD:chkstk.obj
 0001:0001e800       _NtCurrentTeb              1001f800 f i MSVCRTD:crtdll.obj
 0001:0001e810       __CRT_INIT@12              1001f810 f   MSVCRTD:crtdll.obj
 0001:0001eaf0       __DllMainCRTStartup@12     1001faf0 f   MSVCRTD:crtdll.obj
 0001:0001ece0       __vsnprintf                1001fce0 f   MSVCRTD:MSVCR120D.dll
 0001:0001ece6       ___CppXcptFilter           1001fce6 f   MSVCRTD:MSVCR120D.dll
 0001:0001ecec       __amsg_exit                1001fcec f   MSVCRTD:MSVCR120D.dll
 0001:0001ecf2       __malloc_dbg               1001fcf2 f   MSVCRTD:MSVCR120D.dll
 0001:0001ecf8       __free_dbg                 1001fcf8 f   MSVCRTD:MSVCR120D.dll
 0001:0001ecfe       __CrtSetCheckCount         1001fcfe f   MSVCRTD:MSVCR120D.dll
 0001:0001ed10       __FindPESection            1001fd10 f   MSVCRTD:pesect.obj
 0001:0001ed90       __IsNonwritableInCurrentImage 1001fd90 f   MSVCRTD:pesect.obj
 0001:0001eec0       __ValidateImageBase        1001fec0 f   MSVCRTD:pesect.obj
 0001:0001ef20       ___atonexitinit            1001ff20 f   MSVCRTD:atonexit.obj
 0001:0001efd0       __onexit                   1001ffd0 f   MSVCRTD:atonexit.obj
 0001:0001f0d0       _atexit                    100200d0 f   MSVCRTD:atonexit.obj
 0001:0001f100       ___security_init_cookie    10020100 f   MSVCRTD:gs_support.obj
 0001:0001f1e0       _DllMain@12                100201e0 f   MSVCRTD:dllmain.obj
 0001:0001f210       __RTC_Initialize           10020210 f   MSVCRTD:initsect.obj
 0001:0001f240       __RTC_Terminate            10020240 f   MSVCRTD:initsect.obj
 0001:0001f266       __initterm                 10020266 f   MSVCRTD:MSVCR120D.dll
 0001:0001f26c       __initterm_e               1002026c f   MSVCRTD:MSVCR120D.dll
 0001:0001f280       ___clean_type_info_names   10020280 f   MSVCRTD:tncleanup.obj
 0001:0001f2a0       __except_handler4          100202a0 f   MSVCRTD:chandler4gs.obj
 0001:0001f2c8       __lock                     100202c8 f   MSVCRTD:MSVCR120D.dll
 0001:0001f2ce       __unlock                   100202ce f   MSVCRTD:MSVCR120D.dll
 0001:0001f2d4       __CrtDbgReportW            100202d4 f   MSVCRTD:MSVCR120D.dll
 0001:0001f2da       __calloc_dbg               100202da f   MSVCRTD:MSVCR120D.dll
 0001:0001f2e0       ___dllonexit               100202e0 f   MSVCRTD:MSVCR120D.dll
 0001:0001f2e6       ___clean_type_info_names_internal 100202e6 f   MSVCRTD:MSVCR120D.dll
 0001:0001f2f0       @__security_check_cookie@4 100202f0 f   MSVCRTD:secchk.obj
 0001:0001f300       __except_handler4_common   10020300 f   MSVCRTD:MSVCR120D.dll
 0001:0001f310       ___raise_securityfailure   10020310 f   MSVCRTD:gs_report.obj
 0001:0001f360       ___report_gsfailure        10020360 f   MSVCRTD:gs_report.obj
 0001:0001f470       ___report_rangecheckfailure 10020470 f   MSVCRTD:gs_report.obj
 0001:0001f480       ___report_securityfailure  10020480 f   MSVCRTD:gs_report.obj
 0001:0001f560       ___report_securityfailureEx 10020560 f   MSVCRTD:gs_report.obj
 0001:0001f686       __crt_debugger_hook        10020686 f   MSVCRTD:MSVCR120D.dll
 0001:0001f68c       ___crtUnhandledException   1002068c f   MSVCRTD:MSVCR120D.dll
 0001:0001f692       ___crtTerminateProcess     10020692 f   MSVCRTD:MSVCR120D.dll
 0001:0001f698       _EncodePointer@4           10020698 f   kernel32:KERNEL32.dll
 0001:0001f69e       _DecodePointer@4           1002069e f   kernel32:KERNEL32.dll
 0001:0001f6a4       _QueryPerformanceCounter@4 100206a4 f   kernel32:KERNEL32.dll
 0001:0001f6aa       _GetCurrentProcessId@0     100206aa f   kernel32:KERNEL32.dll
 0001:0001f6b0       _GetCurrentThreadId@0      100206b0 f   kernel32:KERNEL32.dll
 0001:0001f6b6       _GetSystemTimeAsFileTime@4 100206b6 f   kernel32:KERNEL32.dll
 0001:0001f6bc       _DisableThreadLibraryCalls@4 100206bc f   kernel32:KERNEL32.dll
 0001:0001f6c2       _IsDebuggerPresent@0       100206c2 f   kernel32:KERNEL32.dll
 0001:0001f6c8       _IsProcessorFeaturePresent@4 100206c8 f   kernel32:KERNEL32.dll
 0001:0001f6ce       __open                     100206ce f   MSVCRTD:MSVCR120D.dll
 0001:0001f6d4       __close                    100206d4 f   MSVCRTD:MSVCR120D.dll
 0001:0001f6da       __read                     100206da f   MSVCRTD:MSVCR120D.dll
 0001:0001f6e0       __write                    100206e0 f   MSVCRTD:MSVCR120D.dll
 0002:00000000       ___xc_a                    10022000     MSVCRTD:cinitexe.obj
 0002:00000104       ___xc_z                    10022104     MSVCRTD:cinitexe.obj
 0002:00000208       ___xi_a                    10022208     MSVCRTD:cinitexe.obj
 0002:00000514       ___xi_z                    10022514     MSVCRTD:cinitexe.obj
 0002:00002cc0       _deflate_copyright         10024cc0     deflate.obj
 0002:00004270       _inflate_copyright         10026270     inftrees.obj
 0002:000043e0       __length_code              100263e0     trees.obj
 0002:000044e0       __dist_code                100264e0     trees.obj
 0002:00005028       _unz_copyright             10027028     unzip.obj
 0002:00005090       _zip_copyright             10027090     zip.obj
 0002:000050f0       _z_errmsg                  100270f0     zutil.obj
 0002:00005120       __pRawDllMain              10027120     MSVCRTD:crtdll.obj
 0002:00005120       __pDefaultRawDllMain       10027120     MSVCRTD:crtdll.obj
 0002:00005124       ??_C@_0CL@CCAGLLEM@f?3?2dd?2vctools?2crt?2crtw32?2dllstuf@ 10027124     MSVCRTD:crtdll.obj
 0002:00005150       ??_C@_1MC@KPMPFEII@?$AA?$CI?$AA_?$AA_?$AAo?$AAn?$AAe?$AAx?$AAi?$AAt?$AAb?$AAe?$AAg?$AAi?$AAn?$AA?5?$AA?$CB?$AA?$DN?$AA?5?$AAN?$AAU?$AAL?$AAL?$AA?5?$AA?$CG?$AA?$CG?$AA?5?$AA_?$AA_?$AAo?$AAn?$AAe?$AAx@ 10027150     MSVCRTD:atonexit.obj
 0002:00005214       ??_C@_15GANGMFKL@?$AA?$CF?$AAs?$AA?$AA@ 10027214     MSVCRTD:atonexit.obj
 0002:00005220       ??_C@_1FK@IGIDCAPD@?$AAf?$AA?3?$AA?2?$AAd?$AAd?$AA?2?$AAv?$AAc?$AAt?$AAo?$AAo?$AAl?$AAs?$AA?2?$AAc?$AAr?$AAt?$AA?2?$AAc?$AAr?$AAt?$AAw?$AA3?$AA2?$AA?2?$AAd?$AAl?$AAl?$AAs?$AAt?$AAu?$AAf@ 10027220     MSVCRTD:atonexit.obj
 0002:0000527c       ??_C@_0CN@LMJJPMEG@f?3?2dd?2vctools?2crt?2crtw32?2dllstuf@ 1002727c     MSVCRTD:atonexit.obj
 0002:000052ac       ?ProcessDetach@NativeDll@<CrtImplementationDetails>@@0IB 100272ac     MSVCRTD:initsect.obj
 0002:000052b0       ?ProcessAttach@NativeDll@<CrtImplementationDetails>@@0IB 100272b0     MSVCRTD:initsect.obj
 0002:000052b4       ?ThreadAttach@NativeDll@<CrtImplementationDetails>@@0IB 100272b4     MSVCRTD:initsect.obj
 0002:000052b8       ?ThreadDetach@NativeDll@<CrtImplementationDetails>@@0IB 100272b8     MSVCRTD:initsect.obj
 0002:000052bc       ?ProcessVerifier@NativeDll@<CrtImplementationDetails>@@0IB 100272bc     MSVCRTD:initsect.obj
 0002:000052c0       ?value@?$integral_constant@_N$0A@@std@@2_NB 100272c0     MSVCRTD:tncleanup.obj
 0002:000052c1       ?value@?$integral_constant@_N$00@std@@2_NB 100272c1     MSVCRTD:tncleanup.obj
 0002:000052d0       __load_config_used         100272d0     MSVCRTD:loadcfg.obj
 0002:00005650       ___safe_se_handler_table   10027650     <linker-defined>
 0002:00005754       ___rtc_iaa                 10027754     MSVCRTD:initsect.obj
 0002:00005858       ___rtc_izz                 10027858     MSVCRTD:initsect.obj
 0002:0000595c       ___rtc_taa                 1002795c     MSVCRTD:initsect.obj
 0002:00005a60       ___rtc_tzz                 10027a60     MSVCRTD:initsect.obj
 0003:000007a0       ___native_dllmain_reason   100297a0     MSVCRTD:natstart.obj
 0003:000007a4       ___security_cookie         100297a4     MSVCRTD:gs_cookie.obj
 0003:000007a8       ___security_cookie_complement 100297a8     MSVCRTD:gs_cookie.obj
 0003:000008c8       ?__type_info_root_node@@3U__type_info_node@@A 100298c8     MSVCRTD:tncleanup.obj
 0003:00000bf0       ___native_startup_lock     10029bf0     <common>
 0003:00000c00       ___native_startup_state    10029c00     <common>
 0003:00000c04       ___onexitend               10029c04     <common>
 0003:00000c14       ___onexitbegin             10029c14     <common>
 0003:00000c18       ___dyn_tls_init_callback   10029c18     <common>
 0004:00000000       __imp__ReadFile@20         1002a000     kernel32:KERNEL32.dll
 0004:00000004       __imp__SetFilePointerEx@20 1002a004     kernel32:KERNEL32.dll
 0004:00000008       __imp__WriteFile@20        1002a008     kernel32:KERNEL32.dll
 0004:0000000c       __imp__CreateFile2@20      1002a00c     kernel32:KERNEL32.dll
 0004:00000010       __imp__CloseHandle@4       1002a010     kernel32:KERNEL32.dll
 0004:00000014       __imp__GetLastError@0      1002a014     kernel32:KERNEL32.dll
 0004:00000018       __imp__MultiByteToWideChar@24 1002a018     kernel32:KERNEL32.dll
 0004:0000001c       __imp__IsDebuggerPresent@0 1002a01c     kernel32:KERNEL32.dll
 0004:00000020       __imp__DisableThreadLibraryCalls@4 1002a020     kernel32:KERNEL32.dll
 0004:00000024       __imp__GetSystemTimeAsFileTime@4 1002a024     kernel32:KERNEL32.dll
 0004:00000028       __imp__GetCurrentThreadId@0 1002a028     kernel32:KERNEL32.dll
 0004:0000002c       __imp__GetCurrentProcessId@0 1002a02c     kernel32:KERNEL32.dll
 0004:00000030       __imp__QueryPerformanceCounter@4 1002a030     kernel32:KERNEL32.dll
 0004:00000034       __imp__DecodePointer@4     1002a034     kernel32:KERNEL32.dll
 0004:00000038       __imp__EncodePointer@4     1002a038     kernel32:KERNEL32.dll
 0004:0000003c       __imp__IsProcessorFeaturePresent@4 1002a03c     kernel32:KERNEL32.dll
 0004:00000040       \177KERNEL32_NULL_THUNK_DATA 1002a040     kernel32:KERNEL32.dll
 0004:00000078       __imp___errno              1002a078     MSVCRTD:MSVCR120D.dll
 0004:0000007c       __imp__memchr              1002a07c     MSVCRTD:MSVCR120D.dll
 0004:00000080       __imp__strerror            1002a080     MSVCRTD:MSVCR120D.dll
 0004:00000084       __imp__fclose              1002a084     MSVCRTD:MSVCR120D.dll
 0004:00000088       __imp__ferror              1002a088     MSVCRTD:MSVCR120D.dll
 0004:0000008c       __imp__fopen               1002a08c     MSVCRTD:MSVCR120D.dll
 0004:00000090       __imp__fread               1002a090     MSVCRTD:MSVCR120D.dll
 0004:00000094       __imp__fseek               1002a094     MSVCRTD:MSVCR120D.dll
 0004:00000098       __imp__ftell               1002a098     MSVCRTD:MSVCR120D.dll
 0004:0000009c       __imp___fseeki64           1002a09c     MSVCRTD:MSVCR120D.dll
 0004:000000a0       __imp___ftelli64           1002a0a0     MSVCRTD:MSVCR120D.dll
 0004:000000a4       __imp__fwrite              1002a0a4     MSVCRTD:MSVCR120D.dll
 0004:000000a8       __imp__strcmp              1002a0a8     MSVCRTD:MSVCR120D.dll
 0004:000000ac       __imp__rand                1002a0ac     MSVCRTD:MSVCR120D.dll
 0004:000000b0       __imp___wopen              1002a0b0     MSVCRTD:MSVCR120D.dll
 0004:000000b4       __imp___time64             1002a0b4     MSVCRTD:MSVCR120D.dll
 0004:000000b8       __imp__vsnprintf           1002a0b8     MSVCRTD:MSVCR120D.dll
 0004:000000b8       __imp___vsnprintf          1002a0b8     MSVCRTD:MSVCR120D.dll
 0004:000000bc       __imp____CppXcptFilter     1002a0bc     MSVCRTD:MSVCR120D.dll
 0004:000000c0       __imp___amsg_exit          1002a0c0     MSVCRTD:MSVCR120D.dll
 0004:000000c4       __imp___malloc_dbg         1002a0c4     MSVCRTD:MSVCR120D.dll
 0004:000000c8       __imp___free_dbg           1002a0c8     MSVCRTD:MSVCR120D.dll
 0004:000000cc       __imp___CrtSetCheckCount   1002a0cc     MSVCRTD:MSVCR120D.dll
 0004:000000d0       __imp___initterm           1002a0d0     MSVCRTD:MSVCR120D.dll
 0004:000000d4       __imp___initterm_e         1002a0d4     MSVCRTD:MSVCR120D.dll
 0004:000000d8       __imp___lock               1002a0d8     MSVCRTD:MSVCR120D.dll
 0004:000000dc       __imp___unlock             1002a0dc     MSVCRTD:MSVCR120D.dll
 0004:000000e0       __imp___CrtDbgReportW      1002a0e0     MSVCRTD:MSVCR120D.dll
 0004:000000e4       __imp___calloc_dbg         1002a0e4     MSVCRTD:MSVCR120D.dll
 0004:000000e8       __imp____dllonexit         1002a0e8     MSVCRTD:MSVCR120D.dll
 0004:000000ec       __imp___onexit             1002a0ec     MSVCRTD:MSVCR120D.dll
 0004:000000f0       __imp____clean_type_info_names_internal 1002a0f0     MSVCRTD:MSVCR120D.dll
 0004:000000f4       __imp___except_handler4_common 1002a0f4     MSVCRTD:MSVCR120D.dll
 0004:000000f8       __imp___crt_debugger_hook  1002a0f8     MSVCRTD:MSVCR120D.dll
 0004:000000fc       __imp____crtUnhandledException 1002a0fc     MSVCRTD:MSVCR120D.dll
 0004:00000100       __imp____crtTerminateProcess 1002a100     MSVCRTD:MSVCR120D.dll
 0004:00000104       __imp___lseeki64           1002a104     MSVCRTD:MSVCR120D.dll
 0004:00000108       __imp__malloc              1002a108     MSVCRTD:MSVCR120D.dll
 0004:0000010c       __imp__free                1002a10c     MSVCRTD:MSVCR120D.dll
 0004:00000110       __imp__wcstombs            1002a110     MSVCRTD:MSVCR120D.dll
 0004:00000114       __imp__strlen              1002a114     MSVCRTD:MSVCR120D.dll
 0004:00000118       __imp___snprintf           1002a118     MSVCRTD:MSVCR120D.dll
 0004:0000011c       __imp__memset              1002a11c     MSVCRTD:MSVCR120D.dll
 0004:00000120       __imp__memcpy              1002a120     MSVCRTD:MSVCR120D.dll
 0004:00000124       __imp__srand               1002a124     MSVCRTD:MSVCR120D.dll
 0004:00000128       __imp__open                1002a128     MSVCRTD:MSVCR120D.dll
 0004:00000128       __imp___open               1002a128     MSVCRTD:MSVCR120D.dll
 0004:0000012c       __imp__close               1002a12c     MSVCRTD:MSVCR120D.dll
 0004:0000012c       __imp___close              1002a12c     MSVCRTD:MSVCR120D.dll
 0004:00000130       __imp__read                1002a130     MSVCRTD:MSVCR120D.dll
 0004:00000130       __imp___read               1002a130     MSVCRTD:MSVCR120D.dll
 0004:00000134       __imp__write               1002a134     MSVCRTD:MSVCR120D.dll
 0004:00000134       __imp___write              1002a134     MSVCRTD:MSVCR120D.dll
 0004:00000138       \177MSVCR120D_NULL_THUNK_DATA 1002a138     MSVCRTD:MSVCR120D.dll
 0004:00000188       __IMPORT_DESCRIPTOR_KERNEL32 1002a188     kernel32:KERNEL32.dll
 0004:0000019c       __IMPORT_DESCRIPTOR_MSVCR120D 1002a19c     MSVCRTD:MSVCR120D.dll
 0004:000001b0       __NULL_IMPORT_DESCRIPTOR   1002a1b0     kernel32:KERNEL32.dll
