 zlib1

 Timestamp is 561c9eb2 (Tue Oct 13 09:03:30 2015)

 Preferred load address is 10000000

 Start         Length     Name                   Class
 0001:00000000 000101f4H .text$mn                CODE
 0002:00000000 0000011cH .idata$5                DATA
 0002:0000011c 00000004H .00cfg                  DATA
 0002:00000120 00000004H .CRT$XCA                DATA
 0002:00000124 00000004H .CRT$XCZ                DATA
 0002:00000128 00000004H .CRT$XIA                DATA
 0002:0000012c 00000004H .CRT$XIZ                DATA
 0002:00000130 00000004H .CRT$XPA                DATA
 0002:00000134 00000004H .CRT$XPZ                DATA
 0002:00000138 00000004H .CRT$XTA                DATA
 0002:0000013c 00000004H .CRT$XTZ                DATA
 0002:00000140 00000000H .gfids$x                DATA
 0002:00000140 000041dcH .rdata                  DATA
 0002:00004320 00000004H .rdata$sxdata           DATA
 0002:00004324 000002bcH .rdata$zzzdbg           DATA
 0002:000045e0 00000004H .rtc$IAA                DATA
 0002:000045e4 00000004H .rtc$IZZ                DATA
 0002:000045e8 00000004H .rtc$TAA                DATA
 0002:000045ec 00000004H .rtc$TZZ                DATA
 0002:000045f0 0000007cH .xdata$x                DATA
 0002:00004670 00000c41H .edata                  DATA
 0002:000052b4 000000a0H .idata$2                DATA
 0002:00005354 00000014H .idata$3                DATA
 0002:00005368 0000011cH .idata$4                DATA
 0002:00005484 0000050aH .idata$6                DATA
 0003:00000000 00000060H .data                   DATA
 0003:00000060 00000388H .bss                    DATA
 0004:00000000 00000058H .rsrc$01                DATA
 0004:00000060 00000338H .rsrc$02                DATA

  Address         Publics by Value              Rva+Base       Lib:Object

 0000:00000000       ___guard_fids_table        00000000     <absolute>
 0000:00000000       ___guard_fids_count        00000000     <absolute>
 0000:00000001       ___safe_se_handler_count   00000001     <absolute>
 0000:00000100       ___guard_flags             00000100     <absolute>
 0000:00000000       ___ImageBase               10000000     <linker-defined>
 0001:00000000       _adler32                   10001000 f   adler32.obj
 0001:00000340       _adler32_combine           10001340 f   adler32.obj
 0001:00000360       _compress2                 10001360 f   compress.obj
 0001:00000410       _compress                  10001410 f   compress.obj
 0001:00000430       _compressBound             10001430 f   compress.obj
 0001:00000450       _get_crc_table             10001450 f   crc32.obj
 0001:00000460       _crc32                     10001460 f   crc32.obj
 0001:00000b40       _crc32_combine             10001b40 f   crc32.obj
 0001:00000b60       _deflateInit_              10001b60 f   deflate.obj
 0001:00000b90       _deflateInit2_             10001b90 f   deflate.obj
 0001:00000dc0       _deflateSetDictionary      10001dc0 f   deflate.obj
 0001:00000f60       _deflateResetKeep          10001f60 f   deflate.obj
 0001:00001010       _deflateReset              10002010 f   deflate.obj
 0001:00001040       _deflateSetHeader          10002040 f   deflate.obj
 0001:00001070       _deflatePending            10002070 f   deflate.obj
 0001:000010b0       _deflatePrime              100020b0 f   deflate.obj
 0001:00001140       _deflateParams             10002140 f   deflate.obj
 0001:00001240       _deflateTune               10002240 f   deflate.obj
 0001:00001280       _deflateBound              10002280 f   deflate.obj
 0001:000013f0       _deflate                   100023f0 f   deflate.obj
 0001:00001c60       _deflateEnd                10002c60 f   deflate.obj
 0001:00001d30       _deflateCopy               10002d30 f   deflate.obj
 0001:00002ff0       _gzclose                   10003ff0 f   gzclose.obj
 0001:00003020       ___local_stdio_printf_options 10004020 f i gzlib.obj
 0001:00003030       __vsnprintf_l              10004030 f i gzlib.obj
 0001:00003060       __vsnprintf                10004060 f i gzlib.obj
 0001:00003090       __snprintf                 10004090 f i gzlib.obj
 0001:00003430       _gzopen                    10004430 f   gzlib.obj
 0001:00003450       _gzdopen                   10004450 f   gzlib.obj
 0001:000034a0       _gzopen_w                  100044a0 f   gzlib.obj
 0001:000034c0       _gzbuffer                  100044c0 f   gzlib.obj
 0001:00003500       _gzrewind                  10004500 f   gzlib.obj
 0001:00003560       _gzseek64                  10004560 f   gzlib.obj
 0001:000036f0       _gzseek                    100046f0 f   gzlib.obj
 0001:00003730       _gztell64                  10004730 f   gzlib.obj
 0001:00003790       _gztell                    10004790 f   gzlib.obj
 0001:000037c0       _gzoffset64                100047c0 f   gzlib.obj
 0001:00003810       _gzoffset                  10004810 f   gzlib.obj
 0001:00003840       _gzeof                     10004840 f   gzlib.obj
 0001:00003870       _gzerror                   10004870 f   gzlib.obj
 0001:000038c0       _gzclearerr                100048c0 f   gzlib.obj
 0001:00003910       _gz_error                  10004910 f   gzlib.obj
 0001:00003e80       _gzread                    10004e80 f   gzread.obj
 0001:00003fd0       _gzgetc                    10004fd0 f   gzread.obj
 0001:00004030       _gzgetc_                   10005030 f   gzread.obj
 0001:00004040       _gzungetc                  10005040 f   gzread.obj
 0001:00004110       _gzgets                    10005110 f   gzread.obj
 0001:00004220       _gzdirect                  10005220 f   gzread.obj
 0001:00004260       _gzclose_r                 10005260 f   gzread.obj
 0001:000042f0       _vsnprintf                 100052f0 f i gzwrite.obj
 0001:00004600       _gzwrite                   10005600 f   gzwrite.obj
 0001:00004720       _gzputc                    10005720 f   gzwrite.obj
 0001:000047d0       _gzputs                    100057d0 f   gzwrite.obj
 0001:00004810       _gzvprintf                 10005810 f   gzwrite.obj
 0001:000048f0       _gzprintf                  100058f0 f   gzwrite.obj
 0001:00004910       _gzflush                   10005910 f   gzwrite.obj
 0001:00004970       _gzsetparams               10005970 f   gzwrite.obj
 0001:00004a20       _gzclose_w                 10005a20 f   gzwrite.obj
 0001:00004ad0       _inflateBackInit_          10005ad0 f   infback.obj
 0001:00004bc0       _inflateBack               10005bc0 f   infback.obj
 0001:000059c0       _inflateBackEnd            100069c0 f   infback.obj
 0001:00005a00       _inflate_fast              10006a00 f   inffast.obj
 0001:00005e30       _inflateResetKeep          10006e30 f   inflate.obj
 0001:00005ed0       _inflateReset              10006ed0 f   inflate.obj
 0001:00005f10       _inflateReset2             10006f10 f   inflate.obj
 0001:00005fa0       _inflateInit2_             10006fa0 f   inflate.obj
 0001:00006060       _inflateInit_              10007060 f   inflate.obj
 0001:00006080       _inflatePrime              10007080 f   inflate.obj
 0001:00006210       _inflate                   10007210 f   inflate.obj
 0001:00007900       _inflateEnd                10008900 f   inflate.obj
 0001:00007950       _inflateGetDictionary      10008950 f   inflate.obj
 0001:000079c0       _inflateSetDictionary      100089c0 f   inflate.obj
 0001:00007a60       _inflateGetHeader          10008a60 f   inflate.obj
 0001:00007b10       _inflateSync               10008b10 f   inflate.obj
 0001:00007bf0       _inflateSyncPoint          10008bf0 f   inflate.obj
 0001:00007c20       _inflateCopy               10008c20 f   inflate.obj
 0001:00007d80       _inflateUndermine          10008d80 f   inflate.obj
 0001:00007db0       _inflateMark               10008db0 f   inflate.obj
 0001:00007e10       _inflate_table             10008e10 f   inftrees.obj
 0001:00008220       _call_zopen64              10009220 f   ioapi.obj
 0001:00008240       _call_zseek64              10009240 f   ioapi.obj
 0001:000082a0       _call_ztell64              100092a0 f   ioapi.obj
 0001:000082d0       _fill_zlib_filefunc64_32_def_from_filefunc32 100092d0 f   ioapi.obj
 0001:00008520       _fill_fopen64_filefunc     10009520 f   ioapi.obj
 0001:00008610       _win32_open64_file_func    10009610 f   iowin32.obj
 0001:00008680       _win32_open64_file_funcA   10009680 f   iowin32.obj
 0001:000086f0       _win32_open64_file_funcW   100096f0 f   iowin32.obj
 0001:00008740       _win32_open_file_func      10009740 f   iowin32.obj
 0001:000087b0       _win32_read_file_func      100097b0 f   iowin32.obj
 0001:00008800       _win32_write_file_func     10009800 f   iowin32.obj
 0001:00008870       _win32_tell_file_func      10009870 f   iowin32.obj
 0001:000088d0       _win32_tell64_file_func    100098d0 f   iowin32.obj
 0001:00008930       _win32_seek_file_func      10009930 f   iowin32.obj
 0001:000089b0       _win32_seek64_file_func    100099b0 f   iowin32.obj
 0001:00008a20       _win32_close_file_func     10009a20 f   iowin32.obj
 0001:00008a50       _win32_error_file_func     10009a50 f   iowin32.obj
 0001:00008a70       _fill_win32_filefunc       10009a70 f   iowin32.obj
 0001:00008ab0       _fill_win32_filefunc64     10009ab0 f   iowin32.obj
 0001:00008af0       _fill_win32_filefunc64A    10009af0 f   iowin32.obj
 0001:00008b30       _fill_win32_filefunc64W    10009b30 f   iowin32.obj
 0001:00008b80       __tr_init                  10009b80 f   trees.obj
 0001:00009b10       __tr_stored_block          1000ab10 f   trees.obj
 0001:00009bc0       __tr_flush_bits            1000abc0 f   trees.obj
 0001:00009bd0       __tr_align                 1000abd0 f   trees.obj
 0001:00009cc0       __tr_flush_block           1000acc0 f   trees.obj
 0001:0000a4b0       _uncompress                1000b4b0 f   uncompr.obj
 0001:0000a8a0       _unzStringFileNameCompare  1000b8a0 f   unzip.obj
 0001:0000b160       _unzOpen2                  1000c160 f   unzip.obj
 0001:0000b1a0       _unzOpen2_64               1000c1a0 f   unzip.obj
 0001:0000b200       _unzOpen                   1000c200 f   unzip.obj
 0001:0000b220       _unzOpen64                 1000c220 f   unzip.obj
 0001:0000b240       _unzClose                  1000c240 f   unzip.obj
 0001:0000b280       _unzGetGlobalInfo64        1000c280 f   unzip.obj
 0001:0000b2a0       _unzGetGlobalInfo          1000c2a0 f   unzip.obj
 0001:0000b910       _unzGetCurrentFileInfo64   1000c910 f   unzip.obj
 0001:0000b940       _unzGetCurrentFileInfo     1000c940 f   unzip.obj
 0001:0000ba00       _unzGoToFirstFile          1000ca00 f   unzip.obj
 0001:0000ba70       _unzGoToNextFile           1000ca70 f   unzip.obj
 0001:0000bb20       _unzLocateFile             1000cb20 f   unzip.obj
 0001:0000bcd0       _unzGetFilePos64           1000ccd0 f   unzip.obj
 0001:0000bd20       _unzGetFilePos             1000cd20 f   unzip.obj
 0001:0000bd50       _unzGoToFilePos64          1000cd50 f   unzip.obj
 0001:0000bdc0       _unzGoToFilePos            1000cdc0 f   unzip.obj
 0001:0000c060       _unzOpenCurrentFile3       1000d060 f   unzip.obj
 0001:0000c2d0       _unzOpenCurrentFile        1000d2d0 f   unzip.obj
 0001:0000c2f0       _unzOpenCurrentFilePassword 1000d2f0 f   unzip.obj
 0001:0000c310       _unzOpenCurrentFile2       1000d310 f   unzip.obj
 0001:0000c330       _unzGetCurrentFileZStreamPos64 1000d330 f   unzip.obj
 0001:0000c360       _unzReadCurrentFile        1000d360 f   unzip.obj
 0001:0000c610       _unztell                   1000d610 f   unzip.obj
 0001:0000c630       _unztell64                 1000d630 f   unzip.obj
 0001:0000c660       _unzeof                    1000d660 f   unzip.obj
 0001:0000c6a0       _unzGetLocalExtrafield     1000d6a0 f   unzip.obj
 0001:0000c760       _unzCloseCurrentFile       1000d760 f   unzip.obj
 0001:0000c800       _unzGetGlobalComment       1000d800 f   unzip.obj
 0001:0000d400       _LoadCentralDirectoryRecord 1000e400 f   zip.obj
 0001:0000d8b0       _zipOpen3                  1000e8b0 f   zip.obj
 0001:0000da20       _zipOpen2                  1000ea20 f   zip.obj
 0001:0000da60       _zipOpen2_64               1000ea60 f   zip.obj
 0001:0000dac0       _zipOpen                   1000eac0 f   zip.obj
 0001:0000dae0       _zipOpen64                 1000eae0 f   zip.obj
 0001:0000db00       _Write_LocalFileHeader     1000eb00 f   zip.obj
 0001:0000dd10       _zipOpenNewFileInZip4_64   1000ed10 f   zip.obj
 0001:0000e1f0       _zipOpenNewFileInZip3      1000f1f0 f   zip.obj
 0001:0000e240       _zipOpenNewFileInZip3_64   1000f240 f   zip.obj
 0001:0000e290       _zipOpenNewFileInZip2      1000f290 f   zip.obj
 0001:0000e2d0       _zipOpenNewFileInZip2_64   1000f2d0 f   zip.obj
 0001:0000e310       _zipOpenNewFileInZip64     1000f310 f   zip.obj
 0001:0000e350       _zipOpenNewFileInZip       1000f350 f   zip.obj
 0001:0000e450       _zipWriteInFileInZip       1000f450 f   zip.obj
 0001:0000e550       _zipCloseFileInZipRaw      1000f550 f   zip.obj
 0001:0000e570       _zipCloseFileInZipRaw64    1000f570 f   zip.obj
 0001:0000ea60       _zipCloseFileInZip         1000fa60 f   zip.obj
 0001:0000ea80       _Write_Zip64EndOfCentralDirectoryLocator 1000fa80 f   zip.obj
 0001:0000eb00       _Write_Zip64EndOfCentralDirectoryRecord 1000fb00 f   zip.obj
 0001:0000ec20       _Write_EndOfCentralDirectoryRecord 1000fc20 f   zip.obj
 0001:0000ed60       _Write_GlobalComment       1000fd60 f   zip.obj
 0001:0000edd0       _zipClose                  1000fdd0 f   zip.obj
 0001:0000ef60       _zlibVersion               1000ff60 f   zutil.obj
 0001:0000ef70       _zlibCompileFlags          1000ff70 f   zutil.obj
 0001:0000ef80       _zError                    1000ff80 f   zutil.obj
 0001:0000efa0       _zcalloc                   1000ffa0 f   zutil.obj
 0001:0000efc0       _zcfree                    1000ffc0 f   zutil.obj
 0001:0000efd2       _ReadFile@20               1000ffd2 f   kernel32:KERNEL32.dll
 0001:0000efd8       _WriteFile@20              1000ffd8 f   kernel32:KERNEL32.dll
 0001:0000efde       _CreateFile2@20            1000ffde f   kernel32:KERNEL32.dll
 0001:0000efe4       _MultiByteToWideChar@24    1000ffe4 f   kernel32:KERNEL32.dll
 0001:0000efea       _GetLastError@0            1000ffea f   kernel32:KERNEL32.dll
 0001:0000eff0       _CloseHandle@4             1000fff0 f   kernel32:KERNEL32.dll
 0001:0000eff6       _SetFilePointerEx@20       1000fff6 f   kernel32:KERNEL32.dll
 0001:0000f311       __CRT_INIT@12              10010311 f   MSVCRT:dll_dllmain.obj
 0001:0000f31a       __DllMainCRTStartup@12     1001031a f   MSVCRT:dll_dllmain.obj
 0001:0000f33d       ??$__crt_fast_decode_pointer@PAP6AXXZ@@YAPAP6AXXZQAP6AXXZ@Z 1001033d f i MSVCRT:utility.obj
 0001:0000f351       ??$__crt_fast_encode_pointer@PAP6AXXZ@@YAPAP6AXXZQAP6AXXZ@Z 10010351 f i MSVCRT:utility.obj
 0001:0000f36e       ?__crt_rotate_pointer_value@@YAIIH@Z 1001036e f i MSVCRT:utility.obj
 0001:0000f3f2       _NtCurrentTeb              100103f2 f i MSVCRT:utility.obj
 0001:0000f3f9       ___scrt_acquire_startup_lock 100103f9 f   MSVCRT:utility.obj
 0001:0000f42e       ___scrt_dllmain_after_initialize_c 1001042e f   MSVCRT:utility.obj
 0001:0000f446       ___scrt_dllmain_before_initialize_c 10010446 f   MSVCRT:utility.obj
 0001:0000f454       ___scrt_dllmain_crt_thread_attach 10010454 f   MSVCRT:utility.obj
 0001:0000f473       ___scrt_dllmain_crt_thread_detach 10010473 f   MSVCRT:utility.obj
 0001:0000f480       ___scrt_dllmain_exception_filter 10010480 f   MSVCRT:utility.obj
 0001:0000f4b3       ___scrt_dllmain_uninitialize_c 100104b3 f   MSVCRT:utility.obj
 0001:0000f4d6       ___scrt_dllmain_uninitialize_critical 100104d6 f   MSVCRT:utility.obj
 0001:0000f4e3       ___scrt_initialize_crt     100104e3 f   MSVCRT:utility.obj
 0001:0000f51c       ___scrt_initialize_onexit_tables 1001051c f   MSVCRT:utility.obj
 0001:0000f5b3       ___scrt_is_nonwritable_in_current_image 100105b3 f   MSVCRT:utility.obj
 0001:0000f640       ___scrt_release_startup_lock 10010640 f   MSVCRT:utility.obj
 0001:0000f65d       ___scrt_uninitialize_crt   1001065d f   MSVCRT:utility.obj
 0001:0000f685       __onexit                   10010685 f   MSVCRT:utility.obj
 0001:0000f6c0       _at_quick_exit             100106c0 f   MSVCRT:utility.obj
 0001:0000f6f1       _atexit                    100106f1 f   MSVCRT:utility.obj
 0001:0000f706       ___security_init_cookie    10010706 f   MSVCRT:gs_support.obj
 0001:0000f7a2       _DllMain@12                100107a2 f   MSVCRT:dll_dllmain_stub.obj
 0001:0000f7c4       ?__scrt_initialize_type_info@@YAXXZ 100107c4 f   MSVCRT:tncleanup.obj
 0001:0000f7d0       ?__scrt_uninitialize_type_info@@YAXXZ 100107d0 f   MSVCRT:tncleanup.obj
 0001:0000f7dc       ___local_stdio_scanf_options 100107dc f i MSVCRT:default_local_stdio_options.obj
 0001:0000f7e2       ___scrt_initialize_default_local_stdio_options 100107e2 f   MSVCRT:default_local_stdio_options.obj
 0001:0000f7ff       ___scrt_get_dyn_tls_init_callback 100107ff f   MSVCRT:dyn_tls_init.obj
 0001:0000f805       ___scrt_fastfail           10010805 f   MSVCRT:utility_desktop.obj
 0001:0000f920       ___scrt_get_show_window_mode 10010920 f   MSVCRT:utility_desktop.obj
 0001:0000f953       ___scrt_initialize_winrt   10010953 f   MSVCRT:utility_desktop.obj
 0001:0000f956       ___scrt_is_managed_app     10010956 f   MSVCRT:utility_desktop.obj
 0001:0000f99a       ___scrt_set_unhandled_exception_filter 1001099a f   MSVCRT:utility_desktop.obj
 0001:0000f9a6       ___scrt_unhandled_exception_filter@4 100109a6 f   MSVCRT:utility_desktop.obj
 0001:0000f9e7       __crt_debugger_hook        100109e7 f   MSVCRT:utility_desktop.obj
 0001:0000f9ef       __RTC_Initialize           100109ef f   MSVCRT:_initsect_.obj
 0001:0000fa1a       __RTC_Terminate            10010a1a f   MSVCRT:_initsect_.obj
 0001:0000fa45       @_guard_check_icall@4      10010a45 f i MSVCRT:checkcfg.obj
 0001:0000fa50       __SEH_prolog4              10010a50 f   MSVCRT:_sehprolg4_.obj
 0001:0000fa96       __SEH_epilog4              10010a96 f   MSVCRT:_sehprolg4_.obj
 0001:0000faab       __except_handler4          10010aab f   MSVCRT:_chandler4gs_.obj
 0001:0000face       ___isa_available_init      10010ace f   MSVCRT:_cpu_disp_.obj
 0001:0000fc6f       ___scrt_is_ucrt_dll_in_use 10010c6f f   MSVCRT:ucrt_detection.obj
 0001:0000fc7b       @_guard_check_icall_nop@4  10010c7b f i MSVCRT:guard_support.obj
 0001:0000fc7c       __guard_icall_checks_enforced 10010c7c f i MSVCRT:guard_support.obj
 0001:0000fc8e       @__security_check_cookie@4 10010c8e f   MSVCRT:_secchk_.obj
 0001:0000fc9f       ___raise_securityfailure   10010c9f f   MSVCRT:gs_report.obj
 0001:0000fcc7       ___report_gsfailure        10010cc7 f   MSVCRT:gs_report.obj
 0001:0000fdc2       ___report_rangecheckfailure 10010dc2 f   MSVCRT:gs_report.obj
 0001:0000fdce       ___report_securityfailure  10010dce f   MSVCRT:gs_report.obj
 0001:0000fe9e       ___report_securityfailureEx 10010e9e f   MSVCRT:gs_report.obj
 0001:0000ffb4       _memchr                    10010fb4 f   vcruntime:VCRUNTIME140.dll
 0001:0000ffba       ___telemetry_main_invoke_trigger 10010fba f   vcruntime:VCRUNTIME140.dll
 0001:0000ffc0       ___telemetry_main_return_trigger 10010fc0 f   vcruntime:VCRUNTIME140.dll
 0001:0000ffc6       ___std_type_info_destroy_list 10010fc6 f   vcruntime:VCRUNTIME140.dll
 0001:0000ffcc       _memset                    10010fcc f   vcruntime:VCRUNTIME140.dll
 0001:0000ffd2       __except_handler4_common   10010fd2 f   vcruntime:VCRUNTIME140.dll
 0001:0000ffd8       __lseeki64                 10010fd8 f   ucrt:api-ms-win-crt-stdio-l1-1-0.dll
 0001:0000ffde       __wopen                    10010fde f   ucrt:api-ms-win-crt-stdio-l1-1-0.dll
 0001:0000ffe4       _wcstombs                  10010fe4 f   ucrt:api-ms-win-crt-convert-l1-1-0.dll
 0001:0000ffea       ___stdio_common_vsprintf   10010fea f   ucrt:api-ms-win-crt-stdio-l1-1-0.dll
 0001:0000fff0       _free                      10010ff0 f   ucrt:api-ms-win-crt-heap-l1-1-0.dll
 0001:0000fff6       _malloc                    10010ff6 f   ucrt:api-ms-win-crt-heap-l1-1-0.dll
 0001:0000fffc       __errno                    10010ffc f   ucrt:api-ms-win-crt-runtime-l1-1-0.dll
 0001:00010002       _strerror                  10011002 f   ucrt:api-ms-win-crt-runtime-l1-1-0.dll
 0001:00010008       _ftell                     10011008 f   ucrt:api-ms-win-crt-stdio-l1-1-0.dll
 0001:0001000e       _ferror                    1001100e f   ucrt:api-ms-win-crt-stdio-l1-1-0.dll
 0001:00010014       _fopen                     10011014 f   ucrt:api-ms-win-crt-stdio-l1-1-0.dll
 0001:0001001a       _fclose                    1001101a f   ucrt:api-ms-win-crt-stdio-l1-1-0.dll
 0001:00010020       _fseek                     10011020 f   ucrt:api-ms-win-crt-stdio-l1-1-0.dll
 0001:00010026       _fwrite                    10011026 f   ucrt:api-ms-win-crt-stdio-l1-1-0.dll
 0001:0001002c       __ftelli64                 1001102c f   ucrt:api-ms-win-crt-stdio-l1-1-0.dll
 0001:00010032       _fread                     10011032 f   ucrt:api-ms-win-crt-stdio-l1-1-0.dll
 0001:00010038       __fseeki64                 10011038 f   ucrt:api-ms-win-crt-stdio-l1-1-0.dll
 0001:0001003e       _srand                     1001103e f   ucrt:api-ms-win-crt-utility-l1-1-0.dll
 0001:00010044       _rand                      10011044 f   ucrt:api-ms-win-crt-utility-l1-1-0.dll
 0001:0001004a       __time64                   1001104a f   ucrt:api-ms-win-crt-time-l1-1-0.dll
 0001:00010050       __initterm                 10011050 f   ucrt:api-ms-win-crt-runtime-l1-1-0.dll
 0001:00010056       __initterm_e               10011056 f   ucrt:api-ms-win-crt-runtime-l1-1-0.dll
 0001:0001005c       __seh_filter_dll           1001105c f   ucrt:api-ms-win-crt-runtime-l1-1-0.dll
 0001:00010062       __initialize_narrow_environment 10011062 f   ucrt:api-ms-win-crt-runtime-l1-1-0.dll
 0001:00010068       __initialize_onexit_table  10011068 f   ucrt:api-ms-win-crt-runtime-l1-1-0.dll
 0001:0001006e       __register_onexit_function 1001106e f   ucrt:api-ms-win-crt-runtime-l1-1-0.dll
 0001:00010074       __execute_onexit_table     10011074 f   ucrt:api-ms-win-crt-runtime-l1-1-0.dll
 0001:0001007a       __crt_atexit               1001107a f   ucrt:api-ms-win-crt-runtime-l1-1-0.dll
 0001:00010080       __crt_at_quick_exit        10011080 f   ucrt:api-ms-win-crt-runtime-l1-1-0.dll
 0001:00010086       __cexit                    10011086 f   ucrt:api-ms-win-crt-runtime-l1-1-0.dll
 0001:0001008c       _terminate                 1001108c f   ucrt:api-ms-win-crt-runtime-l1-1-0.dll
 0001:00010092       __open                     10011092 f   ucrt:api-ms-win-crt-stdio-l1-1-0.dll
 0001:00010098       __read                     10011098 f   ucrt:api-ms-win-crt-stdio-l1-1-0.dll
 0001:0001009e       __close                    1001109e f   ucrt:api-ms-win-crt-stdio-l1-1-0.dll
 0001:000100a4       __write                    100110a4 f   ucrt:api-ms-win-crt-stdio-l1-1-0.dll
 0001:000100aa       _QueryPerformanceCounter@4 100110aa f   kernel32:KERNEL32.dll
 0001:000100b0       _GetCurrentProcessId@0     100110b0 f   kernel32:KERNEL32.dll
 0001:000100b6       _GetCurrentThreadId@0      100110b6 f   kernel32:KERNEL32.dll
 0001:000100bc       _GetSystemTimeAsFileTime@4 100110bc f   kernel32:KERNEL32.dll
 0001:000100c2       _DisableThreadLibraryCalls@4 100110c2 f   kernel32:KERNEL32.dll
 0001:000100c8       _InitializeSListHead@4     100110c8 f   kernel32:KERNEL32.dll
 0001:000100ce       _IsDebuggerPresent@0       100110ce f   kernel32:KERNEL32.dll
 0001:000100d4       _UnhandledExceptionFilter@4 100110d4 f   kernel32:KERNEL32.dll
 0001:000100da       _SetUnhandledExceptionFilter@4 100110da f   kernel32:KERNEL32.dll
 0001:000100e0       _GetStartupInfoW@4         100110e0 f   kernel32:KERNEL32.dll
 0001:000100e6       _IsProcessorFeaturePresent@4 100110e6 f   kernel32:KERNEL32.dll
 0001:000100ec       _GetModuleHandleW@4        100110ec f   kernel32:KERNEL32.dll
 0001:000100f2       _GetCurrentProcess@0       100110f2 f   kernel32:KERNEL32.dll
 0001:000100f8       _TerminateProcess@8        100110f8 f   kernel32:KERNEL32.dll
 0001:000100fe       ___acrt_initialize         100110fe f   MSVCRT:ucrt_stubs.obj
 0001:000100fe       ___vcrt_initialize         100110fe f   MSVCRT:ucrt_stubs.obj
 0001:000100fe       ___scrt_stub_for_acrt_initialize 100110fe f   MSVCRT:ucrt_stubs.obj
 0001:00010101       ___scrt_stub_for_acrt_thread_attach 10011101 f   MSVCRT:ucrt_stubs.obj
 0001:00010101       ___vcrt_thread_attach      10011101 f   MSVCRT:ucrt_stubs.obj
 0001:00010101       ___acrt_thread_attach      10011101 f   MSVCRT:ucrt_stubs.obj
 0001:00010104       ___vcrt_thread_detach      10011104 f   MSVCRT:ucrt_stubs.obj
 0001:00010104       ___acrt_thread_detach      10011104 f   MSVCRT:ucrt_stubs.obj
 0001:00010104       ___scrt_stub_for_acrt_thread_detach 10011104 f   MSVCRT:ucrt_stubs.obj
 0001:00010107       ___acrt_uninitialize       10011107 f   MSVCRT:ucrt_stubs.obj
 0001:00010107       ___vcrt_uninitialize       10011107 f   MSVCRT:ucrt_stubs.obj
 0001:00010107       ___scrt_stub_for_acrt_uninitialize 10011107 f   MSVCRT:ucrt_stubs.obj
 0001:0001010a       ___vcrt_uninitialize_critical 1001110a f   MSVCRT:ucrt_stubs.obj
 0001:0001010a       ___scrt_stub_for_acrt_uninitialize_critical 1001110a f   MSVCRT:ucrt_stubs.obj
 0001:0001010a       ___acrt_uninitialize_critical 1001110a f   MSVCRT:ucrt_stubs.obj
 0001:0001010d       ___scrt_stub_for_is_c_termination_complete 1001110d f   MSVCRT:ucrt_stubs.obj
 0001:0001010d       __is_c_termination_complete 1001110d f   MSVCRT:ucrt_stubs.obj
 0001:00010110       __alldiv                   10011110 f   MSVCRT:lldiv.obj
 0001:000101c0       __chkstk                   100111c0 f   MSVCRT:chkstk.obj
 0001:000101c0       __alloca_probe             100111c0 f   MSVCRT:chkstk.obj
 0001:000101ee       _memcpy                    100111ee f   vcruntime:VCRUNTIME140.dll
 0002:00000000       __imp__ReadFile@20         10012000     kernel32:KERNEL32.dll
 0002:00000004       __imp__WriteFile@20        10012004     kernel32:KERNEL32.dll
 0002:00000008       __imp__CreateFile2@20      10012008     kernel32:KERNEL32.dll
 0002:0000000c       __imp__MultiByteToWideChar@24 1001200c     kernel32:KERNEL32.dll
 0002:00000010       __imp__GetLastError@0      10012010     kernel32:KERNEL32.dll
 0002:00000014       __imp__CloseHandle@4       10012014     kernel32:KERNEL32.dll
 0002:00000018       __imp__SetFilePointerEx@20 10012018     kernel32:KERNEL32.dll
 0002:0000001c       __imp__GetCurrentProcessId@0 1001201c     kernel32:KERNEL32.dll
 0002:00000020       __imp__GetCurrentThreadId@0 10012020     kernel32:KERNEL32.dll
 0002:00000024       __imp__GetSystemTimeAsFileTime@4 10012024     kernel32:KERNEL32.dll
 0002:00000028       __imp__DisableThreadLibraryCalls@4 10012028     kernel32:KERNEL32.dll
 0002:0000002c       __imp__InitializeSListHead@4 1001202c     kernel32:KERNEL32.dll
 0002:00000030       __imp__IsDebuggerPresent@0 10012030     kernel32:KERNEL32.dll
 0002:00000034       __imp__QueryPerformanceCounter@4 10012034     kernel32:KERNEL32.dll
 0002:00000038       __imp__TerminateProcess@8  10012038     kernel32:KERNEL32.dll
 0002:0000003c       __imp__GetCurrentProcess@0 1001203c     kernel32:KERNEL32.dll
 0002:00000040       __imp__GetModuleHandleW@4  10012040     kernel32:KERNEL32.dll
 0002:00000044       __imp__IsProcessorFeaturePresent@4 10012044     kernel32:KERNEL32.dll
 0002:00000048       __imp__GetStartupInfoW@4   10012048     kernel32:KERNEL32.dll
 0002:0000004c       __imp__SetUnhandledExceptionFilter@4 1001204c     kernel32:KERNEL32.dll
 0002:00000050       __imp__UnhandledExceptionFilter@4 10012050     kernel32:KERNEL32.dll
 0002:00000054       \177KERNEL32_NULL_THUNK_DATA 10012054     kernel32:KERNEL32.dll
 0002:00000058       __imp__memset              10012058     vcruntime:VCRUNTIME140.dll
 0002:0000005c       __imp____std_type_info_destroy_list 1001205c     vcruntime:VCRUNTIME140.dll
 0002:00000060       __imp____telemetry_main_return_trigger 10012060     vcruntime:VCRUNTIME140.dll
 0002:00000064       __imp____telemetry_main_invoke_trigger 10012064     vcruntime:VCRUNTIME140.dll
 0002:00000068       __imp__memchr              10012068     vcruntime:VCRUNTIME140.dll
 0002:0000006c       __imp___except_handler4_common 1001206c     vcruntime:VCRUNTIME140.dll
 0002:00000070       __imp__memcpy              10012070     vcruntime:VCRUNTIME140.dll
 0002:00000074       \177VCRUNTIME140_NULL_THUNK_DATA 10012074     vcruntime:VCRUNTIME140.dll
 0002:00000078       __imp__wcstombs            10012078     ucrt:api-ms-win-crt-convert-l1-1-0.dll
 0002:0000007c       \177api-ms-win-crt-convert-l1-1-0_NULL_THUNK_DATA 1001207c     ucrt:api-ms-win-crt-convert-l1-1-0.dll
 0002:00000080       __imp__free                10012080     ucrt:api-ms-win-crt-heap-l1-1-0.dll
 0002:00000084       __imp__malloc              10012084     ucrt:api-ms-win-crt-heap-l1-1-0.dll
 0002:00000088       \177api-ms-win-crt-heap-l1-1-0_NULL_THUNK_DATA 10012088     ucrt:api-ms-win-crt-heap-l1-1-0.dll
 0002:0000008c       __imp___initterm_e         1001208c     ucrt:api-ms-win-crt-runtime-l1-1-0.dll
 0002:00000090       __imp___seh_filter_dll     10012090     ucrt:api-ms-win-crt-runtime-l1-1-0.dll
 0002:00000094       __imp___initialize_narrow_environment 10012094     ucrt:api-ms-win-crt-runtime-l1-1-0.dll
 0002:00000098       __imp__strerror            10012098     ucrt:api-ms-win-crt-runtime-l1-1-0.dll
 0002:0000009c       __imp___register_onexit_function 1001209c     ucrt:api-ms-win-crt-runtime-l1-1-0.dll
 0002:000000a0       __imp___execute_onexit_table 100120a0     ucrt:api-ms-win-crt-runtime-l1-1-0.dll
 0002:000000a4       __imp___crt_atexit         100120a4     ucrt:api-ms-win-crt-runtime-l1-1-0.dll
 0002:000000a8       __imp___crt_at_quick_exit  100120a8     ucrt:api-ms-win-crt-runtime-l1-1-0.dll
 0002:000000ac       __imp___cexit              100120ac     ucrt:api-ms-win-crt-runtime-l1-1-0.dll
 0002:000000b0       __imp__terminate           100120b0     ucrt:api-ms-win-crt-runtime-l1-1-0.dll
 0002:000000b4       __imp___errno              100120b4     ucrt:api-ms-win-crt-runtime-l1-1-0.dll
 0002:000000b8       __imp___initterm           100120b8     ucrt:api-ms-win-crt-runtime-l1-1-0.dll
 0002:000000bc       __imp___initialize_onexit_table 100120bc     ucrt:api-ms-win-crt-runtime-l1-1-0.dll
 0002:000000c0       \177api-ms-win-crt-runtime-l1-1-0_NULL_THUNK_DATA 100120c0     ucrt:api-ms-win-crt-runtime-l1-1-0.dll
 0002:000000c4       __imp__write               100120c4     ucrt:api-ms-win-crt-stdio-l1-1-0.dll
 0002:000000c4       __imp___write              100120c4     ucrt:api-ms-win-crt-stdio-l1-1-0.dll
 0002:000000c8       __imp__close               100120c8     ucrt:api-ms-win-crt-stdio-l1-1-0.dll
 0002:000000c8       __imp___close              100120c8     ucrt:api-ms-win-crt-stdio-l1-1-0.dll
 0002:000000cc       __imp___open               100120cc     ucrt:api-ms-win-crt-stdio-l1-1-0.dll
 0002:000000cc       __imp__open                100120cc     ucrt:api-ms-win-crt-stdio-l1-1-0.dll
 0002:000000d0       __imp___ftelli64           100120d0     ucrt:api-ms-win-crt-stdio-l1-1-0.dll
 0002:000000d4       __imp____stdio_common_vsprintf 100120d4     ucrt:api-ms-win-crt-stdio-l1-1-0.dll
 0002:000000d8       __imp___wopen              100120d8     ucrt:api-ms-win-crt-stdio-l1-1-0.dll
 0002:000000dc       __imp__fwrite              100120dc     ucrt:api-ms-win-crt-stdio-l1-1-0.dll
 0002:000000e0       __imp__fseek               100120e0     ucrt:api-ms-win-crt-stdio-l1-1-0.dll
 0002:000000e4       __imp__fclose              100120e4     ucrt:api-ms-win-crt-stdio-l1-1-0.dll
 0002:000000e8       __imp__fopen               100120e8     ucrt:api-ms-win-crt-stdio-l1-1-0.dll
 0002:000000ec       __imp__ferror              100120ec     ucrt:api-ms-win-crt-stdio-l1-1-0.dll
 0002:000000f0       __imp__ftell               100120f0     ucrt:api-ms-win-crt-stdio-l1-1-0.dll
 0002:000000f4       __imp___lseeki64           100120f4     ucrt:api-ms-win-crt-stdio-l1-1-0.dll
 0002:000000f8       __imp___fseeki64           100120f8     ucrt:api-ms-win-crt-stdio-l1-1-0.dll
 0002:000000fc       __imp___read               100120fc     ucrt:api-ms-win-crt-stdio-l1-1-0.dll
 0002:000000fc       __imp__read                100120fc     ucrt:api-ms-win-crt-stdio-l1-1-0.dll
 0002:00000100       __imp__fread               10012100     ucrt:api-ms-win-crt-stdio-l1-1-0.dll
 0002:00000104       \177api-ms-win-crt-stdio-l1-1-0_NULL_THUNK_DATA 10012104     ucrt:api-ms-win-crt-stdio-l1-1-0.dll
 0002:00000108       __imp___time64             10012108     ucrt:api-ms-win-crt-time-l1-1-0.dll
 0002:0000010c       \177api-ms-win-crt-time-l1-1-0_NULL_THUNK_DATA 1001210c     ucrt:api-ms-win-crt-time-l1-1-0.dll
 0002:00000110       __imp__srand               10012110     ucrt:api-ms-win-crt-utility-l1-1-0.dll
 0002:00000114       __imp__rand                10012114     ucrt:api-ms-win-crt-utility-l1-1-0.dll
 0002:00000118       \177api-ms-win-crt-utility-l1-1-0_NULL_THUNK_DATA 10012118     ucrt:api-ms-win-crt-utility-l1-1-0.dll
 0002:0000011c       ___guard_check_icall_fptr  1001211c     MSVCRT:guard_support.obj
 0002:00000120       ___xc_a                    10012120     MSVCRT:initializers.obj
 0002:00000124       ___xc_z                    10012124     MSVCRT:initializers.obj
 0002:00000128       ___xi_a                    10012128     MSVCRT:initializers.obj
 0002:0000012c       ___xi_z                    1001212c     MSVCRT:initializers.obj
 0002:00000130       ___xp_a                    10012130     MSVCRT:initializers.obj
 0002:00000134       ___xp_z                    10012134     MSVCRT:initializers.obj
 0002:00000138       ___xt_a                    10012138     MSVCRT:initializers.obj
 0002:0000013c       ___xt_z                    1001213c     MSVCRT:initializers.obj
 0002:00000140       __pDefaultRawDllMain       10012140     MSVCRT:dll_dllmain.obj
 0002:00000140       __pRawDllMain              10012140     MSVCRT:dll_dllmain.obj
 0002:0000014c       ??_C@_05IAIEPMAK@1?42?48?$AA@ 1001214c     compress.obj
 0002:00003428       __length_code              10015428     trees.obj
 0002:00003528       __dist_code                10015528     trees.obj
 0002:00003e68       _unz_copyright             10015e68     unzip.obj
 0002:00003ebc       _z_errmsg                  10015ebc     zutil.obj
 0002:00003ee4       ??_C@_02DKCKIIND@?$CFs?$AA@ 10015ee4     gzlib.obj
 0002:00003ee8       ??_C@_07EBNKNFJN@?$DMfd?3?$CFd?$DO?$AA@ 10015ee8     gzlib.obj
 0002:00003ef0       ??_C@_0O@BNNCBLEN@out?5of?5memory?$AA@ 10015ef0     gzlib.obj
 0002:00003efe       ??_C@_00CNPNBAHC@?$AA@     10015efe     gzlib.obj
 0002:00003f00       ??_C@_02LMMGGCAJ@?3?5?$AA@ 10015f00     gzlib.obj
 0002:00003f04       ??_C@_06DIJPEION@?$CFs?$CFs?$CFs?$AA@ 10015f04     gzlib.obj
 0002:00003f0c       ??_C@_0BH@CFIIDOJD@unexpected?5end?5of?5file?$AA@ 10015f0c     gzread.obj
 0002:00003f24       ??_C@_0CH@CPOLIEKA@internal?5error?3?5inflate?5stream?5c@ 10015f24     gzread.obj
 0002:00003f4c       ??_C@_0BG@HCKBMIHF@compressed?5data?5error?$AA@ 10015f4c     gzread.obj
 0002:00003f64       ??_C@_0CF@MLPJFDMM@requested?5length?5does?5not?5fit?5in@ 10015f64     gzread.obj
 0002:00003f8c       ??_C@_0BP@IIKIGMCC@out?5of?5room?5to?5push?5characters?$AA@ 10015f8c     gzread.obj
 0002:00003fac       ??_C@_0CH@DEEGAHIB@internal?5error?3?5deflate?5stream?5c@ 10015fac     gzwrite.obj
 0002:00003fd4       ??_C@_0BD@PJCBIDD@invalid?5block?5type?$AA@ 10015fd4     infback.obj
 0002:00003fe8       ??_C@_0BN@LGAADGOK@invalid?5stored?5block?5lengths?$AA@ 10015fe8     infback.obj
 0002:00004008       ??_C@_0CE@GMIGFPBB@too?5many?5length?5or?5distance?5symb@ 10016008     infback.obj
 0002:0000402c       ??_C@_0BJ@HDEPPGOH@invalid?5code?5lengths?5set?$AA@ 1001602c     infback.obj
 0002:00004048       ??_C@_0BK@BMMPFBBH@invalid?5bit?5length?5repeat?$AA@ 10016048     infback.obj
 0002:00004064       ??_C@_0CF@DGDMADCD@invalid?5code?5?9?9?5missing?5end?9of?9b@ 10016064     infback.obj
 0002:0000408c       ??_C@_0BM@IIMGAINC@invalid?5literal?1lengths?5set?$AA@ 1001608c     infback.obj
 0002:000040a8       ??_C@_0BG@GMDFCBGP@invalid?5distances?5set?$AA@ 100160a8     infback.obj
 0002:000040c0       ??_C@_0BM@FFFLPBBC@invalid?5literal?1length?5code?$AA@ 100160c0     infback.obj
 0002:000040dc       ??_C@_0BG@LBKINIKP@invalid?5distance?5code?$AA@ 100160dc     infback.obj
 0002:000040f4       ??_C@_0BO@ECPMAOGG@invalid?5distance?5too?5far?5back?$AA@ 100160f4     infback.obj
 0002:00004114       ??_C@_0BH@LIBMMIGA@incorrect?5header?5check?$AA@ 10016114     inflate.obj
 0002:0000412c       ??_C@_0BL@IHKGDAEE@unknown?5compression?5method?$AA@ 1001612c     inflate.obj
 0002:00004148       ??_C@_0BE@EMOGCLGO@invalid?5window?5size?$AA@ 10016148     inflate.obj
 0002:0000415c       ??_C@_0BJ@BLBBCOMO@unknown?5header?5flags?5set?$AA@ 1001615c     inflate.obj
 0002:00004178       ??_C@_0BE@GONKLEPM@header?5crc?5mismatch?$AA@ 10016178     inflate.obj
 0002:0000418c       ??_C@_0BF@MEIGEHBE@incorrect?5data?5check?$AA@ 1001618c     inflate.obj
 0002:000041a4       ??_C@_0BH@FGKKJGOC@incorrect?5length?5check?$AA@ 100161a4     inflate.obj
 0002:000041bc       ??_C@_02JDPG@rb?$AA@       100161bc     ioapi.obj
 0002:000041c0       ??_C@_03HMFOOINA@r?$CLb?$AA@ 100161c0     ioapi.obj
 0002:000041c4       ??_C@_02GMLFBBN@wb?$AA@    100161c4     ioapi.obj
 0002:000041c8       ??_C@_01JOAMLHOP@?9?$AA@   100161c8     zip.obj
 0002:000041cc       ??_C@_0BA@MOKMMFOD@need?5dictionary?$AA@ 100161cc     zutil.obj
 0002:000041dc       ??_C@_0L@FNAOCBOG@stream?5end?$AA@ 100161dc     zutil.obj
 0002:000041e8       ??_C@_0L@KIJFAKBJ@file?5error?$AA@ 100161e8     zutil.obj
 0002:000041f4       ??_C@_0N@MKKNPMJD@stream?5error?$AA@ 100161f4     zutil.obj
 0002:00004204       ??_C@_0L@HAHMBNLP@data?5error?$AA@ 10016204     zutil.obj
 0002:00004210       ??_C@_0BE@OGGJBMCE@insufficient?5memory?$AA@ 10016210     zutil.obj
 0002:00004224       ??_C@_0N@DFPGLBGC@buffer?5error?$AA@ 10016224     zutil.obj
 0002:00004234       ??_C@_0BF@CJFPCCEG@incompatible?5version?$AA@ 10016234     zutil.obj
 0002:000042c0       __load_config_used         100162c0     MSVCRT:loadcfg.obj
 0002:00004320       ___safe_se_handler_table   10016320     <linker-defined>
 0002:000045e0       ___rtc_iaa                 100165e0     MSVCRT:_initsect_.obj
 0002:000045e4       ___rtc_izz                 100165e4     MSVCRT:_initsect_.obj
 0002:000045e8       ___rtc_taa                 100165e8     MSVCRT:_initsect_.obj
 0002:000045ec       ___rtc_tzz                 100165ec     MSVCRT:_initsect_.obj
 0002:000052b4       __IMPORT_DESCRIPTOR_KERNEL32 100172b4     kernel32:KERNEL32.dll
 0002:000052c8       __IMPORT_DESCRIPTOR_VCRUNTIME140 100172c8     vcruntime:VCRUNTIME140.dll
 0002:000052dc       __IMPORT_DESCRIPTOR_api-ms-win-crt-stdio-l1-1-0 100172dc     ucrt:api-ms-win-crt-stdio-l1-1-0.dll
 0002:000052f0       __IMPORT_DESCRIPTOR_api-ms-win-crt-convert-l1-1-0 100172f0     ucrt:api-ms-win-crt-convert-l1-1-0.dll
 0002:00005304       __IMPORT_DESCRIPTOR_api-ms-win-crt-heap-l1-1-0 10017304     ucrt:api-ms-win-crt-heap-l1-1-0.dll
 0002:00005318       __IMPORT_DESCRIPTOR_api-ms-win-crt-runtime-l1-1-0 10017318     ucrt:api-ms-win-crt-runtime-l1-1-0.dll
 0002:0000532c       __IMPORT_DESCRIPTOR_api-ms-win-crt-utility-l1-1-0 1001732c     ucrt:api-ms-win-crt-utility-l1-1-0.dll
 0002:00005340       __IMPORT_DESCRIPTOR_api-ms-win-crt-time-l1-1-0 10017340     ucrt:api-ms-win-crt-time-l1-1-0.dll
 0002:00005354       __NULL_IMPORT_DESCRIPTOR   10017354     kernel32:KERNEL32.dll
 0003:00000000       ___scrt_native_dllmain_reason 10018000     MSVCRT:utility.obj
 0003:00000010       ___isa_enabled             10018010     MSVCRT:_cpu_disp_.obj
 0003:00000014       ___security_cookie_complement 10018014     MSVCRT:gs_cookie.obj
 0003:00000018       ___security_cookie         10018018     MSVCRT:gs_cookie.obj
 0003:0000001c       ___scrt_ucrt_dll_is_in_use 1001801c     MSVCRT:ucrt_stubs.obj
 0003:00000064       ___scrt_current_native_startup_state 10018064     MSVCRT:utility.obj
 0003:00000068       ___scrt_native_startup_lock 10018068     MSVCRT:utility.obj
 0003:00000088       ?__type_info_root_node@@3U__type_info_node@@A 10018088     MSVCRT:tncleanup.obj
 0003:00000090       ?_OptionsStorage@?1??__local_stdio_printf_options@@9@4_KA 10018090     MSVCRT:default_local_stdio_options.obj
 0003:00000098       ?_OptionsStorage@?1??__local_stdio_scanf_options@@9@4_KA 10018098     MSVCRT:default_local_stdio_options.obj
 0003:000000a0       ___scrt_debugger_hook_flag 100180a0     MSVCRT:utility_desktop.obj
 0003:000000a4       ___isa_available           100180a4     MSVCRT:_cpu_disp_.obj
 0003:000000a8       ___favor                   100180a8     MSVCRT:_cpu_disp_.obj
 0003:000003d0       ___dyn_tls_init_callback   100183d0     <common>
 0003:000003d8       ?_OptionsStorage@?1??__local_stdio_printf_options@@9@9 100183d8     <common>
 0003:000003e0       ?_OptionsStorage@?1??__local_stdio_scanf_options@@9@9 100183e0     <common>

 entry point at        0001:0000f31a

 Static symbols

 0000:fffe5000       .debug$S                   10000000     kernel32:KERNEL32.dll
 0000:fffe5000       .debug$S                   10000000     kernel32:KERNEL32.dll
 0000:fffe5000       .debug$S                   10000000     kernel32:KERNEL32.dll
 0000:fffe5000       .debug$S                   10000000     kernel32:KERNEL32.dll
 0000:fffe5000       .debug$S                   10000000     kernel32:KERNEL32.dll
 0000:fffe5000       .debug$S                   10000000     kernel32:KERNEL32.dll
 0000:fffe5000       .debug$S                   10000000     kernel32:KERNEL32.dll
 0000:fffe5000       .debug$S                   10000000     kernel32:KERNEL32.dll
 0000:fffe5000       .debug$S                   10000000     kernel32:KERNEL32.dll
 0000:fffe5000       .debug$S                   10000000     kernel32:KERNEL32.dll
 0000:fffe5000       .debug$S                   10000000     kernel32:KERNEL32.dll
 0000:fffe5000       .debug$S                   10000000     kernel32:KERNEL32.dll
 0000:fffe5000       .debug$S                   10000000     kernel32:KERNEL32.dll
 0000:fffe5000       .debug$S                   10000000     kernel32:KERNEL32.dll
 0000:fffe5000       .debug$S                   10000000     kernel32:KERNEL32.dll
 0000:fffe5000       .debug$S                   10000000     kernel32:KERNEL32.dll
 0000:fffe5000       .debug$S                   10000000     kernel32:KERNEL32.dll
 0000:fffe5000       .debug$S                   10000000     kernel32:KERNEL32.dll
 0000:fffe5000       .debug$S                   10000000     ucrt:api-ms-win-crt-convert-l1-1-0.dll
 0000:fffe5000       .debug$S                   10000000     ucrt:api-ms-win-crt-heap-l1-1-0.dll
 0000:fffe5000       .debug$S                   10000000     kernel32:KERNEL32.dll
 0000:fffe5000       .debug$S                   10000000     kernel32:KERNEL32.dll
 0000:fffe5000       .debug$S                   10000000     ucrt:api-ms-win-crt-heap-l1-1-0.dll
 0000:fffe5000       .debug$S                   10000000     kernel32:KERNEL32.dll
 0000:fffe5000       .debug$S                   10000000     ucrt:api-ms-win-crt-runtime-l1-1-0.dll
 0000:fffe5000       .debug$S                   10000000     ucrt:api-ms-win-crt-runtime-l1-1-0.dll
 0000:fffe5000       .debug$S                   10000000     ucrt:api-ms-win-crt-runtime-l1-1-0.dll
 0000:fffe5000       .debug$S                   10000000     ucrt:api-ms-win-crt-runtime-l1-1-0.dll
 0000:fffe5000       .debug$S                   10000000     ucrt:api-ms-win-crt-runtime-l1-1-0.dll
 0000:fffe5000       .debug$S                   10000000     ucrt:api-ms-win-crt-runtime-l1-1-0.dll
 0000:fffe5000       .debug$S                   10000000     ucrt:api-ms-win-crt-runtime-l1-1-0.dll
 0000:fffe5000       .debug$S                   10000000     ucrt:api-ms-win-crt-runtime-l1-1-0.dll
 0000:fffe5000       .debug$S                   10000000     ucrt:api-ms-win-crt-runtime-l1-1-0.dll
 0000:fffe5000       .debug$S                   10000000     ucrt:api-ms-win-crt-runtime-l1-1-0.dll
 0000:fffe5000       .debug$S                   10000000     ucrt:api-ms-win-crt-runtime-l1-1-0.dll
 0000:fffe5000       .debug$S                   10000000     ucrt:api-ms-win-crt-stdio-l1-1-0.dll
 0000:fffe5000       .debug$S                   10000000     ucrt:api-ms-win-crt-stdio-l1-1-0.dll
 0000:fffe5000       .debug$S                   10000000     ucrt:api-ms-win-crt-stdio-l1-1-0.dll
 0000:fffe5000       .debug$S                   10000000     ucrt:api-ms-win-crt-stdio-l1-1-0.dll
 0000:fffe5000       .debug$S                   10000000     ucrt:api-ms-win-crt-stdio-l1-1-0.dll
 0000:fffe5000       .debug$S                   10000000     ucrt:api-ms-win-crt-stdio-l1-1-0.dll
 0000:fffe5000       .debug$S                   10000000     ucrt:api-ms-win-crt-stdio-l1-1-0.dll
 0000:fffe5000       .debug$S                   10000000     ucrt:api-ms-win-crt-stdio-l1-1-0.dll
 0000:fffe5000       .debug$S                   10000000     ucrt:api-ms-win-crt-stdio-l1-1-0.dll
 0000:fffe5000       .debug$S                   10000000     ucrt:api-ms-win-crt-stdio-l1-1-0.dll
 0000:fffe5000       .debug$S                   10000000     ucrt:api-ms-win-crt-stdio-l1-1-0.dll
 0000:fffe5000       .debug$S                   10000000     ucrt:api-ms-win-crt-stdio-l1-1-0.dll
 0000:fffe5000       .debug$S                   10000000     ucrt:api-ms-win-crt-stdio-l1-1-0.dll
 0000:fffe5000       .debug$S                   10000000     ucrt:api-ms-win-crt-stdio-l1-1-0.dll
 0000:fffe5000       .debug$S                   10000000     ucrt:api-ms-win-crt-stdio-l1-1-0.dll
 0000:fffe5000       .debug$S                   10000000     ucrt:api-ms-win-crt-stdio-l1-1-0.dll
 0000:fffe5000       .debug$S                   10000000     ucrt:api-ms-win-crt-time-l1-1-0.dll
 0000:fffe5000       .debug$S                   10000000     ucrt:api-ms-win-crt-utility-l1-1-0.dll
 0000:fffe5000       .debug$S                   10000000     ucrt:api-ms-win-crt-utility-l1-1-0.dll
 0000:fffe5000       .debug$S                   10000000     vcruntime:VCRUNTIME140.dll
 0000:fffe5000       .debug$S                   10000000     vcruntime:VCRUNTIME140.dll
 0000:fffe5000       .debug$S                   10000000     vcruntime:VCRUNTIME140.dll
 0000:fffe5000       .debug$S                   10000000     vcruntime:VCRUNTIME140.dll
 0000:fffe5000       .debug$S                   10000000     vcruntime:VCRUNTIME140.dll
 0000:fffe5000       .debug$S                   10000000     vcruntime:VCRUNTIME140.dll
 0000:fffe5000       .debug$S                   10000000     vcruntime:VCRUNTIME140.dll
 0002:fffee000       __guard_fids____scrt_set_unhandled_exception_filter 10000000     MSVCRT:utility_desktop.obj
 0002:fffee000       __guard_fids_?dllmain_dispatch@@YAHQAUHINSTANCE__@@KQAX@Z 10000000     MSVCRT:dll_dllmain.obj
 0002:fffee000       __guard_fids_?dllmain_crt_process_attach@@YAHQAUHINSTANCE__@@QAX@Z 10000000     MSVCRT:dll_dllmain.obj
 0002:fffee000       __guard_fids___guard_icall_checks_enforced 10000000     MSVCRT:guard_support.obj
 0002:fffee000       __guard_fids__             10000000     MSVCRT:guard_support.obj
 0002:fffee000       __guard_fids___except_handler4 10000000     MSVCRT:_chandler4gs_.obj
 0000:fffe5000       .debug$S                   10000000     zlib1.exp
 0000:fffe5000       .debug$S                   10000000     ucrt:api-ms-win-crt-runtime-l1-1-0.dll
 0000:fffe5000       .debug$S                   10000000     ucrt:api-ms-win-crt-runtime-l1-1-0.dll
 0001:00000280       _adler32_combine_          10001280 f   adler32.obj
 0001:00000480       _crc32_little              10001480 f   crc32.obj
 0001:00000710       _crc32_big                 10001710 f   crc32.obj
 0001:000009f0       _gf2_matrix_times          100019f0 f   crc32.obj
 0001:00000a10       _gf2_matrix_square         10001a10 f   crc32.obj
 0001:00000a50       _crc32_combine_            10001a50 f   crc32.obj
 0001:00001370       _putShortMSB               10002370 f   deflate.obj
 0001:000013a0       _flush_pending             100023a0 f   deflate.obj
 0001:00001ed0       _read_buf                  10002ed0 f   deflate.obj
 0001:00001f50       _lm_init                   10002f50 f   deflate.obj
 0001:00002000       _longest_match             10003000 f   deflate.obj
 0001:00002180       _fill_window               10003180 f   deflate.obj
 0001:00002360       _deflate_stored            10003360 f   deflate.obj
 0001:000024e0       _deflate_fast              100034e0 f   deflate.obj
 0001:000027f0       _deflate_slow              100037f0 f   deflate.obj
 0001:00002bf0       _deflate_rle               10003bf0 f   deflate.obj
 0001:00002e90       _deflate_huff              10003e90 f   deflate.obj
 0001:000030d0       _gz_reset                  100040d0 f   gzlib.obj
 0001:00003130       _gz_open                   10004130 f   gzlib.obj
 0001:000033ac       $LN57                      100043ac     gzlib.obj
 0001:000033d8       $LN49                      100043d8     gzlib.obj
 0001:000039f0       _gz_load                   100049f0 f   gzread.obj
 0001:00003a70       _gz_avail                  10004a70 f   gzread.obj
 0001:00003af0       _gz_look                   10004af0 f   gzread.obj
 0001:00003c80       _gz_decomp                 10004c80 f   gzread.obj
 0001:00003d90       _gz_fetch                  10004d90 f   gzread.obj
 0001:00003e10       _gz_skip                   10004e10 f   gzread.obj
 0001:00004320       _gz_init                   10005320 f   gzwrite.obj
 0001:00004410       _gz_comp                   10005410 f   gzwrite.obj
 0001:00004550       _gz_zero                   10005550 f   gzwrite.obj
 0001:00004ba0       _fixedtables               10005ba0 f   infback.obj
 0001:00005978       $LN507                     10006978     infback.obj
 0001:00005994       $LN473                     10006994     infback.obj
 0001:000059a8       $LN508                     100069a8     infback.obj
 0001:000060f0       _fixedtables               100070f0 f   inflate.obj
 0001:00006110       _updatewindow              10007110 f   inflate.obj
 0001:00007868       $LN937                     10008868     inflate.obj
 0001:000078e4       $LN938                     100088e4     inflate.obj
 0001:00007a90       _syncsearch                10008a90 f   inflate.obj
 0001:00008320       _fopen_file_func           10009320 f   ioapi.obj
 0001:00008370       _fopen64_file_func         10009370 f   ioapi.obj
 0001:000083c0       _fread_file_func           100093c0 f   ioapi.obj
 0001:000083e0       _fwrite_file_func          100093e0 f   ioapi.obj
 0001:00008400       _ftell_file_func           10009400 f   ioapi.obj
 0001:00008420       _ftell64_file_func         10009420 f   ioapi.obj
 0001:00008440       _fseek_file_func           10009440 f   ioapi.obj
 0001:00008490       _fseek64_file_func         10009490 f   ioapi.obj
 0001:000084e0       _fclose_file_func          100094e0 f   ioapi.obj
 0001:00008500       _ferror_file_func          10009500 f   ioapi.obj
 0001:00008560       _win32_translate_open_mode 10009560 f   iowin32.obj
 0001:000085d0       _win32_build_iowin         100095d0 f   iowin32.obj
 0001:00008850       _MySetFilePointerEx        10009850 f   iowin32.obj
 0001:00008b70       _tr_static_init            10009b70 f   trees.obj
 0001:00008be0       _init_block                10009be0 f   trees.obj
 0001:00008c70       _pqdownheap                10009c70 f   trees.obj
 0001:00008d50       _gen_bitlen                10009d50 f   trees.obj
 0001:00008f60       _gen_codes                 10009f60 f   trees.obj
 0001:00008fd0       _build_tree                10009fd0 f   trees.obj
 0001:000091e0       _scan_tree                 1000a1e0 f   trees.obj
 0001:000092d0       _send_tree                 1000a2d0 f   trees.obj
 0001:000097f0       _build_bl_tree             1000a7f0 f   trees.obj
 0001:000098d0       _send_all_trees            1000a8d0 f   trees.obj
 0001:00009ec0       _compress_block            1000aec0 f   trees.obj
 0001:0000a2c0       _detect_data_type          1000b2c0 f   trees.obj
 0001:0000a330       _bi_reverse                1000b330 f   trees.obj
 0001:0000a350       _bi_flush                  1000b350 f   trees.obj
 0001:0000a3d0       _bi_windup                 1000b3d0 f   trees.obj
 0001:0000a430       _copy_block                1000b430 f   trees.obj
 0001:0000a570       _unz64local_getByte        1000b570 f   unzip.obj
 0001:0000a5c0       _unz64local_getShort       1000b5c0 f   unzip.obj
 0001:0000a630       _unz64local_getLong        1000b630 f   unzip.obj
 0001:0000a6e0       _unz64local_getLong64      1000b6e0 f   unzip.obj
 0001:0000a850       _strcmpcasenosensitive_internal 1000b850 f   unzip.obj
 0001:0000a8f0       _unz64local_SearchCentralDir 1000b8f0 f   unzip.obj
 0001:0000aaa0       _unz64local_SearchCentralDir64 1000baa0 f   unzip.obj
 0001:0000ad30       _unzOpenInternal           1000bd30 f   unzip.obj
 0001:0000b2d0       _unz64local_DosDateToTmuDate 1000c2d0 f   unzip.obj
 0001:0000b350       _unz64local_GetCurrentFileInfoInternal 1000c350 f   unzip.obj
 0001:0000be10       _unz64local_CheckCurrentFileCoherencyHeader 1000ce10 f   unzip.obj
 0001:0000c890       _time                      1000d890 f   zip.obj
 0001:0000c8a0       _decrypt_byte              1000d8a0 f   zip.obj
 0001:0000c8c0       _update_keys               1000d8c0 f   zip.obj
 0001:0000c910       _init_keys                 1000d910 f   zip.obj
 0001:0000c960       _crypthead                 1000d960 f   zip.obj
 0001:0000ca90       _allocate_new_datablock    1000da90 f   zip.obj
 0001:0000cac0       _free_datablock            1000dac0 f   zip.obj
 0001:0000caf0       _init_linkedlist           1000daf0 f   zip.obj
 0001:0000cb00       _free_linkedlist           1000db00 f   zip.obj
 0001:0000cb20       _add_data_in_datablock     1000db20 f   zip.obj
 0001:0000cbd0       _zip64local_putValue       1000dbd0 f   zip.obj
 0001:0000cc50       _zip64local_putValue_inmemory 1000dc50 f   zip.obj
 0001:0000cc90       _zip64local_TmzDateToDosDate 1000dc90 f   zip.obj
 0001:0000cce0       _zip64local_getByte        1000dce0 f   zip.obj
 0001:0000cd30       _zip64local_getShort       1000dd30 f   zip.obj
 0001:0000cda0       _zip64local_getLong        1000dda0 f   zip.obj
 0001:0000ce50       _zip64local_getLong64      1000de50 f   zip.obj
 0001:0000cfc0       _zip64local_SearchCentralDir 1000dfc0 f   zip.obj
 0001:0000d170       _zip64local_SearchCentralDir64 1000e170 f   zip.obj
 0001:0000e390       _zip64FlushWriteBuffer     1000f390 f   zip.obj
 0001:0000effc       ?dllmain_crt_dispatch@@YGHQAUHINSTANCE__@@KQAX@Z 1000fffc f   MSVCRT:dll_dllmain.obj
 0001:0000f04f       ?dllmain_crt_process_attach@@YAHQAUHINSTANCE__@@QAX@Z 1001004f f   MSVCRT:dll_dllmain.obj
 0001:0000f161       ?dllmain_crt_process_detach@@YAH_N@Z 10010161 f   MSVCRT:dll_dllmain.obj
 0001:0000f1de       ?dllmain_dispatch@@YAHQAUHINSTANCE__@@KQAX@Z 100101de f   MSVCRT:dll_dllmain.obj
 0001:0000f2e7       ?dllmain_raw@@YGHQAUHINSTANCE__@@KQAX@Z 100102e7 f   MSVCRT:dll_dllmain.obj
 0001:0000f37b       ?find_pe_section@@YAPAU_IMAGE_SECTION_HEADER@@QAEI@Z 1001037b f   MSVCRT:utility.obj
 0001:0000f3bf       ?is_potentially_valid_image_base@@YA_NQAX@Z 100103bf f   MSVCRT:utility.obj
 0001:0000fa50       $$000000                   10010a50     MSVCRT:_sehprolg4_.obj
 0001:00010110       $$000000                   10011110     MSVCRT:lldiv.obj
 0001:000101c0       $$000000                   100111c0     MSVCRT:chkstk.obj
 0002:00000144       _GS_ExceptionPointers      10012144     MSVCRT:gs_report.obj
 0002:00000158       _crc_table                 10012158     crc32.obj
 0002:00002158       ?my_version@?1??deflateInit2_@@9@9 10014158     deflate.obj
 0002:00002160       _configuration_table       10014160     deflate.obj
 0002:000021d8       ?lenfix@?1??fixedtables@@9@9 100141d8     infback.obj
 0002:000029d8       ?distfix@?1??fixedtables@@9@9 100149d8     infback.obj
 0002:00002a58       ?order@?1??inflateBack@@9@9 10014a58     infback.obj
 0002:00002a80       ?lenfix@?1??fixedtables@@9@9 10014a80     inflate.obj
 0002:00003280       ?distfix@?1??fixedtables@@9@9 10015280     inflate.obj
 0002:00003300       ?order@?1??inflate@@9@9    10015300     inflate.obj
 0002:00003328       ?dext@?1??inflate_table@@9@9 10015328     inftrees.obj
 0002:00003368       ?lext@?1??inflate_table@@9@9 10015368     inftrees.obj
 0002:000033a8       ?lbase@?1??inflate_table@@9@9 100153a8     inftrees.obj
 0002:000033e8       ?dbase@?1??inflate_table@@9@9 100153e8     inftrees.obj
 0002:00003728       _static_dtree              10015728     trees.obj
 0002:000037a0       _extra_blbits              100157a0     trees.obj
 0002:000037f0       _extra_lbits               100157f0     trees.obj
 0002:00003868       _base_dist                 10015868     trees.obj
 0002:000038e0       _base_length               100158e0     trees.obj
 0002:00003958       _extra_dbits               10015958     trees.obj
 0002:000039d0       _static_ltree              100159d0     trees.obj
 0002:00003e50       _bl_order                  10015e50     trees.obj
 0002:000045f0       __sehtable$?dllmain_crt_process_attach@@YAHQAUHINSTANCE__@@QAX@Z 100165f0     MSVCRT:dll_dllmain.obj
 0002:00004610       __sehtable$?dllmain_crt_process_detach@@YAH_N@Z 10016610     MSVCRT:dll_dllmain.obj
 0002:00004630       __sehtable$?dllmain_dispatch@@YAHQAUHINSTANCE__@@KQAX@Z 10016630     MSVCRT:dll_dllmain.obj
 0002:00004650       __sehtable$___scrt_is_nonwritable_in_current_image 10016650     MSVCRT:utility.obj
 0002:00004670       .edata                     10016670     zlib1.exp
 0002:00004698       rgpv                       10016698     zlib1.exp
 0002:00004934       rgszName                   10016934     zlib1.exp
 0002:00004b18       rgwOrd                     10016b18     zlib1.exp
 0002:00004c0a       szName                     10016c0a     zlib1.exp
 0002:00004c14       $N00001                    10016c14     zlib1.exp
 0002:00004c1c       $N00140                    10016c1c     zlib1.exp
 0002:00004c2c       $N00002                    10016c2c     zlib1.exp
 0002:00004c35       $N00039                    10016c35     zlib1.exp
 0002:00004c3f       $N00046                    10016c3f     zlib1.exp
 0002:00004c4d       $N00003                    10016c4d     zlib1.exp
 0002:00004c53       $N00142                    10016c53     zlib1.exp
 0002:00004c61       $N00004                    10016c61     zlib1.exp
 0002:00004c69       $N00047                    10016c69     zlib1.exp
 0002:00004c76       $N00005                    10016c76     zlib1.exp
 0002:00004c82       $N00006                    10016c82     zlib1.exp
 0002:00004c8d       $N00007                    10016c8d     zlib1.exp
 0002:00004c9b       $N00008                    10016c9b     zlib1.exp
 0002:00004ca8       $N00009                    10016ca8     zlib1.exp
 0002:00004cb6       $N00052                    10016cb6     zlib1.exp
 0002:00004cc5       $N00051                    10016cc5     zlib1.exp
 0002:00004cd2       $N00010                    10016cd2     zlib1.exp
 0002:00004cdf       $N00164                    10016cdf     zlib1.exp
 0002:00004cf0       $N00011                    10016cf0     zlib1.exp
 0002:00004d05       $N00144                    10016d05     zlib1.exp
 0002:00004d16       $N00145                    10016d16     zlib1.exp
 0002:00004d22       $N00110                    10016d22     zlib1.exp
 0002:00004d36       $N00111                    10016d36     zlib1.exp
 0002:00004d4c       $N00112                    10016d4c     zlib1.exp
 0002:00004d63       $N00113                    10016d63     zlib1.exp
 0002:00004d7a       $N00038                    10016d7a     zlib1.exp
 0002:00004d88       $N00146                    10016d88     zlib1.exp
 0002:00004d91       $N00048                    10016d91     zlib1.exp
 0002:00004d9c       $N00012                    10016d9c     zlib1.exp
 0002:00004da4       $N00147                    10016da4     zlib1.exp
 0002:00004dae       $N00148                    10016dae     zlib1.exp
 0002:00004db8       $N00149                    10016db8     zlib1.exp
 0002:00004dc1       $N00013                    10016dc1     zlib1.exp
 0002:00004dc9       $N00034                    10016dc9     zlib1.exp
 0002:00004dcf       $N00014                    10016dcf     zlib1.exp
 0002:00004dd7       $N00015                    10016dd7     zlib1.exp
 0002:00004ddf       $N00030                    10016ddf     zlib1.exp
 0002:00004de6       $N00161                    10016de6     zlib1.exp
 0002:00004dee       $N00041                    10016dee     zlib1.exp
 0002:00004df5       $N00150                    10016df5     zlib1.exp
 0002:00004dfe       $N00016                    10016dfe     zlib1.exp
 0002:00004e05       $N00165                    10016e05     zlib1.exp
 0002:00004e0e       $N00028                    10016e0e     zlib1.exp
 0002:00004e17       $N00029                    10016e17     zlib1.exp
 0002:00004e1e       $N00040                    10016e1e     zlib1.exp
 0002:00004e25       $N00017                    10016e25     zlib1.exp
 0002:00004e2c       $N00032                    10016e2c     zlib1.exp
 0002:00004e35       $N00031                    10016e35     zlib1.exp
 0002:00004e3c       $N00035                    10016e3c     zlib1.exp
 0002:00004e48       $N00033                    10016e48     zlib1.exp
 0002:00004e4f       $N00049                    10016e4f     zlib1.exp
 0002:00004e58       $N00167                    10016e58     zlib1.exp
 0002:00004e62       $N00018                    10016e62     zlib1.exp
 0002:00004e6a       $N00019                    10016e6a     zlib1.exp
 0002:00004e72       $N00044                    10016e72     zlib1.exp
 0002:00004e7e       $N00045                    10016e7e     zlib1.exp
 0002:00004e8d       $N00043                    10016e8d     zlib1.exp
 0002:00004e9e       $N00042                    10016e9e     zlib1.exp
 0002:00004eaa       $N00020                    10016eaa     zlib1.exp
 0002:00004eb5       $N00166                    10016eb5     zlib1.exp
 0002:00004eca       $N00156                    10016eca     zlib1.exp
 0002:00004edb       $N00021                    10016edb     zlib1.exp
 0002:00004ee9       $N00022                    10016ee9     zlib1.exp
 0002:00004ef6       $N00157                    10016ef6     zlib1.exp
 0002:00004f02       $N00158                    10016f02     zlib1.exp
 0002:00004f0f       $N00023                    10016f0f     zlib1.exp
 0002:00004f1c       $N00159                    10016f1c     zlib1.exp
 0002:00004f2a       $N00163                    10016f2a     zlib1.exp
 0002:00004f3b       $N00024                    10016f3b     zlib1.exp
 0002:00004f50       $N00025                    10016f50     zlib1.exp
 0002:00004f5c       $N00037                    10016f5c     zlib1.exp
 0002:00004f6d       $N00160                    10016f6d     zlib1.exp
 0002:00004f7e       $N00026                    10016f7e     zlib1.exp
 0002:00004f89       $N00062                    10016f89     zlib1.exp
 0002:00004f92       $N00072                    10016f92     zlib1.exp
 0002:00004fa6       $N00064                    10016fa6     zlib1.exp
 0002:00004fbc       $N00124                    10016fbc     zlib1.exp
 0002:00004fd4       $N00125                    10016fd4     zlib1.exp
 0002:00004ff2       $N00100                    10016ff2     zlib1.exp
 0002:00005000       $N00127                    10017000     zlib1.exp
 0002:00005010       $N00073                    10017010     zlib1.exp
 0002:00005024       $N00063                    10017024     zlib1.exp
 0002:00005035       $N00122                    10017035     zlib1.exp
 0002:00005048       $N00076                    10017048     zlib1.exp
 0002:0000505e       $N00101                    1001705e     zlib1.exp
 0002:0000506d       $N00128                    1001706d     zlib1.exp
 0002:0000507e       $N00065                    1001707e     zlib1.exp
 0002:0000508f       $N00066                    1001708f     zlib1.exp
 0002:0000509f       $N00075                    1001709f     zlib1.exp
 0002:000050ad       $N00061                    100170ad     zlib1.exp
 0002:000050b5       $N00077                    100170b5     zlib1.exp
 0002:000050be       $N00121                    100170be     zlib1.exp
 0002:000050ca       $N00120                    100170ca     zlib1.exp
 0002:000050d4       $N00067                    100170d4     zlib1.exp
 0002:000050e7       $N00078                    100170e7     zlib1.exp
 0002:000050fb       $N00069                    100170fb     zlib1.exp
 0002:0000510f       $N00079                    1001710f     zlib1.exp
 0002:0000512a       $N00068                    1001712a     zlib1.exp
 0002:0000513d       $N00074                    1001713d     zlib1.exp
 0002:00005156       $N00071                    10017156     zlib1.exp
 0002:0000515d       $N00070                    1001715d     zlib1.exp
 0002:00005165       $N00126                    10017165     zlib1.exp
 0002:0000516f       $N00036                    1001716f     zlib1.exp
 0002:00005176       $N00084                    10017176     zlib1.exp
 0002:0000517f       $N00083                    1001717f     zlib1.exp
 0002:00005191       $N00087                    10017191     zlib1.exp
 0002:000051a6       $N00136                    100171a6     zlib1.exp
 0002:000051bd       $N00080                    100171bd     zlib1.exp
 0002:000051c5       $N00088                    100171c5     zlib1.exp
 0002:000051ce       $N00131                    100171ce     zlib1.exp
 0002:000051da       $N00130                    100171da     zlib1.exp
 0002:000051e4       $N00081                    100171e4     zlib1.exp
 0002:000051f8       $N00086                    100171f8     zlib1.exp
 0002:0000520d       $N00133                    1001720d     zlib1.exp
 0002:00005225       $N00089                    10017225     zlib1.exp
 0002:0000523a       $N00134                    1001723a     zlib1.exp
 0002:00005252       $N00135                    10017252     zlib1.exp
 0002:0000526a       $N00132                    1001726a     zlib1.exp
 0002:00005280       $N00082                    10017280     zlib1.exp
 0002:00005294       $N00050                    10017294     zlib1.exp
 0002:000052a5       $N00027                    100172a5     zlib1.exp
 0002:000054f2       .idata$6                   100174f2     kernel32:KERNEL32.dll
 0002:00005592       .idata$6                   10017592     vcruntime:VCRUNTIME140.dll
 0002:00005774       .idata$6                   10017774     ucrt:api-ms-win-crt-stdio-l1-1-0.dll
 0002:00005794       .idata$6                   10017794     ucrt:api-ms-win-crt-convert-l1-1-0.dll
 0002:000057b6       .idata$6                   100177b6     ucrt:api-ms-win-crt-heap-l1-1-0.dll
 0002:000057d6       .idata$6                   100177d6     ucrt:api-ms-win-crt-runtime-l1-1-0.dll
 0002:000057f8       .idata$6                   100177f8     ucrt:api-ms-win-crt-utility-l1-1-0.dll
 0002:0000581a       .idata$6                   1001781a     ucrt:api-ms-win-crt-time-l1-1-0.dll
 0003:00000020       _static_l_desc             10018020     trees.obj
 0003:00000034       _static_bl_desc            10018034     trees.obj
 0003:00000048       _static_d_desc             10018048     trees.obj
 0003:00000060       ?__proc_attached@@3HA      10018060     MSVCRT:dll_dllmain.obj
 0003:0000006c       ?module_local_atexit_table@@3U_onexit_table_t@@A 1001806c     MSVCRT:utility.obj
 0003:00000078       ?module_local_at_quick_exit_table@@3U_onexit_table_t@@A 10018078     MSVCRT:utility.obj
 0003:00000084       ?is_initialized_as_dll@@3_NA 10018084     MSVCRT:utility.obj
 0003:000000b0       _GS_ExceptionRecord        100180b0     MSVCRT:gs_report.obj
 0003:00000100       _GS_ContextRecord          10018100     MSVCRT:gs_report.obj
 0003:000003cc       ?calls@?1??crypthead@@9@9  100183cc     zip.obj
 0004:00000060       $R000000                   10019060     zlib.res
